Component: Arm Compiler for Embedded 6.21 Tool: armlink [5ec1fa00]

==============================================================================

Section Cross References

    pit.o(.ARM.exidx.text.pit_init) refers to pit.o(.text.pit_init) for [Anonymous Symbol]
    pit.o(.text.PIT_IRQHandler) refers to pit.o(.bss..L_MergedGlobals) for [Anonymous Symbol]
    pit.o(.ARM.exidx.text.PIT_IRQHandler) refers to pit.o(.text.PIT_IRQHandler) for [Anonymous Symbol]
    queue.o(.text.q_init) refers to memseta.o(.text) for __aeabi_memclr
    queue.o(.ARM.exidx.text.q_init) refers to queue.o(.text.q_init) for [Anonymous Symbol]
    queue.o(.ARM.exidx.text.q_empty) refers to queue.o(.text.q_empty) for [Anonymous Symbol]
    queue.o(.ARM.exidx.text.q_full) refers to queue.o(.text.q_full) for [Anonymous Symbol]
    queue.o(.ARM.exidx.text.q_size) refers to queue.o(.text.q_size) for [Anonymous Symbol]
    queue.o(.ARM.exidx.text.q_enqueue) refers to queue.o(.text.q_enqueue) for [Anonymous Symbol]
    queue.o(.ARM.exidx.text.q_dequeue) refers to queue.o(.text.q_dequeue) for [Anonymous Symbol]
    main.o(.text.main) refers to delay.o(.text.delay_us) for delay_us
    main.o(.text.main) refers to uart0.o(.text.uart0_init) for uart0_init
    main.o(.text.main) refers to uart0.o(.text.uart0_send_string) for uart0_send_string
    main.o(.text.main) refers to rg.o(.text.rg_init) for rg_init
    main.o(.text.main) refers to pit.o(.text.pit_init) for pit_init
    main.o(.text.main) refers to tpm1.o(.text.tpm1_init) for tpm1_init
    main.o(.text.main) refers to eeprom.o(.text.EEPROM_init) for EEPROM_init
    main.o(.text.main) refers to bme280.o(.text.bme280_init) for bme280_init
    main.o(.text.main) refers to configscreen.o(.text.displayStart) for displayStart
    main.o(.text.main) refers to gps.o(.text.gps_init) for gps_init
    main.o(.text.main) refers to logging.o(.text.PerodicLogging) for PerodicLogging
    main.o(.text.main) refers to rg.o(.text.rg_onoff) for rg_onoff
    main.o(.text.main) refers to pit.o(.bss..L_MergedGlobals) for toggleLED
    main.o(.ARM.exidx.text.main) refers to main.o(.text.main) for [Anonymous Symbol]
    tpm1.o(.ARM.exidx.text.tpm1_init) refers to tpm1.o(.text.tpm1_init) for [Anonymous Symbol]
    uart0.o(.text.uart0_init) refers to queue.o(.text.q_init) for q_init
    uart0.o(.text.uart0_init) refers to uart0.o(.bss.TxQ) for [Anonymous Symbol]
    uart0.o(.text.uart0_init) refers to uart0.o(.bss.RxQ) for [Anonymous Symbol]
    uart0.o(.ARM.exidx.text.uart0_init) refers to uart0.o(.text.uart0_init) for [Anonymous Symbol]
    uart0.o(.text.UART0_IRQHandler) refers to queue.o(.text.q_dequeue) for q_dequeue
    uart0.o(.text.UART0_IRQHandler) refers to queue.o(.text.q_enqueue) for q_enqueue
    uart0.o(.text.UART0_IRQHandler) refers to uart0.o(.bss.TxQ) for [Anonymous Symbol]
    uart0.o(.text.UART0_IRQHandler) refers to uart0.o(.bss.RxQ) for [Anonymous Symbol]
    uart0.o(.ARM.exidx.text.UART0_IRQHandler) refers to uart0.o(.text.UART0_IRQHandler) for [Anonymous Symbol]
    uart0.o(.text.uart0_send_string) refers to queue.o(.text.q_enqueue) for q_enqueue
    uart0.o(.text.uart0_send_string) refers to uart0.o(.bss.TxQ) for [Anonymous Symbol]
    uart0.o(.ARM.exidx.text.uart0_send_string) refers to uart0.o(.text.uart0_send_string) for [Anonymous Symbol]
    uart0.o(.text.uart0_num_rx_chars_available) refers to queue.o(.text.q_size) for q_size
    uart0.o(.text.uart0_num_rx_chars_available) refers to uart0.o(.bss.RxQ) for [Anonymous Symbol]
    uart0.o(.ARM.exidx.text.uart0_num_rx_chars_available) refers to uart0.o(.text.uart0_num_rx_chars_available) for [Anonymous Symbol]
    uart0.o(.text.uart0_get_char) refers to queue.o(.text.q_dequeue) for q_dequeue
    uart0.o(.text.uart0_get_char) refers to uart0.o(.bss.RxQ) for [Anonymous Symbol]
    uart0.o(.ARM.exidx.text.uart0_get_char) refers to uart0.o(.text.uart0_get_char) for [Anonymous Symbol]
    uart0.o(.text.uart0_put_char) refers to queue.o(.text.q_enqueue) for q_enqueue
    uart0.o(.text.uart0_put_char) refers to uart0.o(.bss.TxQ) for [Anonymous Symbol]
    uart0.o(.ARM.exidx.text.uart0_put_char) refers to uart0.o(.text.uart0_put_char) for [Anonymous Symbol]
    eeprom.o(.ARM.exidx.text.spi_init) refers to eeprom.o(.text.spi_init) for [Anonymous Symbol]
    eeprom.o(.text.EEPROM_init) refers to delay.o(.text.delay_us) for delay_us
    eeprom.o(.ARM.exidx.text.EEPROM_init) refers to eeprom.o(.text.EEPROM_init) for [Anonymous Symbol]
    eeprom.o(.text.EEPROM_write_page) refers to delay.o(.text.delay_us) for delay_us
    eeprom.o(.ARM.exidx.text.EEPROM_write_page) refers to eeprom.o(.text.EEPROM_write_page) for [Anonymous Symbol]
    eeprom.o(.ARM.exidx.text.EEPROM_read_page) refers to eeprom.o(.text.EEPROM_read_page) for [Anonymous Symbol]
    delay.o(.ARM.exidx.text.delay_us) refers to delay.o(.text.delay_us) for [Anonymous Symbol]
[...]
    configscreen.o(.text.getSelection) refers to configscreen.o(.rodata..Lswitch.table.getSelection.14) for [Anonymous Symbol]
    configscreen.o(.text.getSelection) refers to configscreen.o(.rodata..Lswitch.table.getSelection.15) for [Anonymous Symbol]
    configscreen.o(.ARM.exidx.text.getSelection) refers to configscreen.o(.text.getSelection) for [Anonymous Symbol]
    configscreen.o(.rodata..Lswitch.table.getSelection) refers to configscreen.o(.rodata.str1.1) for [Anonymous Symbol]
    configscreen.o(.rodata..Lswitch.table.getSelection.14) refers to configscreen.o(.rodata.str1.1) for [Anonymous Symbol]
    configscreen.o(.rodata..Lswitch.table.getSelection.15) refers to configscreen.o(.rodata.str1.1) for [Anonymous Symbol]
    ssd1306.o(.text.ssd1306_init) refers to memseta.o(.text) for __aeabi_memclr4
    ssd1306.o(.text.ssd1306_init) refers to display_i2c1.o(.text.display_i2c1_init) for display_i2c1_init
    ssd1306.o(.text.ssd1306_init) refers to display_i2c1.o(.text.i2c1_write_cmd) for i2c1_write_cmd
    ssd1306.o(.text.ssd1306_init) refers to ssd1306.o(.bss.ssd1306_framebuffer) for ssd1306_framebuffer
    ssd1306.o(.text.ssd1306_init) refers to ssd1306.o(.rodata.ssd1306_init_commands) for [Anonymous Symbol]
    ssd1306.o(.ARM.exidx.text.ssd1306_init) refers to ssd1306.o(.text.ssd1306_init) for [Anonymous Symbol]
    ssd1306.o(.text.ssd1306_command) refers to display_i2c1.o(.text.i2c1_write_cmd) for i2c1_write_cmd
    ssd1306.o(.text.ssd1306_command) refers to memseta.o(.text) for __aeabi_memclr4
    ssd1306.o(.text.ssd1306_command) refers to display_i2c1.o(.text.display_i2c1_init) for display_i2c1_init
    ssd1306.o(.text.ssd1306_command) refers to ssd1306.o(.bss.ssd1306_framebuffer) for ssd1306_framebuffer
    ssd1306.o(.text.ssd1306_command) refers to ssd1306.o(.rodata.ssd1306_init_commands) for [Anonymous Symbol]
    ssd1306.o(.ARM.exidx.text.ssd1306_command) refers to ssd1306.o(.text.ssd1306_command) for [Anonymous Symbol]
    ssd1306.o(.text.ssd1306_data) refers to display_i2c1.o(.text.i2c1_write_data) for i2c1_write_data
    ssd1306.o(.text.ssd1306_data) refers to memseta.o(.text) for __aeabi_memclr4
    ssd1306.o(.text.ssd1306_data) refers to display_i2c1.o(.text.display_i2c1_init) for display_i2c1_init
    ssd1306.o(.text.ssd1306_data) refers to display_i2c1.o(.text.i2c1_write_cmd) for i2c1_write_cmd
    ssd1306.o(.text.ssd1306_data) refers to ssd1306.o(.bss.ssd1306_framebuffer) for ssd1306_framebuffer
    ssd1306.o(.text.ssd1306_data) refers to ssd1306.o(.rodata.ssd1306_init_commands) for [Anonymous Symbol]
    ssd1306.o(.ARM.exidx.text.ssd1306_data) refers to ssd1306.o(.text.ssd1306_data) for [Anonymous Symbol]
    ssd1306.o(.text.ssd1306_update) refers to display_i2c1.o(.text.i2c1_write_cmd) for i2c1_write_cmd
    ssd1306.o(.text.ssd1306_update) refers to delay.o(.text.delay_us) for delay_us
    ssd1306.o(.text.ssd1306_update) refers to display_i2c1.o(.text.i2c1_write_data) for i2c1_write_data
    ssd1306.o(.text.ssd1306_update) refers to memseta.o(.text) for __aeabi_memclr4
    ssd1306.o(.text.ssd1306_update) refers to display_i2c1.o(.text.display_i2c1_init) for display_i2c1_init
    ssd1306.o(.text.ssd1306_update) refers to ssd1306.o(.bss.ssd1306_framebuffer) for ssd1306_framebuffer
    ssd1306.o(.text.ssd1306_update) refers to ssd1306.o(.rodata.ssd1306_init_commands) for [Anonymous Symbol]
    ssd1306.o(.ARM.exidx.text.ssd1306_update) refers to ssd1306.o(.text.ssd1306_update) for [Anonymous Symbol]
    ssd1306.o(.text.ssd1306_setfont) refers to ssd1306.o(.data.font) for [Anonymous Symbol]
    ssd1306.o(.ARM.exidx.text.ssd1306_setfont) refers to ssd1306.o(.text.ssd1306_setfont) for [Anonymous Symbol]
    ssd1306.o(.text.ssd1306_setorientation) refers to delay.o(.text.delay_us) for delay_us
    ssd1306.o(.text.ssd1306_setorientation) refers to display_i2c1.o(.text.i2c1_write_cmd) for i2c1_write_cmd
    ssd1306.o(.text.ssd1306_setorientation) refers to memseta.o(.text) for __aeabi_memclr4
    ssd1306.o(.text.ssd1306_setorientation) refers to display_i2c1.o(.text.display_i2c1_init) for display_i2c1_init
    ssd1306.o(.text.ssd1306_setorientation) refers to ssd1306.o(.bss.ssd1306_framebuffer) for ssd1306_framebuffer
    ssd1306.o(.text.ssd1306_setorientation) refers to ssd1306.o(.rodata.ssd1306_init_commands) for [Anonymous Symbol]
    ssd1306.o(.ARM.exidx.text.ssd1306_setorientation) refers to ssd1306.o(.text.ssd1306_setorientation) for [Anonymous Symbol]
    ssd1306.o(.text.ssd1306_setinverse) refers to display_i2c1.o(.text.i2c1_write_cmd) for i2c1_write_cmd
    ssd1306.o(.text.ssd1306_setinverse) refers to memseta.o(.text) for __aeabi_memclr4
    ssd1306.o(.text.ssd1306_setinverse) refers to display_i2c1.o(.text.display_i2c1_init) for display_i2c1_init
    ssd1306.o(.text.ssd1306_setinverse) refers to ssd1306.o(.bss.ssd1306_framebuffer) for ssd1306_framebuffer
    ssd1306.o(.text.ssd1306_setinverse) refers to ssd1306.o(.rodata.ssd1306_init_commands) for [Anonymous Symbol]
    ssd1306.o(.ARM.exidx.text.ssd1306_setinverse) refers to ssd1306.o(.text.ssd1306_setinverse) for [Anonymous Symbol]
    ssd1306.o(.text.ssd1306_clearscreen) refers to memseta.o(.text) for __aeabi_memclr4
    ssd1306.o(.text.ssd1306_clearscreen) refers to ssd1306.o(.bss.ssd1306_framebuffer) for ssd1306_framebuffer
    ssd1306.o(.ARM.exidx.text.ssd1306_clearscreen) refers to ssd1306.o(.text.ssd1306_clearscreen) for [Anonymous Symbol]
    ssd1306.o(.text.ssd1306_setcontrast) refers to display_i2c1.o(.text.i2c1_write_cmd) for i2c1_write_cmd
    ssd1306.o(.text.ssd1306_setcontrast) refers to display_i2c1.o(.text.display_i2c1_init) for display_i2c1_init
    ssd1306.o(.ARM.exidx.text.ssd1306_setcontrast) refers to ssd1306.o(.text.ssd1306_setcontrast) for [Anonymous Symbol]
    ssd1306.o(.text.ssd1306_goto) refers to ssd1306.o(.bss..L_MergedGlobals) for [Anonymous Symbol]
    ssd1306.o(.ARM.exidx.text.ssd1306_goto) refers to ssd1306.o(.text.ssd1306_goto) for [Anonymous Symbol]
    ssd1306.o(.text.ssd1306_setpixel) refers to ssd1306.o(.bss.ssd1306_framebuffer) for ssd1306_framebuffer
    ssd1306.o(.ARM.exidx.text.ssd1306_setpixel) refers to ssd1306.o(.text.ssd1306_setpixel) for [Anonymous Symbol]
    ssd1306.o(.text.ssd1306_putchar) refers to uidiv_div0.o(.text) for __aeabi_uidivmod
    ssd1306.o(.text.ssd1306_putchar) refers to ssd1306.o(.data.font) for [Anonymous Symbol]
    ssd1306.o(.text.ssd1306_putchar) refers to ssd1306.o(.bss..L_MergedGlobals) for [Anonymous Symbol]
    ssd1306.o(.text.ssd1306_putchar) refers to ssd1306.o(.bss.ssd1306_framebuffer) for ssd1306_framebuffer
    ssd1306.o(.ARM.exidx.text.ssd1306_putchar) refers to ssd1306.o(.text.ssd1306_putchar) for [Anonymous Symbol]
    ssd1306.o(.text.ssd1306_putstring) refers to ssd1306.o(.text.ssd1306_putchar) for ssd1306_putchar
    ssd1306.o(.text.ssd1306_putstring) refers to ssd1306.o(.bss..L_MergedGlobals) for [Anonymous Symbol]
    ssd1306.o(.text.ssd1306_putstring) refers to ssd1306.o(.data.font) for [Anonymous Symbol]
    ssd1306.o(.ARM.exidx.text.ssd1306_putstring) refers to ssd1306.o(.text.ssd1306_putstring) for [Anonymous Symbol]
    ssd1306.o(.text.ssd1306_terminal) refers to ssd1306.o(.text.ssd1306_putchar) for ssd1306_putchar
    ssd1306.o(.text.ssd1306_terminal) refers to display_i2c1.o(.text.i2c1_write_cmd) for i2c1_write_cmd
    ssd1306.o(.text.ssd1306_terminal) refers to delay.o(.text.delay_us) for delay_us
    ssd1306.o(.text.ssd1306_terminal) refers to display_i2c1.o(.text.i2c1_write_data) for i2c1_write_data
    ssd1306.o(.text.ssd1306_terminal) refers to memseta.o(.text) for __aeabi_memclr4
    ssd1306.o(.text.ssd1306_terminal) refers to display_i2c1.o(.text.display_i2c1_init) for display_i2c1_init
    ssd1306.o(.text.ssd1306_terminal) refers to ssd1306.o(.data.font) for [Anonymous Symbol]
    ssd1306.o(.text.ssd1306_terminal) refers to ssd1306.o(.bss..L_MergedGlobals) for [Anonymous Symbol]
    ssd1306.o(.text.ssd1306_terminal) refers to ssd1306.o(.bss.ssd1306_framebuffer) for ssd1306_framebuffer
    ssd1306.o(.text.ssd1306_terminal) refers to ssd1306.o(.rodata.ssd1306_init_commands) for [Anonymous Symbol]
    ssd1306.o(.ARM.exidx.text.ssd1306_terminal) refers to ssd1306.o(.text.ssd1306_terminal) for [Anonymous Symbol]
    ssd1306.o(.text.ssd1306_drawline) refers to ssd1306.o(.bss.ssd1306_framebuffer) for ssd1306_framebuffer
    ssd1306.o(.ARM.exidx.text.ssd1306_drawline) refers to ssd1306.o(.text.ssd1306_drawline) for [Anonymous Symbol]
    ssd1306.o(.text.ssd1306_drawbitmap) refers to memcpya.o(.text) for __aeabi_memcpy
    ssd1306.o(.text.ssd1306_drawbitmap) refers to ssd1306.o(.bss.ssd1306_framebuffer) for ssd1306_framebuffer
    ssd1306.o(.ARM.exidx.text.ssd1306_drawbitmap) refers to ssd1306.o(.text.ssd1306_drawbitmap) for [Anonymous Symbol]
    ssd1306.o(.data.font) refers to fonts.o(.rodata.Monospaced_plain_10) for Monospaced_plain_10
    display_i2c1.o(.ARM.exidx.text.display_i2c1_init) refers to display_i2c1.o(.text.display_i2c1_init) for [Anonymous Symbol]
    display_i2c1.o(.ARM.exidx.text.i2c1_write_cmd) refers to display_i2c1.o(.text.i2c1_write_cmd) for [Anonymous Symbol]
    display_i2c1.o(.ARM.exidx.text.i2c1_write_data) refers to display_i2c1.o(.text.i2c1_write_data) for [Anonymous Symbol]
    switches.o(.ARM.exidx.text.sw_init) refers to switches.o(.text.sw_init) for [Anonymous Symbol]
    switches.o(.text.sw_pressed) refers to delay.o(.text.delay_us) for delay_us
    switches.o(.ARM.exidx.text.sw_pressed) refers to switches.o(.text.sw_pressed) for [Anonymous Symbol]
    gps.o(.text.gps_init) refers to queue.o(.text.q_init) for q_init
    gps.o(.text.gps_init) refers to uart2.o(.text.uart2_init) for uart2_init
    gps.o(.text.gps_init) refers to gps.o(.bss.GPS_RxQ) for [Anonymous Symbol]
    gps.o(.ARM.exidx.text.gps_init) refers to gps.o(.text.gps_init) for [Anonymous Symbol]
    gps.o(.text.gps_getBuffer) refers to gps.o(.bss.GPS_RxQ) for [Anonymous Symbol]
    gps.o(.ARM.exidx.text.gps_getBuffer) refers to gps.o(.text.gps_getBuffer) for [Anonymous Symbol]
    gps.o(.text.gps_newData) refers to uart2.o(.text.uart2_receive_poll) for uart2_receive_poll
    gps.o(.text.gps_newData) refers to uart0.o(.text.uart0_put_char) for uart0_put_char
    gps.o(.text.gps_newData) refers to strcmp.o(.text) for strcmp
    gps.o(.text.gps_newData) refers to strtof.o(i.strtof) for strtof
    gps.o(.text.gps_newData) refers to fmul.o(.text) for __aeabi_fmul
    gps.o(.text.gps_newData) refers to fdiv.o(.text) for __aeabi_fdiv
    gps.o(.text.gps_newData) refers to ffixi.o(.text) for __aeabi_f2iz
    gps.o(.text.gps_newData) refers to strtol.o(.text) for strtol
    gps.o(.text.gps_newData) refers to idiv_div0.o(.text) for __aeabi_idiv
    gps.o(.text.gps_newData) refers to mktime.o(.text) for mktime
    gps.o(.text.gps_newData) refers to gps.o(.bss..L_MergedGlobals.1) for [Anonymous Symbol]
    gps.o(.text.gps_newData) refers to gps.o(.bss.gps_newData.message) for [Anonymous Symbol]
    gps.o(.text.gps_newData) refers to gps.o(.data..L_MergedGlobals) for [Anonymous Symbol]
    gps.o(.ARM.exidx.text.gps_newData) refers to gps.o(.text.gps_newData) for [Anonymous Symbol]
    gps.o(.text.strToFloat) refers to strtof.o(i.strtof) for strtof
    gps.o(.ARM.exidx.text.strToFloat) refers to gps.o(.text.strToFloat) for [Anonymous Symbol]
    gps.o(.text.strToInt) refers to strtol.o(.text) for strtol
    gps.o(.ARM.exidx.text.strToInt) refers to gps.o(.text.strToInt) for [Anonymous Symbol]
    gps.o(.text.gps_getData) refers to gps.o(.bss..L_MergedGlobals.1) for [Anonymous Symbol]
    gps.o(.ARM.exidx.text.gps_getData) refers to gps.o(.text.gps_getData) for [Anonymous Symbol]
    gps.o(.text.gps_calculateDistance) refers to dflti.o(.text) for __aeabi_i2d
    gps.o(.text.gps_calculateDistance) refers to ddiv.o(.text) for __aeabi_ddiv
    gps.o(.text.gps_calculateDistance) refers to d2f.o(.text) for __aeabi_d2f
    gps.o(.text.gps_calculateDistance) refers to fmul.o(.text) for __aeabi_fmul
    gps.o(.text.gps_calculateDistance) refers to fadd.o(.text) for __aeabi_fsub
    gps.o(.text.gps_calculateDistance) refers to sinf.o(i.sinf) for sinf
    gps.o(.text.gps_calculateDistance) refers to cosf.o(i.cosf) for cosf
    gps.o(.text.gps_calculateDistance) refers to sqrtf.o(i.sqrtf) for sqrtf
    gps.o(.text.gps_calculateDistance) refers to atan2f.o(i.atan2f) for atan2f
    gps.o(.text.gps_calculateDistance) refers to ffixi.o(.text) for __aeabi_f2iz
    gps.o(.ARM.exidx.text.gps_calculateDistance) refers to gps.o(.text.gps_calculateDistance) for [Anonymous Symbol]
    gps.o(.text.deg2rad) refers to fmul.o(.text) for __aeabi_fmul
    gps.o(.ARM.exidx.text.deg2rad) refers to gps.o(.text.deg2rad) for [Anonymous Symbol]
    uart2.o(.ARM.exidx.text.uart2_init) refers to uart2.o(.text.uart2_init) for [Anonymous Symbol]
    uart2.o(.ARM.exidx.text.uart2_transmit_poll) refers to uart2.o(.text.uart2_transmit_poll) for [Anonymous Symbol]
    uart2.o(.ARM.exidx.text.uart2_receive_poll) refers to uart2.o(.text.uart2_receive_poll) for [Anonymous Symbol]
    logging.o(.text.PerodicLogging) refers to bme280.o(.text.get_temperature) for get_temperature
    logging.o(.text.PerodicLogging) refers to bme280.o(.text.get_humidity) for get_humidity
    logging.o(.text.PerodicLogging) refers to logging.o(.bss..L_MergedGlobals) for [Anonymous Symbol]
    logging.o(.text.PerodicLogging) refers to logging.o(.bss.PageBuffer) for [Anonymous Symbol]
    logging.o(.text.PerodicLogging) refers to main.o(.bss.finishedRoute) for finishedRoute
    logging.o(.text.PerodicLogging) refers to pit.o(.bss..L_MergedGlobals) for logFlag
    logging.o(.ARM.exidx.text.PerodicLogging) refers to logging.o(.text.PerodicLogging) for [Anonymous Symbol]
    startup_mkl25z4.o(RESET) refers to startup_mkl25z4.o(STACK) for __initial_sp
    startup_mkl25z4.o(RESET) refers to startup_mkl25z4.o(.text) for Reset_Handler
    startup_mkl25z4.o(RESET) refers to uart0.o(.text.UART0_IRQHandler) for UART0_IRQHandler
    startup_mkl25z4.o(RESET) refers to pit.o(.text.PIT_IRQHandler) for PIT_IRQHandler
    startup_mkl25z4.o(.text) refers to system_mkl25z4.o(.text.SystemInit) for SystemInit
    startup_mkl25z4.o(.text) refers to entry.o(.ARM.Collect$$$$00000000) for __main
    system_mkl25z4.o(.ARM.exidx.text.SystemInit) refers to system_mkl25z4.o(.text.SystemInit) for [Anonymous Symbol]
    system_mkl25z4.o(.text.SystemCoreClockUpdate) refers to uidiv_div0.o(.text) for __aeabi_uidiv
    system_mkl25z4.o(.text.SystemCoreClockUpdate) refers to system_mkl25z4.o(.data.SystemCoreClock) for SystemCoreClock
    system_mkl25z4.o(.ARM.exidx.text.SystemCoreClockUpdate) refers to system_mkl25z4.o(.text.SystemCoreClockUpdate) for [Anonymous Symbol]
    atan2f.o(i.__softfp_atan2f) refers (Special) to iusefp.o(.text) for __I$use$fp
    atan2f.o(i.__softfp_atan2f) refers to atan2f.o(i.atan2f) for atan2f
    atan2f.o(i.atan2f) refers (Special) to iusefp.o(.text) for __I$use$fp
    atan2f.o(i.atan2f) refers to fdiv.o(.text) for __aeabi_fdiv
    atan2f.o(i.atan2f) refers to fpclassifyf.o(i.__ARM_fpclassifyf) for __ARM_fpclassifyf
    atan2f.o(i.atan2f) refers to funder.o(i.__mathlib_flt_underflow) for __mathlib_flt_underflow
    atan2f.o(i.atan2f) refers to errno.o(i.__set_errno) for __set_errno
    atan2f.o(i.atan2f) refers to fadd.o(.text) for __aeabi_fsub
    atan2f.o(i.atan2f) refers to fmul.o(.text) for __aeabi_fmul
    atan2f.o(i.atan2f) refers to funder.o(i.__mathlib_flt_infnan2) for __mathlib_flt_infnan2
    cosf.o(i.__softfp_cosf) refers (Special) to iusefp.o(.text) for __I$use$fp
    cosf.o(i.__softfp_cosf) refers to cosf.o(i.cosf) for cosf
    cosf.o(i.cosf) refers (Special) to iusefp.o(.text) for __I$use$fp
    cosf.o(i.cosf) refers to fmul.o(.text) for __aeabi_fmul
    cosf.o(i.cosf) refers to frnd.o(.text) for _frnd
    cosf.o(i.cosf) refers to ffixi.o(.text) for __aeabi_f2iz
    cosf.o(i.cosf) refers to fadd.o(.text) for __aeabi_frsub
    cosf.o(i.cosf) refers to rredf.o(i.__mathlib_rredf2) for __mathlib_rredf2
    cosf.o(i.cosf) refers to errno.o(i.__set_errno) for __set_errno
    cosf.o(i.cosf) refers to funder.o(i.__mathlib_flt_invalid) for __mathlib_flt_invalid
    cosf.o(i.cosf) refers to funder.o(i.__mathlib_flt_infnan) for __mathlib_flt_infnan
    sinf.o(i.__softfp_sinf) refers (Special) to iusefp.o(.text) for __I$use$fp
    sinf.o(i.__softfp_sinf) refers to sinf.o(i.sinf) for sinf
    sinf.o(i.sinf) refers (Special) to iusefp.o(.text) for __I$use$fp
    sinf.o(i.sinf) refers to fmul.o(.text) for __aeabi_fmul
    sinf.o(i.sinf) refers to frnd.o(.text) for _frnd
    sinf.o(i.sinf) refers to ffixi.o(.text) for __aeabi_f2iz
    sinf.o(i.sinf) refers to fadd.o(.text) for __aeabi_frsub
    sinf.o(i.sinf) refers to rredf.o(i.__mathlib_rredf2) for __mathlib_rredf2
    sinf.o(i.sinf) refers to fpclassifyf.o(i.__ARM_fpclassifyf) for __ARM_fpclassifyf
    sinf.o(i.sinf) refers to funder.o(i.__mathlib_flt_underflow) for __mathlib_flt_underflow
    sinf.o(i.sinf) refers to errno.o(i.__set_errno) for __set_errno
    sinf.o(i.sinf) refers to funder.o(i.__mathlib_flt_invalid) for __mathlib_flt_invalid
    sinf.o(i.sinf) refers to funder.o(i.__mathlib_flt_infnan) for __mathlib_flt_infnan
    sqrtf.o(i.__softfp_sqrtf) refers (Special) to iusefp.o(.text) for __I$use$fp
    sqrtf.o(i.__softfp_sqrtf) refers to fsqrt.o(.text) for _fsqrt
    sqrtf.o(i.__softfp_sqrtf) refers to errno.o(i.__set_errno) for __set_errno
    sqrtf.o(i.sqrtf) refers (Special) to iusefp.o(.text) for __I$use$fp
    sqrtf.o(i.sqrtf) refers to fsqrt.o(.text) for _fsqrt
    sqrtf.o(i.sqrtf) refers to errno.o(i.__set_errno) for __set_errno
    strtof.o(i.__softfp_strtof) refers (Special) to iusefp.o(.text) for __I$use$fp
    strtof.o(i.__softfp_strtof) refers to strtof.o(.text) for __strtof_int
    strtof.o(i.strtof) refers (Special) to iusefp.o(.text) for __I$use$fp
    strtof.o(i.strtof) refers to strtof.o(.text) for __strtof_int
    entry.o(.ARM.Collect$$$$00000000) refers (Special) to entry10a.o(.ARM.Collect$$$$0000000D) for __rt_final_cpp
    entry.o(.ARM.Collect$$$$00000000) refers (Special) to entry11a.o(.ARM.Collect$$$$0000000F) for __rt_final_exit
    entry.o(.ARM.Collect$$$$00000000) refers (Special) to entry7b.o(.ARM.Collect$$$$00000008) for _main_clock
    entry.o(.ARM.Collect$$$$00000000) refers (Special) to entry8b.o(.ARM.Collect$$$$0000000A) for _main_cpp_init
    entry.o(.ARM.Collect$$$$00000000) refers (Special) to entry9a.o(.ARM.Collect$$$$0000000B) for _main_init
    entry.o(.ARM.Collect$$$$00000000) refers (Special) to entry5.o(.ARM.Collect$$$$00000004) for _main_scatterload
    entry.o(.ARM.Collect$$$$00000000) refers (Special) to entry2.o(.ARM.Collect$$$$00000001) for _main_stk
    idiv.o(.text) refers to uidiv_div0.o(.text) for __aeabi_uidivmod
    mktime.o(.text) refers to idiv_div0.o(.text) for __aeabi_idivmod
    mktime.o(.text) refers to localtime_i.o(.text) for _localtime
    mktime.o(.text) refers to mktime.o(.constdata) for .constdata
    strtol.o(.text) refers to ctype_o.o(.text) for __rt_ctype_table
    strtol.o(.text) refers to _strtoul.o(.text) for _strtoul
    strtol.o(.text) refers to errno.o(i.__aeabi_errno_addr) for __aeabi_errno_addr
    fadd.o(.text) refers (Special) to iusefp.o(.text) for __I$use$fp
    fadd.o(.text) refers to fepilogue.o(.text) for _float_epilogue
    fmul.o(.text) refers (Special) to iusefp.o(.text) for __I$use$fp
    fdiv.o(.text) refers (Special) to iusefp.o(.text) for __I$use$fp
    fdiv.o(.text) refers to fepilogue.o(.text) for _float_round
    ddiv.o(.text) refers (Special) to iusefp.o(.text) for __I$use$fp
    ddiv.o(.text) refers to depilogue.o(.text) for _double_round
    fflti.o(.text) refers (Special) to iusefp.o(.text) for __I$use$fp
    fflti.o(.text) refers to fepilogue.o(.text) for _float_epilogue
    dflti.o(.text) refers (Special) to iusefp.o(.text) for __I$use$fp
    dflti.o(.text) refers to depilogue.o(.text) for _double_epilogue
    ffixi.o(.text) refers (Special) to iusefp.o(.text) for __I$use$fp
    ffixui.o(.text) refers (Special) to iusefp.o(.text) for __I$use$fp
    d2f.o(.text) refers (Special) to iusefp.o(.text) for __I$use$fp
    d2f.o(.text) refers to fepilogue.o(.text) for _float_round
    fpclassifyf.o(i.__ARM_fpclassifyf) refers (Special) to iusefp.o(.text) for __I$use$fp
    funder.o(i.__mathlib_flt_divzero) refers to fdiv.o(.text) for __aeabi_fdiv
    funder.o(i.__mathlib_flt_infnan) refers to fscalb.o(.text) for __ARM_scalbnf
    funder.o(i.__mathlib_flt_infnan2) refers to fadd.o(.text) for __aeabi_fadd
    funder.o(i.__mathlib_flt_invalid) refers to fdiv.o(.text) for __aeabi_fdiv
    funder.o(i.__mathlib_flt_overflow) refers to fscalb.o(.text) for __ARM_scalbnf
    funder.o(i.__mathlib_flt_posinfnan) refers to fmul.o(.text) for __aeabi_fmul
    funder.o(i.__mathlib_flt_underflow) refers to fscalb.o(.text) for __ARM_scalbnf
    rredf.o(i.__mathlib_rredf2) refers (Special) to iusefp.o(.text) for __I$use$fp
    rredf.o(i.__mathlib_rredf2) refers to rredf.o(i.__ARM_common_ll_muluu) for __ARM_common_ll_muluu
    rredf.o(i.__mathlib_rredf2) refers to fflti.o(.text) for __aeabi_i2f
    rredf.o(i.__mathlib_rredf2) refers to ffltui.o(.text) for __aeabi_ui2f
    rredf.o(i.__mathlib_rredf2) refers to fscalb.o(.text) for __ARM_scalbnf
    rredf.o(i.__mathlib_rredf2) refers to fadd.o(.text) for __aeabi_fadd
    rredf.o(i.__mathlib_rredf2) refers to fmul.o(.text) for __aeabi_fmul
    rredf.o(i.__mathlib_rredf2) refers to rredf.o(.constdata) for .constdata
    rredf.o(.constdata) refers (Special) to iusefp.o(.text) for __I$use$fp
    entry2.o(.ARM.Collect$$$$00000001) refers to entry2.o(.ARM.Collect$$$$00002712) for __lit__00000000
    entry2.o(.ARM.Collect$$$$00002712) refers to startup_mkl25z4.o(STACK) for __initial_sp
    entry2.o(__vectab_stack_and_reset_area) refers to startup_mkl25z4.o(STACK) for __initial_sp
    entry2.o(__vectab_stack_and_reset_area) refers to entry.o(.ARM.Collect$$$$00000000) for __main
    entry5.o(.ARM.Collect$$$$00000004) refers to init.o(.text) for __scatterload
    entry9a.o(.ARM.Collect$$$$0000000B) refers to main.o(.text.main) for main
    entry9b.o(.ARM.Collect$$$$0000000C) refers to main.o(.text.main) for main
    idiv_div0.o(.text) refers to uidiv_div0.o(.text) for __aeabi_uidivmod
    ctype_o.o(.text) refers to ctype_o.o(.constdata) for .constdata
    ctype_o.o(.constdata) refers to ctype_o.o(.constdata) for __ctype_table
    isalnum_o.o(.text) refers to ctype_o.o(.text) for __rt_ctype_table
    isalpha_o.o(.text) refers to ctype_o.o(.text) for __rt_ctype_table
    isblank_o.o(.text) refers to ctype_o.o(.constdata) for __ctype_table
    iscntrl_o.o(.text) refers to ctype_o.o(.text) for __rt_ctype_table
    isdigit_o.o(.text) refers to ctype_o.o(.text) for __rt_ctype_table
    isgraph_o.o(.text) refers to ctype_o.o(.text) for __rt_ctype_table
    islower_o.o(.text) refers to ctype_o.o(.text) for __rt_ctype_table
    isprint_o.o(.text) refers to ctype_o.o(.text) for __rt_ctype_table
    ispunct_o.o(.text) refers to ctype_o.o(.text) for __rt_ctype_table
    isspace_o.o(.text) refers to ctype_o.o(.text) for __rt_ctype_table
    isupper_o.o(.text) refers to ctype_o.o(.text) for __rt_ctype_table
    isxdigit_o.o(.text) refers to ctype_o.o(.text) for __rt_ctype_table
    localtime_w.o(.text) refers to localtime_i.o(.text) for _localtime
    localtime_w.o(.text) refers to localtime_w.o(.bss) for .bss
    localtime_i.o(.text) refers to uidiv_div0.o(.text) for __aeabi_uidivmod
    localtime_i.o(.text) refers to localtime_i.o(.constdata) for .constdata
    errno.o(i.__aeabi_errno_addr) refers to errno.o(.data) for .data
    errno.o(i.__read_errno) refers to errno.o(.data) for .data
    errno.o(i.__set_errno) refers to errno.o(.data) for .data
    _strtoul.o(.text) refers to _chval.o(.text) for _chval
    _strtoul.o(.text) refers to errno.o(i.__aeabi_errno_addr) for __aeabi_errno_addr
    strtof.o(.text) refers to strtod.o(.text) for __strtod_int
    fepilogue.o(.text) refers (Special) to iusefp.o(.text) for __I$use$fp
    fsqrt.o(.text) refers (Special) to iusefp.o(.text) for __I$use$fp
    fsqrt.o(.text) refers to fepilogue.o(.text) for _float_round
    frnd.o(.text) refers (Special) to iusefp.o(.text) for __I$use$fp
    frnd.o(.text) refers to fepilogue.o(.text) for _float_round
    depilogue.o(.text) refers (Special) to iusefp.o(.text) for __I$use$fp
    depilogue.o(.text) refers to depilogue.o(i.__ARM_clz) for __ARM_clz
    depilogue.o(.text) refers to llshl.o(.text) for __aeabi_llsl
    depilogue.o(.text) refers to llushr.o(.text) for __aeabi_llsr
    init.o(.text) refers to entry5.o(.ARM.Collect$$$$00000004) for __main_after_scatterload
    strtod.o(.text) refers to scanf_fp.o(.text) for _scanf_real
    strtod.o(.text) refers to _sgetc.o(.text) for _sgetc
    strtod.o(.text) refers to isspace_o.o(.text) for isspace
    fscalb.o(.text) refers (Special) to iusefp.o(.text) for __I$use$fp
    ffltui.o(.text) refers (Special) to iusefp.o(.text) for __I$use$fp
    ffltui.o(.text) refers to fepilogue.o(.text) for _float_epilogue
    isspace_c.o(.text) refers to ctype_c.o(.text) for __ctype_lookup
    scanf_fp.o(.text) refers (Special) to iusefp.o(.text) for __I$use$fp
    scanf_fp.o(.text) refers to llmul.o(.text) for __aeabi_lmul
    scanf_fp.o(.text) refers to dfltul.o(.text) for __aeabi_ul2d
    scanf_fp.o(.text) refers to dmul.o(.text) for __aeabi_dmul
    scanf_fp.o(.text) refers to ddiv.o(.text) for __aeabi_ddiv
    scanf_fp.o(.text) refers to scanf_fp.o(i._is_digit) for _is_digit
    scanf_fp.o(.text) refers to d2f.o(.text) for __aeabi_d2f
    ctype_c.o(.text) refers to ctype_c.o(.constdata) for .constdata
    dmul.o(.text) refers (Special) to iusefp.o(.text) for __I$use$fp
    dmul.o(.text) refers to depilogue.o(.text) for _double_epilogue
    dfltul.o(.text) refers (Special) to iusefp.o(.text) for __I$use$fp
    dfltul.o(.text) refers to depilogue.o(.text) for _double_epilogue
    rredf.o(i.__ARM_common_ll_muluu) refers (Special) to iusefp.o(.text) for __I$use$fp
    depilogue.o(i.__ARM_clz) refers (Special) to iusefp.o(.text) for __I$use$fp
    scanf_fp.o(i._is_digit) refers (Special) to iusefp.o(.text) for __I$use$fp


==============================================================================

Removing Unused input sections from the image.

    Removing pit.o(.text), (0 bytes).
    Removing pit.o(.ARM.exidx.text.pit_init), (8 bytes).
    Removing pit.o(.ARM.exidx.text.PIT_IRQHandler), (8 bytes).
    Removing queue.o(.text), (0 bytes).
    Removing queue.o(.ARM.exidx.text.q_init), (8 bytes).
    Removing queue.o(.text.q_empty), (12 bytes).
    Removing queue.o(.ARM.exidx.text.q_empty), (8 bytes).
    Removing queue.o(.text.q_full), (20 bytes).
    Removing queue.o(.ARM.exidx.text.q_full), (8 bytes).
    Removing queue.o(.text.q_size), (8 bytes).
    Removing queue.o(.ARM.exidx.text.q_size), (8 bytes).
    Removing queue.o(.ARM.exidx.text.q_enqueue), (8 bytes).
    Removing queue.o(.ARM.exidx.text.q_dequeue), (8 bytes).
    Removing main.o(.text), (0 bytes).
    Removing main.o(.ARM.exidx.text.main), (8 bytes).
    Removing main.o(.ARM.use_no_argv), (4 bytes).
    Removing tpm1.o(.text), (0 bytes).
    Removing tpm1.o(.ARM.exidx.text.tpm1_init), (8 bytes).
    Removing uart0.o(.text), (0 bytes).
    Removing uart0.o(.ARM.exidx.text.uart0_init), (8 bytes).
    Removing uart0.o(.ARM.exidx.text.UART0_IRQHandler), (8 bytes).
    Removing uart0.o(.ARM.exidx.text.uart0_send_string), (8 bytes).
    Removing uart0.o(.text.uart0_num_rx_chars_available), (16 bytes).
    Removing uart0.o(.ARM.exidx.text.uart0_num_rx_chars_available), (8 bytes).
    Removing uart0.o(.text.uart0_get_char), (36 bytes).
    Removing uart0.o(.ARM.exidx.text.uart0_get_char), (8 bytes).
    Removing uart0.o(.text.uart0_put_char), (48 bytes).
    Removing uart0.o(.ARM.exidx.text.uart0_put_char), (8 bytes).
    Removing eeprom.o(.text), (0 bytes).
    Removing eeprom.o(.text.spi_init), (100 bytes).
    Removing eeprom.o(.ARM.exidx.text.spi_init), (8 bytes).
    Removing eeprom.o(.ARM.exidx.text.EEPROM_init), (8 bytes).
    Removing eeprom.o(.text.EEPROM_write_page), (3436 bytes).
    Removing eeprom.o(.ARM.exidx.text.EEPROM_write_page), (8 bytes).
    Removing eeprom.o(.text.EEPROM_read_page), (1580 bytes).
    Removing eeprom.o(.ARM.exidx.text.EEPROM_read_page), (8 bytes).
    Removing delay.o(.text), (0 bytes).
    Removing delay.o(.ARM.exidx.text.delay_us), (8 bytes).
    Removing rg.o(.text), (0 bytes).
    Removing rg.o(.ARM.exidx.text.rg_init), (8 bytes).
    Removing rg.o(.text.rg_pwmcontrol), (16 bytes).
    Removing rg.o(.ARM.exidx.text.rg_pwmcontrol), (8 bytes).
    Removing rg.o(.ARM.exidx.text.rg_onoff), (8 bytes).
    Removing i2c0.o(.text), (0 bytes).
    Removing i2c0.o(.text.i2c0_init), (76 bytes).
    Removing i2c0.o(.ARM.exidx.text.i2c0_init), (8 bytes).
    Removing i2c0.o(.text.i2c0_read), (852 bytes).
    Removing i2c0.o(.ARM.exidx.text.i2c0_read), (8 bytes).
    Removing i2c0.o(.text.i2c0_write), (636 bytes).
    Removing i2c0.o(.ARM.exidx.text.i2c0_write), (8 bytes).
    Removing bme280.o(.text), (0 bytes).
    Removing bme280.o(.ARM.exidx.text.bme280_init), (8 bytes).
    Removing bme280.o(.ARM.exidx.text.configure_bme280), (8 bytes).
    Removing bme280.o(.text.reset_bme280), (80 bytes).
    Removing bme280.o(.ARM.exidx.text.reset_bme280), (8 bytes).
    Removing bme280.o(.text.read_calibration_status), (32 bytes).
    Removing bme280.o(.ARM.exidx.text.read_calibration_status), (8 bytes).
    Removing bme280.o(.ARM.exidx.text.get_calibration), (8 bytes).
    Removing bme280.o(.ARM.exidx.text.get_temperature), (8 bytes).
    Removing bme280.o(.ARM.exidx.text.get_humidity), (8 bytes).
    Removing i2c1.o(.text), (0 bytes).
    Removing i2c1.o(.ARM.exidx.text.i2c1_init), (8 bytes).
    Removing i2c1.o(.ARM.exidx.text.i2c1_read), (8 bytes).
    Removing i2c1.o(.ARM.exidx.text.i2c1_write), (8 bytes).
    Removing configscreen.o(.text), (0 bytes).
    Removing configscreen.o(.text.setSelect), (68 bytes).
    Removing configscreen.o(.ARM.exidx.text.setSelect), (8 bytes).
    Removing configscreen.o(.ARM.exidx.text.displayStart), (8 bytes).
    Removing configscreen.o(.text.displayDistance), (228 bytes).
    Removing configscreen.o(.ARM.exidx.text.displayDistance), (8 bytes).
    Removing configscreen.o(.text.displayPuzzle), (76 bytes).
    Removing configscreen.o(.ARM.exidx.text.displayPuzzle), (8 bytes).
    Removing configscreen.o(.text.getSelection), (148 bytes).
    Removing configscreen.o(.ARM.exidx.text.getSelection), (8 bytes).
    Removing configscreen.o(.rodata.str1.1), (4 bytes).
    Removing configscreen.o(.rodata..Lswitch.table.getSelection), (12 bytes).
    Removing configscreen.o(.rodata..Lswitch.table.getSelection.14), (12 bytes).
    Removing configscreen.o(.rodata..Lswitch.table.getSelection.15), (12 bytes).
    Removing fonts.o(.text), (0 bytes).
    Removing ssd1306.o(.text), (0 bytes).
    Removing ssd1306.o(.ARM.exidx.text.ssd1306_init), (8 bytes).
    Removing ssd1306.o(.text.ssd1306_command), (56 bytes).
    Removing ssd1306.o(.ARM.exidx.text.ssd1306_command), (8 bytes).
    Removing ssd1306.o(.text.ssd1306_data), (56 bytes).
    Removing ssd1306.o(.ARM.exidx.text.ssd1306_data), (8 bytes).
    Removing ssd1306.o(.ARM.exidx.text.ssd1306_update), (8 bytes).
    Removing ssd1306.o(.ARM.exidx.text.ssd1306_setfont), (8 bytes).
    Removing ssd1306.o(.ARM.exidx.text.ssd1306_setorientation), (8 bytes).
    Removing ssd1306.o(.text.ssd1306_setinverse), (68 bytes).
    Removing ssd1306.o(.ARM.exidx.text.ssd1306_setinverse), (8 bytes).
    Removing ssd1306.o(.ARM.exidx.text.ssd1306_clearscreen), (8 bytes).
    Removing ssd1306.o(.text.ssd1306_setcontrast), (32 bytes).
    Removing ssd1306.o(.ARM.exidx.text.ssd1306_setcontrast), (8 bytes).
    Removing ssd1306.o(.text.ssd1306_goto), (24 bytes).
    Removing ssd1306.o(.ARM.exidx.text.ssd1306_goto), (8 bytes).
    Removing ssd1306.o(.text.ssd1306_setpixel), (48 bytes).
    Removing ssd1306.o(.ARM.exidx.text.ssd1306_setpixel), (8 bytes).
    Removing ssd1306.o(.ARM.exidx.text.ssd1306_putchar), (8 bytes).
    Removing ssd1306.o(.ARM.exidx.text.ssd1306_putstring), (8 bytes).
    Removing ssd1306.o(.text.ssd1306_terminal), (900 bytes).
    Removing ssd1306.o(.ARM.exidx.text.ssd1306_terminal), (8 bytes).
    Removing ssd1306.o(.text.ssd1306_drawline), (316 bytes).
    Removing ssd1306.o(.ARM.exidx.text.ssd1306_drawline), (8 bytes).
    Removing ssd1306.o(.text.ssd1306_drawbitmap), (20 bytes).
    Removing ssd1306.o(.ARM.exidx.text.ssd1306_drawbitmap), (8 bytes).
    Removing display_i2c1.o(.text), (0 bytes).
    Removing display_i2c1.o(.ARM.exidx.text.display_i2c1_init), (8 bytes).
    Removing display_i2c1.o(.ARM.exidx.text.i2c1_write_cmd), (8 bytes).
    Removing display_i2c1.o(.ARM.exidx.text.i2c1_write_data), (8 bytes).
    Removing switches.o(.text), (0 bytes).
    Removing switches.o(.ARM.exidx.text.sw_init), (8 bytes).
    Removing switches.o(.text.sw_pressed), (80 bytes).
    Removing switches.o(.ARM.exidx.text.sw_pressed), (8 bytes).
    Removing switches.o(.bss.sw_clicked_flag_1), (1 bytes).
    Removing switches.o(.bss.sw_clicked_flag_2), (1 bytes).
    Removing switches.o(.bss.sw_clicked_flag_3), (1 bytes).
    Removing switches.o(.bss.sw_clicked_flag_4), (1 bytes).
    Removing gps.o(.text), (0 bytes).
    Removing gps.o(.ARM.exidx.text.gps_init), (8 bytes).
    Removing gps.o(.text.gps_getBuffer), (12 bytes).
    Removing gps.o(.ARM.exidx.text.gps_getBuffer), (8 bytes).
    Removing gps.o(.text.gps_newData), (676 bytes).
    Removing gps.o(.ARM.exidx.text.gps_newData), (8 bytes).
    Removing gps.o(.text.strToFloat), (24 bytes).
    Removing gps.o(.ARM.exidx.text.strToFloat), (8 bytes).
    Removing gps.o(.text.strToInt), (22 bytes).
    Removing gps.o(.ARM.exidx.text.strToInt), (8 bytes).
    Removing gps.o(.text.gps_getData), (24 bytes).
    Removing gps.o(.ARM.exidx.text.gps_getData), (8 bytes).
    Removing gps.o(.text.gps_calculateDistance), (296 bytes).
    Removing gps.o(.ARM.exidx.text.gps_calculateDistance), (8 bytes).
    Removing gps.o(.text.deg2rad), (16 bytes).
    Removing gps.o(.ARM.exidx.text.deg2rad), (8 bytes).
    Removing gps.o(.bss.gps_newData.message), (80 bytes).
    Removing gps.o(.data..L_MergedGlobals), (9 bytes).
    Removing gps.o(.bss..L_MergedGlobals.1), (72 bytes).
    Removing uart2.o(.text), (0 bytes).
    Removing uart2.o(.ARM.exidx.text.uart2_init), (8 bytes).
    Removing uart2.o(.text.uart2_transmit_poll), (36 bytes).
    Removing uart2.o(.ARM.exidx.text.uart2_transmit_poll), (8 bytes).
    Removing uart2.o(.text.uart2_receive_poll), (36 bytes).
    Removing uart2.o(.ARM.exidx.text.uart2_receive_poll), (8 bytes).
    Removing logging.o(.text), (0 bytes).
    Removing logging.o(.ARM.exidx.text.PerodicLogging), (8 bytes).
    Removing startup_mkl25z4.o(HEAP), (0 bytes).
    Removing system_mkl25z4.o(.text), (0 bytes).
    Removing system_mkl25z4.o(.ARM.exidx.text.SystemInit), (8 bytes).
    Removing system_mkl25z4.o(.text.SystemCoreClockUpdate), (268 bytes).
    Removing system_mkl25z4.o(.ARM.exidx.text.SystemCoreClockUpdate), (8 bytes).
    Removing system_mkl25z4.o(.data.SystemCoreClock), (4 bytes).
    Removing fadd.o(.text), (178 bytes).
    Removing fdiv.o(.text), (124 bytes).
    Removing ddiv.o(.text), (240 bytes).
    Removing dflti.o(.text), (40 bytes).
    Removing ffixi.o(.text), (50 bytes).
    Removing d2f.o(.text), (56 bytes).
    Removing fsqrt.o(.text), (88 bytes).
    Removing frnd.o(.text), (62 bytes).
    Removing depilogue.o(.text), (190 bytes).
    Removing fscalb.o(.text), (24 bytes).
    Removing ffltui.o(.text), (14 bytes).
    Removing dmul.o(.text), (208 bytes).
    Removing dfltul.o(.text), (28 bytes).
    Removing depilogue.o(i.__ARM_clz), (46 bytes).

164 unused section(s) (total 12655 bytes) removed from the image.

==============================================================================

Image Symbol Table

    Local Symbols

    Symbol Name                              Value     Ov Type        Size  Object(Section)

    ../clib/division.s                       0x00000000   Number         0  aeabi_sdivfast.o ABSOLUTE
    ../clib/division.s                       0x00000000   Number         0  aeabi_sdivfast_div0.o ABSOLUTE
    ../clib/longlong.c                       0x00000000   Number         0  llmul.o ABSOLUTE
    ../clib/microlib/ctype/ctype.c           0x00000000   Number         0  ctype_o.o ABSOLUTE
    ../clib/microlib/ctype/ctype.c           0x00000000   Number         0  isalnum_o.o ABSOLUTE
    ../clib/microlib/ctype/ctype.c           0x00000000   Number         0  isalpha_o.o ABSOLUTE
    ../clib/microlib/ctype/ctype.c           0x00000000   Number         0  isblank_o.o ABSOLUTE
    ../clib/microlib/ctype/ctype.c           0x00000000   Number         0  iscntrl_o.o ABSOLUTE
    ../clib/microlib/ctype/ctype.c           0x00000000   Number         0  isdigit_o.o ABSOLUTE
    ../clib/microlib/ctype/ctype.c           0x00000000   Number         0  isgraph_o.o ABSOLUTE
    ../clib/microlib/ctype/ctype.c           0x00000000   Number         0  islower_o.o ABSOLUTE
    ../clib/microlib/ctype/ctype.c           0x00000000   Number         0  isprint_o.o ABSOLUTE
    ../clib/microlib/ctype/ctype.c           0x00000000   Number         0  ispunct_o.o ABSOLUTE
    ../clib/microlib/ctype/ctype.c           0x00000000   Number         0  isspace_o.o ABSOLUTE
    ../clib/microlib/ctype/ctype.c           0x00000000   Number         0  isupper_o.o ABSOLUTE
    ../clib/microlib/ctype/ctype.c           0x00000000   Number         0  isxdigit_o.o ABSOLUTE
    ../clib/microlib/ctype/ctype.c           0x00000000   Number         0  isspace_c.o ABSOLUTE
    ../clib/microlib/ctype/ctype.c           0x00000000   Number         0  ctype_c.o ABSOLUTE
    ../clib/microlib/division.c              0x00000000   Number         0  uidiv.o ABSOLUTE
    ../clib/microlib/division.c              0x00000000   Number         0  idiv.o ABSOLUTE
    ../clib/microlib/division.c              0x00000000   Number         0  uidiv_div0.o ABSOLUTE
    ../clib/microlib/division.c              0x00000000   Number         0  idiv_div0.o ABSOLUTE
    ../clib/microlib/division.c              0x00000000   Number         0  idiv0.o ABSOLUTE
    ../clib/microlib/errno.c                 0x00000000   Number         0  errno.o ABSOLUTE
    ../clib/microlib/init/entry.s            0x00000000   Number         0  entry.o ABSOLUTE
    ../clib/microlib/init/entry.s            0x00000000   Number         0  entry2.o ABSOLUTE
    ../clib/microlib/init/entry.s            0x00000000   Number         0  entry5.o ABSOLUTE
    ../clib/microlib/init/entry.s            0x00000000   Number         0  entry7a.o ABSOLUTE
    ../clib/microlib/init/entry.s            0x00000000   Number         0  entry7b.o ABSOLUTE
    ../clib/microlib/init/entry.s            0x00000000   Number         0  entry8a.o ABSOLUTE
    ../clib/microlib/init/entry.s            0x00000000   Number         0  entry8b.o ABSOLUTE
    ../clib/microlib/init/entry.s            0x00000000   Number         0  entry9a.o ABSOLUTE
    ../clib/microlib/init/entry.s            0x00000000   Number         0  entry9b.o ABSOLUTE
    ../clib/microlib/init/entry.s            0x00000000   Number         0  entry10a.o ABSOLUTE
    ../clib/microlib/init/entry.s            0x00000000   Number         0  entry10b.o ABSOLUTE
    ../clib/microlib/init/entry.s            0x00000000   Number         0  entry11a.o ABSOLUTE
    ../clib/microlib/init/entry.s            0x00000000   Number         0  entry11b.o ABSOLUTE
    ../clib/microlib/longlong.c              0x00000000   Number         0  llshl.o ABSOLUTE
    ../clib/microlib/longlong.c              0x00000000   Number         0  llushr.o ABSOLUTE
    ../clib/microlib/string/memcpy.c         0x00000000   Number         0  memcpya.o ABSOLUTE
    ../clib/microlib/string/memcpy.c         0x00000000   Number         0  memcpyb.o ABSOLUTE
    ../clib/microlib/string/memset.c         0x00000000   Number         0  memseta.o ABSOLUTE
    ../clib/microlib/string/strcmp.c         0x00000000   Number         0  strcmp.o ABSOLUTE
    ../clib/microlib/stubs.s                 0x00000000   Number         0  iusefp.o ABSOLUTE
    ../clib/microlib/time/localtime.c        0x00000000   Number         0  localtime_w.o ABSOLUTE
    ../clib/microlib/time/localtime.c        0x00000000   Number         0  localtime_i.o ABSOLUTE
    ../clib/microlib/time/mktime.c           0x00000000   Number         0  mktime.o ABSOLUTE
    ../clib/scanf.c                          0x00000000   Number         0  strtol.o ABSOLUTE
    ../clib/scanf.c                          0x00000000   Number         0  _strtoul.o ABSOLUTE
    ../clib/scanf.c                          0x00000000   Number         0  strtof.o ABSOLUTE
    ../clib/scanf.c                          0x00000000   Number         0  _chval.o ABSOLUTE
    ../clib/scanf.c                          0x00000000   Number         0  strtod.o ABSOLUTE
    ../clib/scanf.c                          0x00000000   Number         0  scanf_fp.o ABSOLUTE
    ../clib/scanf.c                          0x00000000   Number         0  _sgetc.o ABSOLUTE
    ../fplib/microlib/d2f.c                  0x00000000   Number         0  d2f.o ABSOLUTE
    ../fplib/microlib/fpadd.c                0x00000000   Number         0  fadd.o ABSOLUTE
    ../fplib/microlib/fpdiv.c                0x00000000   Number         0  fdiv.o ABSOLUTE
    ../fplib/microlib/fpdiv.c                0x00000000   Number         0  ddiv.o ABSOLUTE
    ../fplib/microlib/fpepilogue.c           0x00000000   Number         0  fepilogue.o ABSOLUTE
    ../fplib/microlib/fpepilogue.c           0x00000000   Number         0  depilogue.o ABSOLUTE
    ../fplib/microlib/fpfix.c                0x00000000   Number         0  ffixi.o ABSOLUTE
    ../fplib/microlib/fpfix.c                0x00000000   Number         0  ffixui.o ABSOLUTE
    ../fplib/microlib/fpflt.c                0x00000000   Number         0  fflti.o ABSOLUTE
    ../fplib/microlib/fpflt.c                0x00000000   Number         0  dflti.o ABSOLUTE
    ../fplib/microlib/fpflt.c                0x00000000   Number         0  ffltui.o ABSOLUTE
    ../fplib/microlib/fpflt.c                0x00000000   Number         0  dfltul.o ABSOLUTE
    ../fplib/microlib/fpmul.c                0x00000000   Number         0  fmul.o ABSOLUTE
    ../fplib/microlib/fpmul.c                0x00000000   Number         0  dmul.o ABSOLUTE
    ../fplib/microlib/fprnd.c                0x00000000   Number         0  frnd.o ABSOLUTE
    ../fplib/microlib/fpscalb.c              0x00000000   Number         0  fscalb.o ABSOLUTE
    ../fplib/microlib/fpsqrt.c               0x00000000   Number         0  fsqrt.o ABSOLUTE
    ../mathlib/atan2f.c                      0x00000000   Number         0  atan2f.o ABSOLUTE
    ../mathlib/cosf.c                        0x00000000   Number         0  cosf.o ABSOLUTE
    ../mathlib/fpclassifyf.c                 0x00000000   Number         0  fpclassifyf.o ABSOLUTE
    ../mathlib/funder.c                      0x00000000   Number         0  funder.o ABSOLUTE
    ../mathlib/rredf.c                       0x00000000   Number         0  rredf.o ABSOLUTE
    ../mathlib/sinf.c                        0x00000000   Number         0  sinf.o ABSOLUTE
    ../mathlib/sqrtf.c                       0x00000000   Number         0  sqrtf.o ABSOLUTE
    ../mathlib/strtof.c                      0x00000000   Number         0  strtof.o ABSOLUTE
    EEPROM.c                                 0x00000000   Number         0  eeprom.o ABSOLUTE
    RTE/Device/MKL25Z128xxx4/startup_MKL25Z4.s 0x00000000   Number         0  startup_mkl25z4.o ABSOLUTE
    bme280.c                                 0x00000000   Number         0  bme280.o ABSOLUTE
    configScreen.c                           0x00000000   Number         0  configscreen.o ABSOLUTE
    dc.s                                     0x00000000   Number         0  dc.o ABSOLUTE
    delay.c                                  0x00000000   Number         0  delay.o ABSOLUTE
    display_i2c1.c                           0x00000000   Number         0  display_i2c1.o ABSOLUTE
    fonts.c                                  0x00000000   Number         0  fonts.o ABSOLUTE
    gps.c                                    0x00000000   Number         0  gps.o ABSOLUTE
    handlers.s                               0x00000000   Number         0  handlers.o ABSOLUTE
    i2c0.c                                   0x00000000   Number         0  i2c0.o ABSOLUTE
    i2c1.c                                   0x00000000   Number         0  i2c1.o ABSOLUTE
    init.s                                   0x00000000   Number         0  init.o ABSOLUTE
    logging.c                                0x00000000   Number         0  logging.o ABSOLUTE
    main.c                                   0x00000000   Number         0  main.o ABSOLUTE
    pit.c                                    0x00000000   Number         0  pit.o ABSOLUTE
    queue.c                                  0x00000000   Number         0  queue.o ABSOLUTE
    rg.c                                     0x00000000   Number         0  rg.o ABSOLUTE
    ssd1306.c                                0x00000000   Number         0  ssd1306.o ABSOLUTE
    switches.c                               0x00000000   Number         0  switches.o ABSOLUTE
    system_MKL25Z4.c                         0x00000000   Number         0  system_mkl25z4.o ABSOLUTE
    tpm1.c                                   0x00000000   Number         0  tpm1.o ABSOLUTE
    uart0.c                                  0x00000000   Number         0  uart0.o ABSOLUTE
    uart2.c                                  0x00000000   Number         0  uart2.o ABSOLUTE
    RESET                                    0x00000000   Section      192  startup_mkl25z4.o(RESET)
    .ARM.Collect$$$$00000000                 0x000000c0   Section        0  entry.o(.ARM.Collect$$$$00000000)
    .ARM.Collect$$$$00000001                 0x000000c0   Section        4  entry2.o(.ARM.Collect$$$$00000001)
    .ARM.Collect$$$$00000004                 0x000000c4   Section        4  entry5.o(.ARM.Collect$$$$00000004)
    .ARM.Collect$$$$00000008                 0x000000c8   Section        0  entry7b.o(.ARM.Collect$$$$00000008)
    .ARM.Collect$$$$0000000A                 0x000000c8   Section        0  entry8b.o(.ARM.Collect$$$$0000000A)
    .ARM.Collect$$$$0000000B                 0x000000c8   Section        8  entry9a.o(.ARM.Collect$$$$0000000B)
    __lit__00000000                          0x000000d0   Data           4  entry2.o(.ARM.Collect$$$$00002712)
    .ARM.Collect$$$$0000000D                 0x000000d0   Section        0  entry10a.o(.ARM.Collect$$$$0000000D)
    .ARM.Collect$$$$0000000F                 0x000000d0   Section        0  entry11a.o(.ARM.Collect$$$$0000000F)
    .ARM.Collect$$$$00002712                 0x000000d0   Section        4  entry2.o(.ARM.Collect$$$$00002712)
    .text                                    0x000000d4   Section       40  startup_mkl25z4.o(.text)
    .text                                    0x000000fc   Section        0  memseta.o(.text)
    .text                                    0x00000120   Section        0  fmul.o(.text)
    .text                                    0x0000019a   Section        0  fflti.o(.text)
    .text                                    0x000001b0   Section        0  ffixui.o(.text)
    .text                                    0x000001d8   Section        0  uidiv_div0.o(.text)
    .text                                    0x00000216   Section        0  iusefp.o(.text)
    .text                                    0x00000216   Section        0  fepilogue.o(.text)
    .text                                    0x00000298   Section       48  init.o(.text)
    [Anonymous Symbol]                       0x000002c8   Section        0  eeprom.o(.text.EEPROM_init)
    __arm_cp.1_0                             0x0000031c   Number         4  eeprom.o(.text.EEPROM_init)
    __arm_cp.1_1                             0x00000320   Number         4  eeprom.o(.text.EEPROM_init)
    __arm_cp.1_2                             0x00000324   Number         4  eeprom.o(.text.EEPROM_init)
    __arm_cp.1_3                             0x00000328   Number         4  eeprom.o(.text.EEPROM_init)
    __arm_cp.1_4                             0x0000032c   Number         4  eeprom.o(.text.EEPROM_init)
    __arm_cp.1_5                             0x00000330   Number         4  eeprom.o(.text.EEPROM_init)
    [Anonymous Symbol]                       0x00000334   Section        0  pit.o(.text.PIT_IRQHandler)
    __arm_cp.1_1                             0x0000037c   Number         4  pit.o(.text.PIT_IRQHandler)
    __arm_cp.1_2                             0x00000380   Number         4  pit.o(.text.PIT_IRQHandler)
    [Anonymous Symbol]                       0x00000384   Section        0  uart0.o(.text.UART0_IRQHandler)
    __arm_cp.1_0                             0x000003e0   Number         4  uart0.o(.text.UART0_IRQHandler)
    __arm_cp.1_1                             0x000003e4   Number         4  uart0.o(.text.UART0_IRQHandler)
    __arm_cp.1_2                             0x000003e8   Number         4  uart0.o(.text.UART0_IRQHandler)
    __arm_cp.1_3                             0x000003ec   Number         4  uart0.o(.text.UART0_IRQHandler)
    [Anonymous Symbol]                       0x000003f0   Section        0  queue.o(.text.q_init)
    i.__scatterload_null                     0x000003fc   Section        2  handlers.o(i.__scatterload_null)
    RESET_COMMAND                            0x000003fe   Data           1  bme280.o(.rodata.RESET_COMMAND)
    [Anonymous Symbol]                       0x000003fe   Section        0  bme280.o(.rodata.RESET_COMMAND)
    SLEEP_COMMAND                            0x000003ff   Data           1  bme280.o(.rodata.SLEEP_COMMAND)
    [Anonymous Symbol]                       0x000003ff   Section        0  bme280.o(.rodata.SLEEP_COMMAND)
    .ARM.__at_0x400                          0x00000400   Section       16  startup_mkl25z4.o(.ARM.__at_0x400)
    [Anonymous Symbol]                       0x00000410   Section        0  logging.o(.text.PerodicLogging)
    __arm_cp.0_0                             0x00000484   Number         4  logging.o(.text.PerodicLogging)
    __arm_cp.0_1                             0x00000488   Number         4  logging.o(.text.PerodicLogging)
    __arm_cp.0_2                             0x0000048c   Number         4  logging.o(.text.PerodicLogging)
    __arm_cp.0_3                             0x00000490   Number         4  logging.o(.text.PerodicLogging)
    __arm_cp.0_4                             0x00000494   Number         4  logging.o(.text.PerodicLogging)
    [Anonymous Symbol]                       0x00000498   Section        0  system_mkl25z4.o(.text.SystemInit)
    __arm_cp.0_0                             0x000005a4   Number         4  system_mkl25z4.o(.text.SystemInit)
    __arm_cp.0_1                             0x000005a8   Number         4  system_mkl25z4.o(.text.SystemInit)
    __arm_cp.0_2                             0x000005ac   Number         4  system_mkl25z4.o(.text.SystemInit)
    __arm_cp.0_3                             0x000005b0   Number         4  system_mkl25z4.o(.text.SystemInit)
    __arm_cp.0_4                             0x000005b4   Number         4  system_mkl25z4.o(.text.SystemInit)
    __arm_cp.0_5                             0x000005b8   Number         4  system_mkl25z4.o(.text.SystemInit)
    __arm_cp.0_6                             0x000005bc   Number         4  system_mkl25z4.o(.text.SystemInit)
    __arm_cp.0_7                             0x000005c0   Number         4  system_mkl25z4.o(.text.SystemInit)
    __arm_cp.0_8                             0x000005c4   Number         4  system_mkl25z4.o(.text.SystemInit)
    __arm_cp.0_9                             0x000005c8   Number         4  system_mkl25z4.o(.text.SystemInit)
    __arm_cp.0_10                            0x000005cc   Number         4  system_mkl25z4.o(.text.SystemInit)
    [Anonymous Symbol]                       0x000005d0   Section        0  bme280.o(.text.bme280_init)
    [Anonymous Symbol]                       0x00000600   Section        0  bme280.o(.text.configure_bme280)
    __arm_cp.1_0                             0x00000690   Number         4  bme280.o(.text.configure_bme280)
    __arm_cp.1_1                             0x00000694   Number         4  bme280.o(.text.configure_bme280)
    __arm_cp.1_2                             0x00000698   Number         4  bme280.o(.text.configure_bme280)
    __arm_cp.1_3                             0x0000069c   Number         4  bme280.o(.text.configure_bme280)
    __arm_cp.1_4                             0x000006a0   Number         4  bme280.o(.text.configure_bme280)
    [Anonymous Symbol]                       0x000006a4   Section        0  delay.o(.text.delay_us)
    [Anonymous Symbol]                       0x000006c4   Section        0  configscreen.o(.text.displayStart)
    __arm_cp.1_0                             0x00000700   Number         4  configscreen.o(.text.displayStart)
    __arm_cp.1_2                             0x00000718   Number         4  configscreen.o(.text.displayStart)
    [Anonymous Symbol]                       0x00000730   Section        0  display_i2c1.o(.text.display_i2c1_init)
    [Anonymous Symbol]                       0x00000774   Section        0  bme280.o(.text.get_calibration)
    [Anonymous Symbol]                       0x00000830   Section        0  bme280.o(.text.get_humidity)
    __arm_cp.6_2                             0x000008e0   Number         4  bme280.o(.text.get_humidity)
    __arm_cp.6_3                             0x000008e4   Number         4  bme280.o(.text.get_humidity)
    [Anonymous Symbol]                       0x000008e8   Section        0  bme280.o(.text.get_temperature)
    __arm_cp.5_0                             0x00000954   Number         4  bme280.o(.text.get_temperature)
    __arm_cp.5_1                             0x00000958   Number         4  bme280.o(.text.get_temperature)
    [Anonymous Symbol]                       0x0000095c   Section        0  gps.o(.text.gps_init)
    __arm_cp.0_0                             0x0000096c   Number         4  gps.o(.text.gps_init)
    [Anonymous Symbol]                       0x00000970   Section        0  i2c1.o(.text.i2c1_init)
    __arm_cp.0_0                             0x000009b0   Number         4  i2c1.o(.text.i2c1_init)
    __arm_cp.0_1                             0x000009b4   Number         4  i2c1.o(.text.i2c1_init)
    __arm_cp.0_2                             0x000009b8   Number         4  i2c1.o(.text.i2c1_init)
    [Anonymous Symbol]                       0x000009bc   Section        0  i2c1.o(.text.i2c1_read)
    __arm_cp.1_0                             0x00000d08   Number         4  i2c1.o(.text.i2c1_read)
    __arm_cp.1_1                             0x00000d0c   Number         4  i2c1.o(.text.i2c1_read)
    [Anonymous Symbol]                       0x00000d10   Section        0  i2c1.o(.text.i2c1_write)
    __arm_cp.2_0                             0x00000f84   Number         4  i2c1.o(.text.i2c1_write)
    __arm_cp.2_1                             0x00000f88   Number         4  i2c1.o(.text.i2c1_write)
    [Anonymous Symbol]                       0x00000f8c   Section        0  display_i2c1.o(.text.i2c1_write_cmd)
    __arm_cp.1_0                             0x000011c8   Number         4  display_i2c1.o(.text.i2c1_write_cmd)
    __arm_cp.1_1                             0x000011cc   Number         4  display_i2c1.o(.text.i2c1_write_cmd)
    [Anonymous Symbol]                       0x000011d0   Section        0  display_i2c1.o(.text.i2c1_write_data)
    __arm_cp.2_0                             0x00001410   Number         4  display_i2c1.o(.text.i2c1_write_data)
    __arm_cp.2_1                             0x00001414   Number         4  display_i2c1.o(.text.i2c1_write_data)
    [Anonymous Symbol]                       0x00001418   Section        0  main.o(.text.main)
    __arm_cp.0_0                             0x00001488   Number         4  main.o(.text.main)
    __arm_cp.0_9                             0x00001504   Number         4  main.o(.text.main)
    [Anonymous Symbol]                       0x00001508   Section        0  pit.o(.text.pit_init)
    __arm_cp.0_0                             0x00001578   Number         4  pit.o(.text.pit_init)
    __arm_cp.0_1                             0x0000157c   Number         4  pit.o(.text.pit_init)
    __arm_cp.0_2                             0x00001580   Number         4  pit.o(.text.pit_init)
    __arm_cp.0_3                             0x00001584   Number         4  pit.o(.text.pit_init)
    __arm_cp.0_4                             0x00001588   Number         4  pit.o(.text.pit_init)
    __arm_cp.0_5                             0x0000158c   Number         4  pit.o(.text.pit_init)
    __arm_cp.0_6                             0x00001590   Number         4  pit.o(.text.pit_init)
    __arm_cp.0_7                             0x00001594   Number         4  pit.o(.text.pit_init)
    [Anonymous Symbol]                       0x00001598   Section        0  queue.o(.text.q_dequeue)
    [Anonymous Symbol]                       0x000015d8   Section        0  queue.o(.text.q_enqueue)
    __arm_cp.4_0                             0x00001618   Number         4  queue.o(.text.q_enqueue)
    [Anonymous Symbol]                       0x0000161c   Section        0  rg.o(.text.rg_init)
    __arm_cp.0_0                             0x00001654   Number         4  rg.o(.text.rg_init)
    __arm_cp.0_1                             0x00001658   Number         4  rg.o(.text.rg_init)
    __arm_cp.0_2                             0x0000165c   Number         4  rg.o(.text.rg_init)
    __arm_cp.0_3                             0x00001660   Number         4  rg.o(.text.rg_init)
    [Anonymous Symbol]                       0x00001664   Section        0  rg.o(.text.rg_onoff)
    __arm_cp.2_0                             0x0000167c   Number         4  rg.o(.text.rg_onoff)
    [Anonymous Symbol]                       0x00001680   Section        0  ssd1306.o(.text.ssd1306_clearscreen)
    [Anonymous Symbol]                       0x00001690   Section        0  ssd1306.o(.text.ssd1306_init)
    __arm_cp.0_1                             0x000016ac   Number         4  ssd1306.o(.text.ssd1306_init)
    [Anonymous Symbol]                       0x000016b0   Section        0  ssd1306.o(.text.ssd1306_putchar)
    __arm_cp.11_0                            0x00001a4c   Number         4  ssd1306.o(.text.ssd1306_putchar)
    __arm_cp.11_2                            0x00001a50   Number         4  ssd1306.o(.text.ssd1306_putchar)
    [Anonymous Symbol]                       0x00001a54   Section        0  ssd1306.o(.text.ssd1306_putstring)
    __arm_cp.12_0                            0x00001ad0   Number         4  ssd1306.o(.text.ssd1306_putstring)
    [Anonymous Symbol]                       0x00001ad4   Section        0  ssd1306.o(.text.ssd1306_setfont)
    __arm_cp.4_0                             0x00001adc   Number         4  ssd1306.o(.text.ssd1306_setfont)
    [Anonymous Symbol]                       0x00001ae0   Section        0  ssd1306.o(.text.ssd1306_setorientation)
    __arm_cp.5_0                             0x00001b34   Number         4  ssd1306.o(.text.ssd1306_setorientation)
    [Anonymous Symbol]                       0x00001b38   Section        0  ssd1306.o(.text.ssd1306_update)
    __arm_cp.3_0                             0x00001b88   Number         4  ssd1306.o(.text.ssd1306_update)
    __arm_cp.3_1                             0x00001b8c   Number         4  ssd1306.o(.text.ssd1306_update)
    __arm_cp.3_2                             0x00001b90   Number         4  ssd1306.o(.text.ssd1306_update)
    [Anonymous Symbol]                       0x00001b94   Section        0  switches.o(.text.sw_init)
    __arm_cp.0_1                             0x00001bd0   Number         4  switches.o(.text.sw_init)
    __arm_cp.0_2                             0x00001bd4   Number         4  switches.o(.text.sw_init)
    __arm_cp.0_3                             0x00001bd8   Number         4  switches.o(.text.sw_init)
    [Anonymous Symbol]                       0x00001bdc   Section        0  tpm1.o(.text.tpm1_init)
    __arm_cp.0_0                             0x00001c18   Number         4  tpm1.o(.text.tpm1_init)
    __arm_cp.0_1                             0x00001c1c   Number         4  tpm1.o(.text.tpm1_init)
    __arm_cp.0_2                             0x00001c20   Number         4  tpm1.o(.text.tpm1_init)
    __arm_cp.0_3                             0x00001c24   Number         4  tpm1.o(.text.tpm1_init)
    __arm_cp.0_4                             0x00001c28   Number         4  tpm1.o(.text.tpm1_init)
    [Anonymous Symbol]                       0x00001c2c   Section        0  uart0.o(.text.uart0_init)
    __arm_cp.0_0                             0x00001cac   Number         4  uart0.o(.text.uart0_init)
    __arm_cp.0_1                             0x00001cb0   Number         4  uart0.o(.text.uart0_init)
    __arm_cp.0_2                             0x00001cb4   Number         4  uart0.o(.text.uart0_init)
    __arm_cp.0_4                             0x00001cb8   Number         4  uart0.o(.text.uart0_init)
    __arm_cp.0_5                             0x00001cbc   Number         4  uart0.o(.text.uart0_init)
    __arm_cp.0_6                             0x00001cc0   Number         4  uart0.o(.text.uart0_init)
    __arm_cp.0_8                             0x00001cc4   Number         4  uart0.o(.text.uart0_init)
    [Anonymous Symbol]                       0x00001cc8   Section        0  uart0.o(.text.uart0_send_string)
    __arm_cp.2_0                             0x00001d00   Number         4  uart0.o(.text.uart0_send_string)
    __arm_cp.2_1                             0x00001d04   Number         4  uart0.o(.text.uart0_send_string)
    [Anonymous Symbol]                       0x00001d08   Section        0  uart2.o(.text.uart2_init)
    __arm_cp.0_0                             0x00001d48   Number         4  uart2.o(.text.uart2_init)
    __arm_cp.0_1                             0x00001d4c   Number         4  uart2.o(.text.uart2_init)
    __arm_cp.0_2                             0x00001d50   Number         4  uart2.o(.text.uart2_init)
    i.__scatterload_copy                     0x00001d54   Section       14  handlers.o(i.__scatterload_copy)
    i.__scatterload_zeroinit                 0x00001d62   Section       14  handlers.o(i.__scatterload_zeroinit)
    config_reg                               0x00003973   Data           1  bme280.o(.rodata.config_reg)
    [Anonymous Symbol]                       0x00003973   Section        0  bme280.o(.rodata.config_reg)
    ctrl_meas_reg                            0x00003974   Data           1  bme280.o(.rodata.ctrl_meas_reg)
    [Anonymous Symbol]                       0x00003974   Section        0  bme280.o(.rodata.ctrl_meas_reg)
    hum_config_reg                           0x00003975   Data           1  bme280.o(.rodata.hum_config_reg)
    [Anonymous Symbol]                       0x00003975   Section        0  bme280.o(.rodata.hum_config_reg)
    ssd1306_init_commands                    0x00003976   Data          29  ssd1306.o(.rodata.ssd1306_init_commands)
    [Anonymous Symbol]                       0x00003976   Section        0  ssd1306.o(.rodata.ssd1306_init_commands)
    font                                     0x1ffff000   Data           4  ssd1306.o(.data.font)
    [Anonymous Symbol]                       0x1ffff000   Section        0  ssd1306.o(.data.font)
    [Anonymous Symbol]                       0x1ffff008   Section        0  pit.o(.bss..L_MergedGlobals)
    PIT_IRQHandler.cnt                       0x1ffff00c   Data           4  pit.o(.bss..L_MergedGlobals)
    dig_H1                                   0x1ffff010   Data           1  bme280.o(.bss..L_MergedGlobals)
    [Anonymous Symbol]                       0x1ffff010   Section        0  bme280.o(.bss..L_MergedGlobals)
    dig_H3                                   0x1ffff011   Data           1  bme280.o(.bss..L_MergedGlobals)
    dig_H6                                   0x1ffff012   Data           1  bme280.o(.bss..L_MergedGlobals)
    dig_T1                                   0x1ffff014   Data           2  bme280.o(.bss..L_MergedGlobals)
    dig_T2                                   0x1ffff016   Data           2  bme280.o(.bss..L_MergedGlobals)
    dig_T3                                   0x1ffff018   Data           2  bme280.o(.bss..L_MergedGlobals)
    dig_H2                                   0x1ffff01a   Data           2  bme280.o(.bss..L_MergedGlobals)
    dig_H4                                   0x1ffff01c   Data           2  bme280.o(.bss..L_MergedGlobals)
    dig_H5                                   0x1ffff01e   Data           2  bme280.o(.bss..L_MergedGlobals)
    t_fine                                   0x1ffff020   Data           4  bme280.o(.bss..L_MergedGlobals)
    x                                        0x1ffff024   Data           1  ssd1306.o(.bss..L_MergedGlobals)
    [Anonymous Symbol]                       0x1ffff024   Section        0  ssd1306.o(.bss..L_MergedGlobals)
    y                                        0x1ffff025   Data           1  ssd1306.o(.bss..L_MergedGlobals)
    page                                     0x1ffff028   Data           1  logging.o(.bss..L_MergedGlobals)
    [Anonymous Symbol]                       0x1ffff028   Section        0  logging.o(.bss..L_MergedGlobals)
    numOfRecords                             0x1ffff02c   Data           4  logging.o(.bss..L_MergedGlobals)
    GPS_RxQ                                  0x1ffff030   Data         524  gps.o(.bss.GPS_RxQ)
    [Anonymous Symbol]                       0x1ffff030   Section        0  gps.o(.bss.GPS_RxQ)
    PageBuffer                               0x1ffff23c   Data         512  logging.o(.bss.PageBuffer)
    [Anonymous Symbol]                       0x1ffff23c   Section        0  logging.o(.bss.PageBuffer)
    RxQ                                      0x1ffff43c   Data         524  uart0.o(.bss.RxQ)
    [Anonymous Symbol]                       0x1ffff43c   Section        0  uart0.o(.bss.RxQ)
    TxQ                                      0x1ffff648   Data         524  uart0.o(.bss.TxQ)
    [Anonymous Symbol]                       0x1ffff648   Section        0  uart0.o(.bss.TxQ)
    STACK                                    0x1ffffc58   Section     1024  startup_mkl25z4.o(STACK)

    Global Symbols

    Symbol Name                              Value     Ov Type        Size  Object(Section)

    BuildAttributes$$THM_ISAv3M$S$PE$A:L22$X:L11$S22$IEEE1$IW$~IW$USESV6$~STKCKD$USESV7$~SHL$OTIME$ROPI$IEEEX$EBA8$MICROLIB$REQ8$PRES8$EABIv2 0x00000000   Number         0  anon$$obj.o ABSOLUTE
    __Vectors                                0x00000000   Data           4  startup_mkl25z4.o(RESET)
    __cpp_initialize__aeabi_                  - Undefined Weak Reference
    __cxa_finalize                            - Undefined Weak Reference
    __decompress                              - Undefined Weak Reference
    _clock_init                               - Undefined Weak Reference
    _microlib_exit                            - Undefined Weak Reference
    __Vectors_End                            0x000000c0   Data           0  startup_mkl25z4.o(RESET)
    __Vectors_Size                           0x000000c0   Number         0  startup_mkl25z4.o ABSOLUTE
    __main                                   0x000000c1   Thumb Code     0  entry.o(.ARM.Collect$$$$00000000)
    _main_stk                                0x000000c1   Thumb Code     0  entry2.o(.ARM.Collect$$$$00000001)
    _main_scatterload                        0x000000c5   Thumb Code     0  entry5.o(.ARM.Collect$$$$00000004)
    __main_after_scatterload                 0x000000c9   Thumb Code     0  entry5.o(.ARM.Collect$$$$00000004)
    _main_clock                              0x000000c9   Thumb Code     0  entry7b.o(.ARM.Collect$$$$00000008)
    _main_cpp_init                           0x000000c9   Thumb Code     0  entry8b.o(.ARM.Collect$$$$0000000A)
    _main_init                               0x000000c9   Thumb Code     0  entry9a.o(.ARM.Collect$$$$0000000B)
    __rt_final_cpp                           0x000000d1   Thumb Code     0  entry10a.o(.ARM.Collect$$$$0000000D)
    __rt_final_exit                          0x000000d1   Thumb Code     0  entry11a.o(.ARM.Collect$$$$0000000F)
    Reset_Handler                            0x000000d5   Thumb Code    12  startup_mkl25z4.o(.text)
    NMI_Handler                              0x000000e1   Thumb Code     2  startup_mkl25z4.o(.text)
    HardFault_Handler                        0x000000e3   Thumb Code     2  startup_mkl25z4.o(.text)
    SVC_Handler                              0x000000e5   Thumb Code     2  startup_mkl25z4.o(.text)
    PendSV_Handler                           0x000000e7   Thumb Code     2  startup_mkl25z4.o(.text)
    SysTick_Handler                          0x000000e9   Thumb Code     2  startup_mkl25z4.o(.text)
    ADC0_IRQHandler                          0x000000eb   Thumb Code     0  startup_mkl25z4.o(.text)
    CMP0_IRQHandler                          0x000000eb   Thumb Code     0  startup_mkl25z4.o(.text)
    DAC0_IRQHandler                          0x000000eb   Thumb Code     0  startup_mkl25z4.o(.text)
    DMA0_IRQHandler                          0x000000eb   Thumb Code     0  startup_mkl25z4.o(.text)
    DMA1_IRQHandler                          0x000000eb   Thumb Code     0  startup_mkl25z4.o(.text)
    DMA2_IRQHandler                          0x000000eb   Thumb Code     0  startup_mkl25z4.o(.text)
    DMA3_IRQHandler                          0x000000eb   Thumb Code     0  startup_mkl25z4.o(.text)
    DefaultISR                               0x000000eb   Thumb Code     0  startup_mkl25z4.o(.text)
    FTFA_IRQHandler                          0x000000eb   Thumb Code     0  startup_mkl25z4.o(.text)
    I2C0_IRQHandler                          0x000000eb   Thumb Code     0  startup_mkl25z4.o(.text)
    I2C1_IRQHandler                          0x000000eb   Thumb Code     0  startup_mkl25z4.o(.text)
    LLWU_IRQHandler                          0x000000eb   Thumb Code     0  startup_mkl25z4.o(.text)
    LPTMR0_IRQHandler                        0x000000eb   Thumb Code     0  startup_mkl25z4.o(.text)
    LVD_LVW_IRQHandler                       0x000000eb   Thumb Code     0  startup_mkl25z4.o(.text)
    MCG_IRQHandler                           0x000000eb   Thumb Code     0  startup_mkl25z4.o(.text)
    PORTA_IRQHandler                         0x000000eb   Thumb Code     0  startup_mkl25z4.o(.text)
    PORTD_IRQHandler                         0x000000eb   Thumb Code     0  startup_mkl25z4.o(.text)
    RTC_IRQHandler                           0x000000eb   Thumb Code     0  startup_mkl25z4.o(.text)
    RTC_Seconds_IRQHandler                   0x000000eb   Thumb Code     0  startup_mkl25z4.o(.text)
    Reserved20_IRQHandler                    0x000000eb   Thumb Code     0  startup_mkl25z4.o(.text)
    Reserved39_IRQHandler                    0x000000eb   Thumb Code     0  startup_mkl25z4.o(.text)
    Reserved45_IRQHandler                    0x000000eb   Thumb Code     0  startup_mkl25z4.o(.text)
    SPI0_IRQHandler                          0x000000eb   Thumb Code     0  startup_mkl25z4.o(.text)
    SPI1_IRQHandler                          0x000000eb   Thumb Code     0  startup_mkl25z4.o(.text)
    TPM0_IRQHandler                          0x000000eb   Thumb Code     0  startup_mkl25z4.o(.text)
    TPM1_IRQHandler                          0x000000eb   Thumb Code     0  startup_mkl25z4.o(.text)
    TPM2_IRQHandler                          0x000000eb   Thumb Code     0  startup_mkl25z4.o(.text)
    TSI0_IRQHandler                          0x000000eb   Thumb Code     0  startup_mkl25z4.o(.text)
    UART1_IRQHandler                         0x000000eb   Thumb Code     0  startup_mkl25z4.o(.text)
    UART2_IRQHandler                         0x000000eb   Thumb Code     0  startup_mkl25z4.o(.text)
    USB0_IRQHandler                          0x000000eb   Thumb Code     0  startup_mkl25z4.o(.text)
    __aeabi_memset                           0x000000fd   Thumb Code    14  memseta.o(.text)
    __aeabi_memset4                          0x000000fd   Thumb Code     0  memseta.o(.text)
    __aeabi_memset8                          0x000000fd   Thumb Code     0  memseta.o(.text)
    __aeabi_memclr                           0x0000010b   Thumb Code     4  memseta.o(.text)
    __aeabi_memclr4                          0x0000010b   Thumb Code     0  memseta.o(.text)
    __aeabi_memclr8                          0x0000010b   Thumb Code     0  memseta.o(.text)
    _memset$wrapper                          0x0000010f   Thumb Code    18  memseta.o(.text)
    __aeabi_fmul                             0x00000121   Thumb Code   122  fmul.o(.text)
    __aeabi_i2f                              0x0000019b   Thumb Code    22  fflti.o(.text)
    __aeabi_f2uiz                            0x000001b1   Thumb Code    40  ffixui.o(.text)
    __aeabi_uidiv                            0x000001d9   Thumb Code     0  uidiv_div0.o(.text)
    __aeabi_uidivmod                         0x000001d9   Thumb Code    62  uidiv_div0.o(.text)
    __I$use$fp                               0x00000217   Thumb Code     0  iusefp.o(.text)
    _float_round                             0x00000217   Thumb Code    16  fepilogue.o(.text)
    _float_epilogue                          0x00000227   Thumb Code   114  fepilogue.o(.text)
    __scatterload                            0x00000299   Thumb Code    38  init.o(.text)
    __scatterload_rt2                        0x00000299   Thumb Code     0  init.o(.text)
    EEPROM_init                              0x000002c9   Thumb Code    84  eeprom.o(.text.EEPROM_init)
    PIT_IRQHandler                           0x00000335   Thumb Code    72  pit.o(.text.PIT_IRQHandler)
    UART0_IRQHandler                         0x00000385   Thumb Code    92  uart0.o(.text.UART0_IRQHandler)
    q_init                                   0x000003f1   Thumb Code    12  queue.o(.text.q_init)
    __scatterload_null                       0x000003fd   Thumb Code     2  handlers.o(i.__scatterload_null)
    PerodicLogging                           0x00000411   Thumb Code   116  logging.o(.text.PerodicLogging)
    SystemInit                               0x00000499   Thumb Code   268  system_mkl25z4.o(.text.SystemInit)
    bme280_init                              0x000005d1   Thumb Code    48  bme280.o(.text.bme280_init)
    configure_bme280                         0x00000601   Thumb Code   144  bme280.o(.text.configure_bme280)
    delay_us                                 0x000006a5   Thumb Code    32  delay.o(.text.delay_us)
    displayStart                             0x000006c5   Thumb Code    60  configscreen.o(.text.displayStart)
    display_i2c1_init                        0x00000731   Thumb Code    68  display_i2c1.o(.text.display_i2c1_init)
    get_calibration                          0x00000775   Thumb Code   188  bme280.o(.text.get_calibration)
    get_humidity                             0x00000831   Thumb Code   176  bme280.o(.text.get_humidity)
    get_temperature                          0x000008e9   Thumb Code   108  bme280.o(.text.get_temperature)
    gps_init                                 0x0000095d   Thumb Code    16  gps.o(.text.gps_init)
    i2c1_init                                0x00000971   Thumb Code    64  i2c1.o(.text.i2c1_init)
    i2c1_read                                0x000009bd   Thumb Code   844  i2c1.o(.text.i2c1_read)
    i2c1_write                               0x00000d11   Thumb Code   628  i2c1.o(.text.i2c1_write)
    i2c1_write_cmd                           0x00000f8d   Thumb Code   572  display_i2c1.o(.text.i2c1_write_cmd)
    i2c1_write_data                          0x000011d1   Thumb Code   576  display_i2c1.o(.text.i2c1_write_data)
    main                                     0x00001419   Thumb Code   112  main.o(.text.main)
    pit_init                                 0x00001509   Thumb Code   112  pit.o(.text.pit_init)
    q_dequeue                                0x00001599   Thumb Code    64  queue.o(.text.q_dequeue)
    q_enqueue                                0x000015d9   Thumb Code    64  queue.o(.text.q_enqueue)
    rg_init                                  0x0000161d   Thumb Code    56  rg.o(.text.rg_init)
    rg_onoff                                 0x00001665   Thumb Code    24  rg.o(.text.rg_onoff)
    ssd1306_clearscreen                      0x00001681   Thumb Code    16  ssd1306.o(.text.ssd1306_clearscreen)
    ssd1306_init                             0x00001691   Thumb Code    28  ssd1306.o(.text.ssd1306_init)
    ssd1306_putchar                          0x000016b1   Thumb Code   924  ssd1306.o(.text.ssd1306_putchar)
    ssd1306_putstring                        0x00001a55   Thumb Code   124  ssd1306.o(.text.ssd1306_putstring)
    ssd1306_setfont                          0x00001ad5   Thumb Code     8  ssd1306.o(.text.ssd1306_setfont)
    ssd1306_setorientation                   0x00001ae1   Thumb Code    84  ssd1306.o(.text.ssd1306_setorientation)
    ssd1306_update                           0x00001b39   Thumb Code    80  ssd1306.o(.text.ssd1306_update)
    sw_init                                  0x00001b95   Thumb Code    60  switches.o(.text.sw_init)
    tpm1_init                                0x00001bdd   Thumb Code    60  tpm1.o(.text.tpm1_init)
    uart0_init                               0x00001c2d   Thumb Code   128  uart0.o(.text.uart0_init)
    uart0_send_string                        0x00001cc9   Thumb Code    56  uart0.o(.text.uart0_send_string)
    uart2_init                               0x00001d09   Thumb Code    64  uart2.o(.text.uart2_init)
    __scatterload_copy                       0x00001d55   Thumb Code    14  handlers.o(i.__scatterload_copy)
    __scatterload_zeroinit                   0x00001d63   Thumb Code    14  handlers.o(i.__scatterload_zeroinit)
    Dialog_plain_12                          0x00001d70   Data        3793  fonts.o(.rodata.Dialog_plain_12)
    Monospaced_plain_10                      0x00002c41   Data        3378  fonts.o(.rodata.Monospaced_plain_10)
    Region$$Table$$Base                      0x00003994   Number         0  anon$$obj.o(Region$$Table)
    Region$$Table$$Limit                     0x000039b4   Number         0  anon$$obj.o(Region$$Table)
    toggleLED                                0x1ffff008   Data           1  pit.o(.bss..L_MergedGlobals)
    logFlag                                  0x1ffff009   Data           1  pit.o(.bss..L_MergedGlobals)
    finishedRoute                            0x1ffff854   Data           1  main.o(.bss.finishedRoute)
    ssd1306_framebuffer                      0x1ffff858   Data        1024  ssd1306.o(.bss.ssd1306_framebuffer)
    __initial_sp                             0x20000058   Data           0  startup_mkl25z4.o(STACK)



==============================================================================

Memory Map of the image

  Image Entry point : 0x000000c1

  Load Region LR_IROM1 (Base: 0x00000000, Size: 0x000039c0, Max: 0x00020000, ABSOLUTE)

    Execution Region ER_IROM1 (Exec base: 0x00000000, Load base: 0x00000000, Size: 0x000039b4, Max: 0x00020000, ABSOLUTE)

    Exec Addr    Load Addr    Size         Type   Attr      Idx    E Section Name        Object

    0x00000000   0x00000000   0x000000c0   Data   RO          327    RESET               startup_mkl25z4.o
    0x000000c0   0x000000c0   0x00000000   Code   RO          370  * .ARM.Collect$$$$00000000  mc_p.l(entry.o)
    0x000000c0   0x000000c0   0x00000004   Code   RO          433    .ARM.Collect$$$$00000001  mc_p.l(entry2.o)
    0x000000c4   0x000000c4   0x00000004   Code   RO          436    .ARM.Collect$$$$00000004  mc_p.l(entry5.o)
    0x000000c8   0x000000c8   0x00000000   Code   RO          438    .ARM.Collect$$$$00000008  mc_p.l(entry7b.o)
    0x000000c8   0x000000c8   0x00000000   Code   RO          440    .ARM.Collect$$$$0000000A  mc_p.l(entry8b.o)
    0x000000c8   0x000000c8   0x00000008   Code   RO          441    .ARM.Collect$$$$0000000B  mc_p.l(entry9a.o)
    0x000000d0   0x000000d0   0x00000000   Code   RO          443    .ARM.Collect$$$$0000000D  mc_p.l(entry10a.o)
    0x000000d0   0x000000d0   0x00000000   Code   RO          445    .ARM.Collect$$$$0000000F  mc_p.l(entry11a.o)
    0x000000d0   0x000000d0   0x00000004   Code   RO          434    .ARM.Collect$$$$00002712  mc_p.l(entry2.o)
    0x000000d4   0x000000d4   0x00000028   Code   RO          329    .text               startup_mkl25z4.o
    0x000000fc   0x000000fc   0x00000024   Code   RO          386    .text               mc_p.l(memseta.o)
    0x00000120   0x00000120   0x0000007a   Code   RO          396    .text               mf_p.l(fmul.o)
    0x0000019a   0x0000019a   0x00000016   Code   RO          402    .text               mf_p.l(fflti.o)
    0x000001b0   0x000001b0   0x00000028   Code   RO          408    .text               mf_p.l(ffixui.o)
    0x000001d8   0x000001d8   0x0000003e   Code   RO          451    .text               mc_p.l(uidiv_div0.o)
    0x00000216   0x00000216   0x00000000   Code   RO          502    .text               mc_p.l(iusefp.o)
    0x00000216   0x00000216   0x00000082   Code   RO          503    .text               mf_p.l(fepilogue.o)
    0x00000298   0x00000298   0x00000030   Code   RO          513    .text               mc_p.l(init.o)
    0x000002c8   0x000002c8   0x0000006c   Code   RO           77    .text.EEPROM_init   eeprom.o
    0x00000334   0x00000334   0x00000050   Code   RO            4    .text.PIT_IRQHandler  pit.o
    0x00000384   0x00000384   0x0000006c   Code   RO           55    .text.UART0_IRQHandler  uart0.o
    0x000003f0   0x000003f0   0x0000000c   Code   RO           14    .text.q_init        queue.o
    0x000003fc   0x000003fc   0x00000002   Code   RO          547    i.__scatterload_null  mc_p.l(handlers.o)
    0x000003fe   0x000003fe   0x00000001   Data   RO          142    .rodata.RESET_COMMAND  bme280.o
    0x000003ff   0x000003ff   0x00000001   Data   RO          143    .rodata.SLEEP_COMMAND  bme280.o
    0x00000400   0x00000400   0x00000010   Code   RO          328    .ARM.__at_0x400     startup_mkl25z4.o
    0x00000410   0x00000410   0x00000088   Code   RO          315    .text.PerodicLogging  logging.o
    0x00000498   0x00000498   0x00000138   Code   RO          338    .text.SystemInit    system_mkl25z4.o
    0x000005d0   0x000005d0   0x00000030   Code   RO          128    .text.bme280_init   bme280.o
    0x00000600   0x00000600   0x000000a4   Code   RO          130    .text.configure_bme280  bme280.o
    0x000006a4   0x000006a4   0x00000020   Code   RO           91    .text.delay_us      delay.o
    0x000006c4   0x000006c4   0x0000006c   Code   RO          172    .text.displayStart  configscreen.o
    0x00000730   0x00000730   0x00000044   Code   RO          243    .text.display_i2c1_init  display_i2c1.o
    0x00000774   0x00000774   0x000000bc   Code   RO          136    .text.get_calibration  bme280.o
    0x00000830   0x00000830   0x000000b8   Code   RO          140    .text.get_humidity  bme280.o
    0x000008e8   0x000008e8   0x00000074   Code   RO          138    .text.get_temperature  bme280.o
    0x0000095c   0x0000095c   0x00000014   Code   RO          273    .text.gps_init      gps.o
    0x00000970   0x00000970   0x0000004c   Code   RO          156    .text.i2c1_init     i2c1.o
    0x000009bc   0x000009bc   0x00000354   Code   RO          158    .text.i2c1_read     i2c1.o
    0x00000d10   0x00000d10   0x0000027c   Code   RO          160    .text.i2c1_write    i2c1.o
    0x00000f8c   0x00000f8c   0x00000244   Code   RO          245    .text.i2c1_write_cmd  display_i2c1.o
    0x000011d0   0x000011d0   0x00000248   Code   RO          247    .text.i2c1_write_data  display_i2c1.o
    0x00001418   0x00001418   0x000000f0   Code   RO           34    .text.main          main.o
    0x00001508   0x00001508   0x00000090   Code   RO            2    .text.pit_init      pit.o
    0x00001598   0x00001598   0x00000040   Code   RO           24    .text.q_dequeue     queue.o
    0x000015d8   0x000015d8   0x00000044   Code   RO           22    .text.q_enqueue     queue.o
    0x0000161c   0x0000161c   0x00000048   Code   RO          100    .text.rg_init       rg.o
    0x00001664   0x00001664   0x0000001c   Code   RO          104    .text.rg_onoff      rg.o
    0x00001680   0x00001680   0x00000010   Code   RO          213    .text.ssd1306_clearscreen  ssd1306.o
    0x00001690   0x00001690   0x00000020   Code   RO          199    .text.ssd1306_init  ssd1306.o
    0x000016b0   0x000016b0   0x000003a4   Code   RO          221    .text.ssd1306_putchar  ssd1306.o
    0x00001a54   0x00001a54   0x00000080   Code   RO          223    .text.ssd1306_putstring  ssd1306.o
    0x00001ad4   0x00001ad4   0x0000000c   Code   RO          207    .text.ssd1306_setfont  ssd1306.o
    0x00001ae0   0x00001ae0   0x00000058   Code   RO          209    .text.ssd1306_setorientation  ssd1306.o
    0x00001b38   0x00001b38   0x0000005c   Code   RO          205    .text.ssd1306_update  ssd1306.o
    0x00001b94   0x00001b94   0x00000048   Code   RO          257    .text.sw_init       switches.o
    0x00001bdc   0x00001bdc   0x00000050   Code   RO           45    .text.tpm1_init     tpm1.o
    0x00001c2c   0x00001c2c   0x0000009c   Code   RO           53    .text.uart0_init    uart0.o
    0x00001cc8   0x00001cc8   0x00000040   Code   RO           57    .text.uart0_send_string  uart0.o
    0x00001d08   0x00001d08   0x0000004c   Code   RO          301    .text.uart2_init    uart2.o
    0x00001d54   0x00001d54   0x0000000e   Code   RO          546    i.__scatterload_copy  mc_p.l(handlers.o)
    0x00001d62   0x00001d62   0x0000000e   Code   RO          548    i.__scatterload_zeroinit  mc_p.l(handlers.o)
    0x00001d70   0x00001d70   0x00000ed1   Data   RO          193    .rodata.Dialog_plain_12  fonts.o
    0x00002c41   0x00002c41   0x00000d32   Data   RO          192    .rodata.Monospaced_plain_10  fonts.o
    0x00003973   0x00003973   0x00000001   Data   RO          145    .rodata.config_reg  bme280.o
    0x00003974   0x00003974   0x00000001   Data   RO          146    .rodata.ctrl_meas_reg  bme280.o
    0x00003975   0x00003975   0x00000001   Data   RO          144    .rodata.hum_config_reg  bme280.o
    0x00003976   0x00003976   0x0000001d   Data   RO          232    .rodata.ssd1306_init_commands  ssd1306.o
    0x00003993   0x00003993   0x00000001   PAD
    0x00003994   0x00003994   0x00000020   Data   RO          545    Region$$Table       anon$$obj.o


    Execution Region RW_IRAM1 (Exec base: 0x1ffff000, Load base: 0x000039b8, Size: 0x00001058, Max: 0x00004000, ABSOLUTE)

    Exec Addr    Load Addr    Size         Type   Attr      Idx    E Section Name        Object

    0x1ffff000   0x000039b8   0x00000004   Data   RW          233    .data.font          ssd1306.o
    0x1ffff004   0x000039bc   0x00000004   PAD
    0x1ffff008        -       0x00000008   Zero   RW            6    .bss..L_MergedGlobals  pit.o
    0x1ffff010        -       0x00000014   Zero   RW          147    .bss..L_MergedGlobals  bme280.o
    0x1ffff024        -       0x00000002   Zero   RW          234    .bss..L_MergedGlobals  ssd1306.o
    0x1ffff026   0x000039bc   0x00000002   PAD
    0x1ffff028        -       0x00000008   Zero   RW          318    .bss..L_MergedGlobals  logging.o
    0x1ffff030        -       0x0000020c   Zero   RW          289    .bss.GPS_RxQ        gps.o
    0x1ffff23c        -       0x00000200   Zero   RW          317    .bss.PageBuffer     logging.o
    0x1ffff43c        -       0x0000020c   Zero   RW           66    .bss.RxQ            uart0.o
    0x1ffff648        -       0x0000020c   Zero   RW           65    .bss.TxQ            uart0.o
    0x1ffff854        -       0x00000001   Zero   RW           36    .bss.finishedRoute  main.o
    0x1ffff855   0x000039bc   0x00000003   PAD
    0x1ffff858        -       0x00000400   Zero   RW          231    .bss.ssd1306_framebuffer  ssd1306.o
    0x1ffffc58        -       0x00000400   Zero   RW          325    STACK               startup_mkl25z4.o


==============================================================================

Image component sizes


      Code (inc. data)   RO Data    RW Data    ZI Data      Debug   Object Name

       700         36          5          0         20       4839   bme280.o
       108         48          0          0          0       2662   configscreen.o
        32          0          0          0          0        636   delay.o
      1232         16          0          0          0       6339   display_i2c1.o
       108         24          0          0          0      21397   eeprom.o
         0          0       7171          0          0        473   fonts.o
        20          4          0          0        524       5162   gps.o
      1564         28          0          0          0       7305   i2c1.o
       136         20          0          0        520       1495   logging.o
       240        128          0          0          1       1082   main.o
       224         40          0          0          8       3767   pit.o
       144          4          0          0          0       2746   queue.o
       100         20          0          0          0       2502   rg.o
      1300         36         29          4       1026      12286   ssd1306.o
        56         30        192          0       1024        924   startup_mkl25z4.o
        72         12          0          0          0       2408   switches.o
       312         44          0          0          0       3363   system_mkl25z4.o
        80         20          0          0          0       1871   tpm1.o
       328         52          0          0       1048       4861   uart0.o
        76         12          0          0          0       2197   uart2.o

    ----------------------------------------------------------------------
      6832        574       7430          4       4180      88315   Object Totals
         0          0         32          0          0          0   (incl. Generated)
         0          0          1          0          9          0   (incl. Padding)

    ----------------------------------------------------------------------

      Code (inc. data)   RO Data    RW Data    ZI Data      Debug   Library Member Name

         0          0          0          0          0          0   entry.o
         0          0          0          0          0          0   entry10a.o
         0          0          0          0          0          0   entry11a.o
         8          4          0          0          0          0   entry2.o
         4          0          0          0          0          0   entry5.o
         0          0          0          0          0          0   entry7b.o
         0          0          0          0          0          0   entry8b.o
         8          4          0          0          0          0   entry9a.o
        30          0          0          0          0          0   handlers.o
        48         10          0          0          0         68   init.o
         0          0          0          0          0          0   iusefp.o
        36          0          0          0          0        100   memseta.o
        62          0          0          0          0         72   uidiv_div0.o
       130          0          0          0          0        144   fepilogue.o
        40          0          0          0          0         60   ffixui.o
        22          0          0          0          0         68   fflti.o
       122          0          0          0          0         72   fmul.o

    ----------------------------------------------------------------------
       510         18          0          0          0        584   Library Totals
         0          0          0          0          0          0   (incl. Padding)

    ----------------------------------------------------------------------

      Code (inc. data)   RO Data    RW Data    ZI Data      Debug   Library Name

       196         18          0          0          0        240   mc_p.l
       314          0          0          0          0        344   mf_p.l

    ----------------------------------------------------------------------
       510         18          0          0          0        584   Library Totals

    ----------------------------------------------------------------------

==============================================================================


      Code (inc. data)   RO Data    RW Data    ZI Data      Debug   

      7342        592       7430          4       4180      88579   Grand Totals
      7342        592       7430          4       4180      88579   ELF Image Totals
      7342        592       7430          4          0          0   ROM Totals

==============================================================================

    Total RO  Size (Code + RO Data)                14772 (  14.43kB)
    Total RW  Size (RW Data + ZI Data)              4184 (   4.09kB)
    Total ROM Size (Code + RO Data + RW Data)      14776 (  14.43kB)

==============================================================================

