<html>
<body>
<pre>
<h1>µVision Build Log</h1>
<h2>Tool Versions:</h2>
IDE-Version: µVision V5.39.0.0
Copyright (C) 2023 ARM Ltd and ARM Germany GmbH. All rights reserved.
License Information: Thijs Hulshof, HAN, LIC=----
 
Tool Versions:
Toolchain:       MDK-Lite  Version: 5.39.0.0
Toolchain Path:  C:\Keil_v5\ARM\ARMCLANG\Bin
C Compiler:      ArmClang.exe V6.21
Assembler:       Armasm.exe V6.21
Linker/Locator:  ArmLink.exe V6.21
Library Manager: ArmAr.exe V6.21
Hex Converter:   FromElf.exe V6.21
CPU DLL:         SARMCM3.DLL V5.39.0.0
Dialog DLL:      DARMCM1.DLL V1.19.6.0
Target DLL:      CMSIS_AGDI.dll V1.33.16.0
Dialog DLL:      TARMCM1.DLL V1.14.6.0
 
<h2>Project:</h2>
C:\Users\thijs\Downloads\FRDM-KL25Z_code-BME280-humidity\EmbeddedSoftMainProgram\EmbeddedSoftMainProgram.uvprojx
Project File Date:  05/28/2024

<h2>Output:</h2>
*** Using Compiler 'V6.21', folder: 'C:\Keil_v5\ARM\ARMCLANG\Bin'
Rebuild target 'EmbeddedSoftMainProgram'
compiling pit.c...
compiling uart0.c...
compiling delay.c...
compiling tpm1.c...
compiling rg.c...
compiling queue.c...
compiling main.c...
bme280/bme280.c(236): warning: implicit conversion loses integer precision: 'int' to 'uint16_t' (aka 'unsigned short') [-Wimplicit-int-conversion]
  236 |         dig_T1 = ((dig_t1_local[1] << 8) | (dig_t1_local[0] << 0));
      |                ~  ~~~~~~~~~~~~~~~~~~~~~~~^~~~~~~~~~~~~~~~~~~~~~~~
bme280/bme280.c(237): warning: implicit conversion loses integer precision: 'int' to 'int16_t' (aka 'short') [-Wimplicit-int-conversion]
  237 |         dig_T2 = ((dig_t2_local[1] << 8) | (dig_t2_local[0] << 0));
      |                ~  ~~~~~~~~~~~~~~~~~~~~~~~^~~~~~~~~~~~~~~~~~~~~~~~
bme280/bme280.c(238): warning: implicit conversion loses integer precision: 'int' to 'int16_t' (aka 'short') [-Wimplicit-int-conversion]
  238 |         dig_T3 = ((dig_t3_local[1] << 8) | (dig_t3_local[0] << 0));
      |                ~  ~~~~~~~~~~~~~~~~~~~~~~~^~~~~~~~~~~~~~~~~~~~~~~~
bme280/bme280.c(241): warning: implicit conversion loses integer precision: 'int' to 'int16_t' (aka 'short') [-Wimplicit-int-conversion]
  241 |   dig_H2 = ((dig_h2_local[1] << 8) | (dig_h2_local[0] << 0));   
      |          ~  ~~~~~~~~~~~~~~~~~~~~~~~^~~~~~~~~~~~~~~~~~~~~~~~
bme280/bme280.c(243): warning: implicit conversion loses integer precision: 'int' to 'int16_t' (aka 'short') [-Wimplicit-int-conversion]
  243 |   dig_H4 = ((dig_h4_local[0] << 4) | (dig_h4_local[1] & 0xF));
      |          ~  ~~~~~~~~~~~~~~~~~~~~~~~^~~~~~~~~~~~~~~~~~~~~~~~~
bme280/bme280.c(244): warning: implicit conversion loses integer precision: 'int' to 'int16_t' (aka 'short') [-Wimplicit-int-conversion]
  244 |   dig_H5 = ((dig_h5_local[1] << 4) | (dig_h5_local[0] >> 4));   
      |          ~  ~~~~~~~~~~~~~~~~~~~~~~~^~~~~~~~~~~~~~~~~~~~~~~~
6 warnings generated.
compiling bme280.c...
compiling i2c0.c...
compiling i2c1.c...
compiling fonts.c...
compiling configScreen.c...
compiling EEPROM.c...
compiling switches.c...
compiling display_i2c1.c...
compiling uart2.c...
compiling ssd1306.c...
assembling startup_MKL25Z4.s...
compiling system_MKL25Z4.c...
gps/gps.c(12): warning: In file included from...
gps/gps.h(14): warning: padding size of 'struct DataGps' with 2 bytes to alignment boundary [-Wpadded]
   14 | typedef struct DataGps {
      |                ^
gps/gps.c(176): warning: 'return' will never be executed [-Wunreachable-code-return]
  176 |     return newData;
      |            ^~~~~~~
2 warnings generated.
compiling gps.c...
linking...
Program Size: Code=16914 RO-data=7598 RW-data=528 ZI-data=4320  
".\obj\EmbeddedSoftMainProgram.axf" - 0 Error(s), 8 Warning(s).

<h2>Software Packages used:</h2>

Package Vendor: ARM
                http://www.keil.com/pack/ARM.CMSIS.5.9.0.pack
                ARM::CMSIS@5.9.0
                CMSIS (Common Microcontroller Software Interface Standard)
   * Component: CORE Version: 5.6.0

Package Vendor: Keil
                https://www.keil.com/pack/Keil.Kinetis_KLxx_DFP.1.15.1.pack
                Keil::Kinetis_KLxx_DFP@1.15.1
                NXP Kinetis KLxx Series Device Support and Examples
   * Component: Startup Version: 2.5.0

<h2>Collection of Component include folders:</h2>
  ./RTE/Device/MKL25Z128xxx4
  ./RTE/_EmbeddedSoftMainProgram
  C:/Users/thijs/AppData/Local/Arm/Packs/ARM/CMSIS/5.9.0/CMSIS/Core/Include
  C:/Users/thijs/AppData/Local/Arm/Packs/Keil/Kinetis_KLxx_DFP/1.15.1/Device/Include

<h2>Collection of Component Files used:</h2>

   * Component: ARM::CMSIS:CORE@5.6.0

   * Component: Keil::Device:Startup@2.5.0
      Include file:  Device/Source/system_MKL25Z4.h
      Source file:   Device/Source/ARM/startup_MKL25Z4.s
      Source file:   Device/Source/system_MKL25Z4.c
Build Time Elapsed:  00:00:02
</pre>
</body>
</html>
