Component: Arm Compiler for Embedded 6.21 Tool: armlink [5ec1fa00]

==============================================================================

Section Cross References

    pit.o(.ARM.exidx.text.pit_init) refers to pit.o(.text.pit_init) for [Anonymous Symbol]
    pit.o(.text.PIT_IRQHandler) refers to pit.o(.bss..L_MergedGlobals) for [Anonymous Symbol]
    pit.o(.ARM.exidx.text.PIT_IRQHandler) refers to pit.o(.text.PIT_IRQHandler) for [Anonymous Symbol]
    queue.o(.text.q_init) refers to memseta.o(.text) for __aeabi_memclr
    queue.o(.ARM.exidx.text.q_init) refers to queue.o(.text.q_init) for [Anonymous Symbol]
    queue.o(.ARM.exidx.text.q_empty) refers to queue.o(.text.q_empty) for [Anonymous Symbol]
    queue.o(.ARM.exidx.text.q_full) refers to queue.o(.text.q_full) for [Anonymous Symbol]
    queue.o(.ARM.exidx.text.q_size) refers to queue.o(.text.q_size) for [Anonymous Symbol]
    queue.o(.ARM.exidx.text.q_enqueue) refers to queue.o(.text.q_enqueue) for [Anonymous Symbol]
    queue.o(.ARM.exidx.text.q_dequeue) refers to queue.o(.text.q_dequeue) for [Anonymous Symbol]
    main.o(.text.main) refers to delay.o(.text.delay_us) for delay_us
    main.o(.text.main) refers to uart0.o(.text.uart0_init) for uart0_init
    main.o(.text.main) refers to uart0.o(.text.uart0_send_string) for uart0_send_string
    main.o(.text.main) refers to rg.o(.text.rg_init) for rg_init
    main.o(.text.main) refers to pit.o(.text.pit_init) for pit_init
    main.o(.text.main) refers to tpm1.o(.text.tpm1_init) for tpm1_init
    main.o(.text.main) refers to eeprom.o(.text.EEPROM_init) for EEPROM_init
    main.o(.text.main) refers to bme280.o(.text.bme280_init) for bme280_init
    main.o(.text.main) refers to configscreen.o(.text.displayStart) for displayStart
    main.o(.text.main) refers to gps.o(.text.gps_init) for gps_init
    main.o(.text.main) refers to eeprom.o(.text.EEPROM_write_page) for EEPROM_write_page
    main.o(.text.main) refers to eeprom.o(.text.EEPROM_read_page) for EEPROM_read_page
    main.o(.text.main) refers to gps.o(.text.gps_newData) for gps_newData
    main.o(.text.main) refers to bme280.o(.text.get_temperature) for get_temperature
    main.o(.text.main) refers to idiv_div0.o(.text) for __aeabi_idiv
    main.o(.text.main) refers to printf1.o(i.__0sprintf$1) for __2sprintf
    main.o(.text.main) refers to bme280.o(.text.get_humidity) for get_humidity
    main.o(.text.main) refers to configscreen.o(.text.displayDistance) for displayDistance
    main.o(.text.main) refers to rg.o(.text.rg_onoff) for rg_onoff
    main.o(.text.main) refers to switches.o(.text.sw_pressed) for sw_pressed
    main.o(.text.main) refers to main.o(.data.data_write) for [Anonymous Symbol]
    main.o(.text.main) refers to main.o(.bss.data_read) for [Anonymous Symbol]
    main.o(.text.main) refers to main.o(.rodata.str1.1) for [Anonymous Symbol]
    main.o(.text.main) refers to pit.o(.bss..L_MergedGlobals) for toggleLED
    main.o(.ARM.exidx.text.main) refers to main.o(.text.main) for [Anonymous Symbol]
    tpm1.o(.ARM.exidx.text.tpm1_init) refers to tpm1.o(.text.tpm1_init) for [Anonymous Symbol]
    uart0.o(.text.uart0_init) refers to queue.o(.text.q_init) for q_init
    uart0.o(.text.uart0_init) refers to uart0.o(.bss.TxQ) for [Anonymous Symbol]
    uart0.o(.text.uart0_init) refers to uart0.o(.bss.RxQ) for [Anonymous Symbol]
    uart0.o(.ARM.exidx.text.uart0_init) refers to uart0.o(.text.uart0_init) for [Anonymous Symbol]
    uart0.o(.text.UART0_IRQHandler) refers to queue.o(.text.q_dequeue) for q_dequeue
    uart0.o(.text.UART0_IRQHandler) refers to queue.o(.text.q_enqueue) for q_enqueue
    uart0.o(.text.UART0_IRQHandler) refers to uart0.o(.bss.TxQ) for [Anonymous Symbol]
    uart0.o(.text.UART0_IRQHandler) refers to uart0.o(.bss.RxQ) for [Anonymous Symbol]
    uart0.o(.ARM.exidx.text.UART0_IRQHandler) refers to uart0.o(.text.UART0_IRQHandler) for [Anonymous Symbol]
    uart0.o(.text.uart0_send_string) refers to queue.o(.text.q_enqueue) for q_enqueue
    uart0.o(.text.uart0_send_string) refers to uart0.o(.bss.TxQ) for [Anonymous Symbol]
    uart0.o(.ARM.exidx.text.uart0_send_string) refers to uart0.o(.text.uart0_send_string) for [Anonymous Symbol]
    uart0.o(.text.uart0_num_rx_chars_available) refers to queue.o(.text.q_size) for q_size
    uart0.o(.text.uart0_num_rx_chars_available) refers to uart0.o(.bss.RxQ) for [Anonymous Symbol]
    uart0.o(.ARM.exidx.text.uart0_num_rx_chars_available) refers to uart0.o(.text.uart0_num_rx_chars_available) for [Anonymous Symbol]
    uart0.o(.text.uart0_get_char) refers to queue.o(.text.q_dequeue) for q_dequeue
    uart0.o(.text.uart0_get_char) refers to uart0.o(.bss.RxQ) for [Anonymous Symbol]
    uart0.o(.ARM.exidx.text.uart0_get_char) refers to uart0.o(.text.uart0_get_char) for [Anonymous Symbol]
    uart0.o(.text.uart0_put_char) refers to queue.o(.text.q_enqueue) for q_enqueue
[...]
    ffltui.o(.text) refers (Special) to iusefp.o(.text) for __I$use$fp
    ffltui.o(.text) refers to fepilogue.o(.text) for _float_epilogue
    isspace_c.o(.text) refers to ctype_c.o(.text) for __ctype_lookup
    scanf_fp.o(.text) refers (Special) to iusefp.o(.text) for __I$use$fp
    scanf_fp.o(.text) refers to llmul.o(.text) for __aeabi_lmul
    scanf_fp.o(.text) refers to dfltul.o(.text) for __aeabi_ul2d
    scanf_fp.o(.text) refers to dmul.o(.text) for __aeabi_dmul
    scanf_fp.o(.text) refers to ddiv.o(.text) for __aeabi_ddiv
    scanf_fp.o(.text) refers to scanf_fp.o(i._is_digit) for _is_digit
    scanf_fp.o(.text) refers to d2f.o(.text) for __aeabi_d2f
    ctype_c.o(.text) refers to ctype_c.o(.constdata) for .constdata
    dfltul.o(.text) refers (Special) to iusefp.o(.text) for __I$use$fp
    dfltul.o(.text) refers to depilogue.o(.text) for _double_epilogue
    rredf.o(i.__ARM_common_ll_muluu) refers (Special) to iusefp.o(.text) for __I$use$fp
    depilogue.o(i.__ARM_clz) refers (Special) to iusefp.o(.text) for __I$use$fp
    scanf_fp.o(i._is_digit) refers (Special) to iusefp.o(.text) for __I$use$fp


==============================================================================

Removing Unused input sections from the image.

    Removing pit.o(.text), (0 bytes).
    Removing pit.o(.ARM.exidx.text.pit_init), (8 bytes).
    Removing pit.o(.ARM.exidx.text.PIT_IRQHandler), (8 bytes).
    Removing queue.o(.text), (0 bytes).
    Removing queue.o(.ARM.exidx.text.q_init), (8 bytes).
    Removing queue.o(.text.q_empty), (12 bytes).
    Removing queue.o(.ARM.exidx.text.q_empty), (8 bytes).
    Removing queue.o(.text.q_full), (20 bytes).
    Removing queue.o(.ARM.exidx.text.q_full), (8 bytes).
    Removing queue.o(.text.q_size), (8 bytes).
    Removing queue.o(.ARM.exidx.text.q_size), (8 bytes).
    Removing queue.o(.ARM.exidx.text.q_enqueue), (8 bytes).
    Removing queue.o(.ARM.exidx.text.q_dequeue), (8 bytes).
    Removing main.o(.text), (0 bytes).
    Removing main.o(.ARM.exidx.text.main), (8 bytes).
    Removing main.o(.ARM.use_no_argv), (4 bytes).
    Removing tpm1.o(.text), (0 bytes).
    Removing tpm1.o(.ARM.exidx.text.tpm1_init), (8 bytes).
    Removing uart0.o(.text), (0 bytes).
    Removing uart0.o(.ARM.exidx.text.uart0_init), (8 bytes).
    Removing uart0.o(.ARM.exidx.text.UART0_IRQHandler), (8 bytes).
    Removing uart0.o(.ARM.exidx.text.uart0_send_string), (8 bytes).
    Removing uart0.o(.text.uart0_num_rx_chars_available), (16 bytes).
    Removing uart0.o(.ARM.exidx.text.uart0_num_rx_chars_available), (8 bytes).
    Removing uart0.o(.text.uart0_get_char), (36 bytes).
    Removing uart0.o(.ARM.exidx.text.uart0_get_char), (8 bytes).
    Removing uart0.o(.ARM.exidx.text.uart0_put_char), (8 bytes).
    Removing eeprom.o(.text), (0 bytes).
    Removing eeprom.o(.text.spi_init), (100 bytes).
    Removing eeprom.o(.ARM.exidx.text.spi_init), (8 bytes).
    Removing eeprom.o(.ARM.exidx.text.EEPROM_init), (8 bytes).
    Removing eeprom.o(.ARM.exidx.text.EEPROM_write_page), (8 bytes).
    Removing eeprom.o(.ARM.exidx.text.EEPROM_read_page), (8 bytes).
    Removing delay.o(.text), (0 bytes).
    Removing delay.o(.ARM.exidx.text.delay_us), (8 bytes).
    Removing rg.o(.text), (0 bytes).
    Removing rg.o(.ARM.exidx.text.rg_init), (8 bytes).
    Removing rg.o(.text.rg_pwmcontrol), (16 bytes).
    Removing rg.o(.ARM.exidx.text.rg_pwmcontrol), (8 bytes).
    Removing rg.o(.ARM.exidx.text.rg_onoff), (8 bytes).
    Removing i2c0.o(.text), (0 bytes).
    Removing i2c0.o(.text.i2c0_init), (76 bytes).
    Removing i2c0.o(.ARM.exidx.text.i2c0_init), (8 bytes).
    Removing i2c0.o(.text.i2c0_read), (852 bytes).
    Removing i2c0.o(.ARM.exidx.text.i2c0_read), (8 bytes).
    Removing i2c0.o(.text.i2c0_write), (636 bytes).
    Removing i2c0.o(.ARM.exidx.text.i2c0_write), (8 bytes).
    Removing bme280.o(.text), (0 bytes).
    Removing bme280.o(.ARM.exidx.text.bme280_init), (8 bytes).
    Removing bme280.o(.ARM.exidx.text.configure_bme280), (8 bytes).
    Removing bme280.o(.text.reset_bme280), (80 bytes).
    Removing bme280.o(.ARM.exidx.text.reset_bme280), (8 bytes).
    Removing bme280.o(.text.read_calibration_status), (32 bytes).
    Removing bme280.o(.ARM.exidx.text.read_calibration_status), (8 bytes).
    Removing bme280.o(.ARM.exidx.text.get_calibration), (8 bytes).
    Removing bme280.o(.ARM.exidx.text.get_temperature), (8 bytes).
    Removing bme280.o(.ARM.exidx.text.get_humidity), (8 bytes).
    Removing i2c1.o(.text), (0 bytes).
    Removing i2c1.o(.ARM.exidx.text.i2c1_init), (8 bytes).
    Removing i2c1.o(.ARM.exidx.text.i2c1_read), (8 bytes).
    Removing i2c1.o(.ARM.exidx.text.i2c1_write), (8 bytes).
    Removing configscreen.o(.text), (0 bytes).
    Removing configscreen.o(.text.setSelect), (68 bytes).
    Removing configscreen.o(.ARM.exidx.text.setSelect), (8 bytes).
    Removing configscreen.o(.ARM.exidx.text.displayStart), (8 bytes).
    Removing configscreen.o(.ARM.exidx.text.displayDistance), (8 bytes).
    Removing configscreen.o(.text.displayPuzzle), (76 bytes).
    Removing configscreen.o(.ARM.exidx.text.displayPuzzle), (8 bytes).
    Removing configscreen.o(.text.getSelection), (148 bytes).
    Removing configscreen.o(.ARM.exidx.text.getSelection), (8 bytes).
    Removing configscreen.o(.rodata.str1.1), (4 bytes).
    Removing configscreen.o(.rodata..Lswitch.table.getSelection), (12 bytes).
    Removing configscreen.o(.rodata..Lswitch.table.getSelection.14), (12 bytes).
    Removing configscreen.o(.rodata..Lswitch.table.getSelection.15), (12 bytes).
    Removing fonts.o(.text), (0 bytes).
    Removing ssd1306.o(.text), (0 bytes).
    Removing ssd1306.o(.ARM.exidx.text.ssd1306_init), (8 bytes).
    Removing ssd1306.o(.text.ssd1306_command), (56 bytes).
    Removing ssd1306.o(.ARM.exidx.text.ssd1306_command), (8 bytes).
    Removing ssd1306.o(.text.ssd1306_data), (56 bytes).
    Removing ssd1306.o(.ARM.exidx.text.ssd1306_data), (8 bytes).
    Removing ssd1306.o(.ARM.exidx.text.ssd1306_update), (8 bytes).
    Removing ssd1306.o(.ARM.exidx.text.ssd1306_setfont), (8 bytes).
    Removing ssd1306.o(.ARM.exidx.text.ssd1306_setorientation), (8 bytes).
    Removing ssd1306.o(.text.ssd1306_setinverse), (68 bytes).
    Removing ssd1306.o(.ARM.exidx.text.ssd1306_setinverse), (8 bytes).
    Removing ssd1306.o(.ARM.exidx.text.ssd1306_clearscreen), (8 bytes).
    Removing ssd1306.o(.text.ssd1306_setcontrast), (32 bytes).
    Removing ssd1306.o(.ARM.exidx.text.ssd1306_setcontrast), (8 bytes).
    Removing ssd1306.o(.text.ssd1306_goto), (24 bytes).
    Removing ssd1306.o(.ARM.exidx.text.ssd1306_goto), (8 bytes).
    Removing ssd1306.o(.text.ssd1306_setpixel), (48 bytes).
    Removing ssd1306.o(.ARM.exidx.text.ssd1306_setpixel), (8 bytes).
    Removing ssd1306.o(.ARM.exidx.text.ssd1306_putchar), (8 bytes).
    Removing ssd1306.o(.ARM.exidx.text.ssd1306_putstring), (8 bytes).
    Removing ssd1306.o(.text.ssd1306_terminal), (900 bytes).
    Removing ssd1306.o(.ARM.exidx.text.ssd1306_terminal), (8 bytes).
    Removing ssd1306.o(.text.ssd1306_drawline), (316 bytes).
    Removing ssd1306.o(.ARM.exidx.text.ssd1306_drawline), (8 bytes).
    Removing ssd1306.o(.text.ssd1306_drawbitmap), (20 bytes).
    Removing ssd1306.o(.ARM.exidx.text.ssd1306_drawbitmap), (8 bytes).
    Removing display_i2c1.o(.text), (0 bytes).
    Removing display_i2c1.o(.ARM.exidx.text.display_i2c1_init), (8 bytes).
    Removing display_i2c1.o(.ARM.exidx.text.i2c1_write_cmd), (8 bytes).
    Removing display_i2c1.o(.ARM.exidx.text.i2c1_write_data), (8 bytes).
    Removing switches.o(.text), (0 bytes).
    Removing switches.o(.ARM.exidx.text.sw_init), (8 bytes).
    Removing switches.o(.ARM.exidx.text.sw_pressed), (8 bytes).
    Removing switches.o(.bss.sw_clicked_flag_1), (1 bytes).
    Removing switches.o(.bss.sw_clicked_flag_2), (1 bytes).
    Removing switches.o(.bss.sw_clicked_flag_3), (1 bytes).
    Removing switches.o(.bss.sw_clicked_flag_4), (1 bytes).
    Removing gps.o(.text), (0 bytes).
    Removing gps.o(.ARM.exidx.text.gps_init), (8 bytes).
    Removing gps.o(.text.gps_getBuffer), (12 bytes).
    Removing gps.o(.ARM.exidx.text.gps_getBuffer), (8 bytes).
    Removing gps.o(.ARM.exidx.text.gps_newData), (8 bytes).
    Removing gps.o(.text.strToFloat), (24 bytes).
    Removing gps.o(.ARM.exidx.text.strToFloat), (8 bytes).
    Removing gps.o(.text.strToInt), (22 bytes).
    Removing gps.o(.ARM.exidx.text.strToInt), (8 bytes).
    Removing gps.o(.text.gps_getData), (24 bytes).
    Removing gps.o(.ARM.exidx.text.gps_getData), (8 bytes).
    Removing gps.o(.text.gps_calculateDistance), (296 bytes).
    Removing gps.o(.ARM.exidx.text.gps_calculateDistance), (8 bytes).
    Removing gps.o(.text.deg2rad), (16 bytes).
    Removing gps.o(.ARM.exidx.text.deg2rad), (8 bytes).
    Removing uart2.o(.text), (0 bytes).
    Removing uart2.o(.ARM.exidx.text.uart2_init), (8 bytes).
    Removing uart2.o(.text.uart2_transmit_poll), (36 bytes).
    Removing uart2.o(.ARM.exidx.text.uart2_transmit_poll), (8 bytes).
    Removing uart2.o(.ARM.exidx.text.uart2_receive_poll), (8 bytes).
    Removing startup_mkl25z4.o(HEAP), (0 bytes).
    Removing system_mkl25z4.o(.text), (0 bytes).
    Removing system_mkl25z4.o(.ARM.exidx.text.SystemInit), (8 bytes).
    Removing system_mkl25z4.o(.text.SystemCoreClockUpdate), (268 bytes).
    Removing system_mkl25z4.o(.ARM.exidx.text.SystemCoreClockUpdate), (8 bytes).
    Removing system_mkl25z4.o(.data.SystemCoreClock), (4 bytes).
    Removing fadd.o(.text), (178 bytes).
    Removing fsqrt.o(.text), (88 bytes).
    Removing frnd.o(.text), (62 bytes).
    Removing dadd.o(.text), (356 bytes).
    Removing dfixul.o(.text), (64 bytes).
    Removing cdrcmple.o(.text), (40 bytes).
    Removing fscalb.o(.text), (24 bytes).
    Removing fflti.o(.text), (22 bytes).
    Removing ffltui.o(.text), (14 bytes).

147 unused section(s) (total 5902 bytes) removed from the image.

==============================================================================

Image Symbol Table

    Local Symbols

    Symbol Name                              Value     Ov Type        Size  Object(Section)

    ../clib/../cmprslib/zerorunl.c           0x00000000   Number         0  __dczerorl.o ABSOLUTE
    ../clib/division.s                       0x00000000   Number         0  aeabi_sdivfast.o ABSOLUTE
    ../clib/division.s                       0x00000000   Number         0  aeabi_sdivfast_div0.o ABSOLUTE
    ../clib/longlong.c                       0x00000000   Number         0  llmul.o ABSOLUTE
    ../clib/microlib/ctype/ctype.c           0x00000000   Number         0  ctype_o.o ABSOLUTE
    ../clib/microlib/ctype/ctype.c           0x00000000   Number         0  isalnum_o.o ABSOLUTE
    ../clib/microlib/ctype/ctype.c           0x00000000   Number         0  isalpha_o.o ABSOLUTE
    ../clib/microlib/ctype/ctype.c           0x00000000   Number         0  isblank_o.o ABSOLUTE
    ../clib/microlib/ctype/ctype.c           0x00000000   Number         0  iscntrl_o.o ABSOLUTE
    ../clib/microlib/ctype/ctype.c           0x00000000   Number         0  isdigit_o.o ABSOLUTE
    ../clib/microlib/ctype/ctype.c           0x00000000   Number         0  isgraph_o.o ABSOLUTE
    ../clib/microlib/ctype/ctype.c           0x00000000   Number         0  islower_o.o ABSOLUTE
    ../clib/microlib/ctype/ctype.c           0x00000000   Number         0  isprint_o.o ABSOLUTE
    ../clib/microlib/ctype/ctype.c           0x00000000   Number         0  ispunct_o.o ABSOLUTE
    ../clib/microlib/ctype/ctype.c           0x00000000   Number         0  isspace_o.o ABSOLUTE
    ../clib/microlib/ctype/ctype.c           0x00000000   Number         0  isupper_o.o ABSOLUTE
    ../clib/microlib/ctype/ctype.c           0x00000000   Number         0  isxdigit_o.o ABSOLUTE
    ../clib/microlib/ctype/ctype.c           0x00000000   Number         0  isspace_c.o ABSOLUTE
    ../clib/microlib/ctype/ctype.c           0x00000000   Number         0  ctype_c.o ABSOLUTE
    ../clib/microlib/division.c              0x00000000   Number         0  uidiv.o ABSOLUTE
    ../clib/microlib/division.c              0x00000000   Number         0  idiv.o ABSOLUTE
    ../clib/microlib/division.c              0x00000000   Number         0  uidiv_div0.o ABSOLUTE
    ../clib/microlib/division.c              0x00000000   Number         0  idiv_div0.o ABSOLUTE
    ../clib/microlib/division.c              0x00000000   Number         0  idiv0.o ABSOLUTE
    ../clib/microlib/division.c              0x00000000   Number         0  uldiv.o ABSOLUTE
    ../clib/microlib/errno.c                 0x00000000   Number         0  errno.o ABSOLUTE
    ../clib/microlib/init/entry.s            0x00000000   Number         0  entry.o ABSOLUTE
    ../clib/microlib/init/entry.s            0x00000000   Number         0  entry2.o ABSOLUTE
    ../clib/microlib/init/entry.s            0x00000000   Number         0  entry5.o ABSOLUTE
    ../clib/microlib/init/entry.s            0x00000000   Number         0  entry7a.o ABSOLUTE
    ../clib/microlib/init/entry.s            0x00000000   Number         0  entry7b.o ABSOLUTE
    ../clib/microlib/init/entry.s            0x00000000   Number         0  entry8a.o ABSOLUTE
    ../clib/microlib/init/entry.s            0x00000000   Number         0  entry8b.o ABSOLUTE
    ../clib/microlib/init/entry.s            0x00000000   Number         0  entry9a.o ABSOLUTE
    ../clib/microlib/init/entry.s            0x00000000   Number         0  entry9b.o ABSOLUTE
    ../clib/microlib/init/entry.s            0x00000000   Number         0  entry10a.o ABSOLUTE
    ../clib/microlib/init/entry.s            0x00000000   Number         0  entry10b.o ABSOLUTE
    ../clib/microlib/init/entry.s            0x00000000   Number         0  entry11a.o ABSOLUTE
    ../clib/microlib/init/entry.s            0x00000000   Number         0  entry11b.o ABSOLUTE
    ../clib/microlib/longlong.c              0x00000000   Number         0  llushr.o ABSOLUTE
    ../clib/microlib/longlong.c              0x00000000   Number         0  llshl.o ABSOLUTE
    ../clib/microlib/longlong.c              0x00000000   Number         0  llsshr.o ABSOLUTE
    ../clib/microlib/printf/printf.c         0x00000000   Number         0  printfb.o ABSOLUTE
    ../clib/microlib/printf/printf.c         0x00000000   Number         0  printf0.o ABSOLUTE
    ../clib/microlib/printf/printf.c         0x00000000   Number         0  printf1.o ABSOLUTE
    ../clib/microlib/printf/printf.c         0x00000000   Number         0  printf2.o ABSOLUTE
    ../clib/microlib/printf/printf.c         0x00000000   Number         0  printf3.o ABSOLUTE
    ../clib/microlib/printf/printf.c         0x00000000   Number         0  printf4.o ABSOLUTE
    ../clib/microlib/printf/printf.c         0x00000000   Number         0  printf5.o ABSOLUTE
    ../clib/microlib/printf/printf.c         0x00000000   Number         0  printf6.o ABSOLUTE
    ../clib/microlib/printf/printf.c         0x00000000   Number         0  printf7.o ABSOLUTE
    ../clib/microlib/printf/printf.c         0x00000000   Number         0  printf8.o ABSOLUTE
    ../clib/microlib/printf/printf.c         0x00000000   Number         0  printfa.o ABSOLUTE
    ../clib/microlib/printf/stubs.s          0x00000000   Number         0  printfstubs.o ABSOLUTE
    ../clib/microlib/stdio/fputc.c           0x00000000   Number         0  fputc.o ABSOLUTE
    ../clib/microlib/stdio/fputc.c           0x00000000   Number         0  fputc_h.o ABSOLUTE
    ../clib/microlib/stdio/semi.s            0x00000000   Number         0  semi.o ABSOLUTE
    ../clib/microlib/stdio/streams.c         0x00000000   Number         0  stdout.o ABSOLUTE
    ../clib/microlib/string/memcpy.c         0x00000000   Number         0  memcpya.o ABSOLUTE
    ../clib/microlib/string/memcpy.c         0x00000000   Number         0  memcpyb.o ABSOLUTE
    ../clib/microlib/string/memset.c         0x00000000   Number         0  memseta.o ABSOLUTE
    ../clib/microlib/string/strcmp.c         0x00000000   Number         0  strcmp.o ABSOLUTE
    ../clib/microlib/stubs.s                 0x00000000   Number         0  iusefp.o ABSOLUTE
    ../clib/microlib/stubs.s                 0x00000000   Number         0  iusesemip.o ABSOLUTE
    ../clib/microlib/time/localtime.c        0x00000000   Number         0  localtime_w.o ABSOLUTE
    ../clib/microlib/time/localtime.c        0x00000000   Number         0  localtime_i.o ABSOLUTE
    ../clib/microlib/time/mktime.c           0x00000000   Number         0  mktime.o ABSOLUTE
    ../clib/scanf.c                          0x00000000   Number         0  strtol.o ABSOLUTE
    ../clib/scanf.c                          0x00000000   Number         0  _strtoul.o ABSOLUTE
    ../clib/scanf.c                          0x00000000   Number         0  strtof.o ABSOLUTE
    ../clib/scanf.c                          0x00000000   Number         0  _chval.o ABSOLUTE
    ../clib/scanf.c                          0x00000000   Number         0  strtod.o ABSOLUTE
    ../clib/scanf.c                          0x00000000   Number         0  scanf_fp.o ABSOLUTE
    ../clib/scanf.c                          0x00000000   Number         0  _sgetc.o ABSOLUTE
    ../fplib/microlib/d2f.c                  0x00000000   Number         0  d2f.o ABSOLUTE
    ../fplib/microlib/fpadd.c                0x00000000   Number         0  fadd.o ABSOLUTE
    ../fplib/microlib/fpadd.c                0x00000000   Number         0  dadd.o ABSOLUTE
    ../fplib/microlib/fpdiv.c                0x00000000   Number         0  fdiv.o ABSOLUTE
    ../fplib/microlib/fpdiv.c                0x00000000   Number         0  ddiv.o ABSOLUTE
    ../fplib/microlib/fpepilogue.c           0x00000000   Number         0  fepilogue.o ABSOLUTE
    ../fplib/microlib/fpepilogue.c           0x00000000   Number         0  depilogue.o ABSOLUTE
    ../fplib/microlib/fpfix.c                0x00000000   Number         0  ffixi.o ABSOLUTE
    ../fplib/microlib/fpfix.c                0x00000000   Number         0  dfixui.o ABSOLUTE
    ../fplib/microlib/fpfix.c                0x00000000   Number         0  dfixul.o ABSOLUTE
    ../fplib/microlib/fpflt.c                0x00000000   Number         0  dflti.o ABSOLUTE
    ../fplib/microlib/fpflt.c                0x00000000   Number         0  fflti.o ABSOLUTE
    ../fplib/microlib/fpflt.c                0x00000000   Number         0  ffltui.o ABSOLUTE
    ../fplib/microlib/fpflt.c                0x00000000   Number         0  dfltul.o ABSOLUTE
    ../fplib/microlib/fpmul.c                0x00000000   Number         0  fmul.o ABSOLUTE
    ../fplib/microlib/fpmul.c                0x00000000   Number         0  dmul.o ABSOLUTE
    ../fplib/microlib/fprnd.c                0x00000000   Number         0  frnd.o ABSOLUTE
    ../fplib/microlib/fpscalb.c              0x00000000   Number         0  fscalb.o ABSOLUTE
    ../fplib/microlib/fpsqrt.c               0x00000000   Number         0  fsqrt.o ABSOLUTE
    ../mathlib/atan2f.c                      0x00000000   Number         0  atan2f.o ABSOLUTE
    ../mathlib/cosf.c                        0x00000000   Number         0  cosf.o ABSOLUTE
    ../mathlib/fpclassifyf.c                 0x00000000   Number         0  fpclassifyf.o ABSOLUTE
    ../mathlib/funder.c                      0x00000000   Number         0  funder.o ABSOLUTE
    ../mathlib/rredf.c                       0x00000000   Number         0  rredf.o ABSOLUTE
    ../mathlib/sinf.c                        0x00000000   Number         0  sinf.o ABSOLUTE
    ../mathlib/sqrtf.c                       0x00000000   Number         0  sqrtf.o ABSOLUTE
    ../mathlib/strtof.c                      0x00000000   Number         0  strtof.o ABSOLUTE
    EEPROM.c                                 0x00000000   Number         0  eeprom.o ABSOLUTE
    RTE/Device/MKL25Z128xxx4/startup_MKL25Z4.s 0x00000000   Number         0  startup_mkl25z4.o ABSOLUTE
    bme280.c                                 0x00000000   Number         0  bme280.o ABSOLUTE
    cdrcmple.s                               0x00000000   Number         0  cdrcmple.o ABSOLUTE
    configScreen.c                           0x00000000   Number         0  configscreen.o ABSOLUTE
    dc.s                                     0x00000000   Number         0  dc.o ABSOLUTE
    delay.c                                  0x00000000   Number         0  delay.o ABSOLUTE
    display_i2c1.c                           0x00000000   Number         0  display_i2c1.o ABSOLUTE
    fonts.c                                  0x00000000   Number         0  fonts.o ABSOLUTE
    gps.c                                    0x00000000   Number         0  gps.o ABSOLUTE
    handlers.s                               0x00000000   Number         0  handlers.o ABSOLUTE
    i2c0.c                                   0x00000000   Number         0  i2c0.o ABSOLUTE
    i2c1.c                                   0x00000000   Number         0  i2c1.o ABSOLUTE
    init.s                                   0x00000000   Number         0  init.o ABSOLUTE
    main.c                                   0x00000000   Number         0  main.o ABSOLUTE
    pit.c                                    0x00000000   Number         0  pit.o ABSOLUTE
    queue.c                                  0x00000000   Number         0  queue.o ABSOLUTE
    rg.c                                     0x00000000   Number         0  rg.o ABSOLUTE
    ssd1306.c                                0x00000000   Number         0  ssd1306.o ABSOLUTE
    switches.c                               0x00000000   Number         0  switches.o ABSOLUTE
    system_MKL25Z4.c                         0x00000000   Number         0  system_mkl25z4.o ABSOLUTE
    tpm1.c                                   0x00000000   Number         0  tpm1.o ABSOLUTE
    uart0.c                                  0x00000000   Number         0  uart0.o ABSOLUTE
    uart2.c                                  0x00000000   Number         0  uart2.o ABSOLUTE
    RESET                                    0x00000000   Section      192  startup_mkl25z4.o(RESET)
    .ARM.Collect$$$$00000000                 0x000000c0   Section        0  entry.o(.ARM.Collect$$$$00000000)
    .ARM.Collect$$$$00000001                 0x000000c0   Section        4  entry2.o(.ARM.Collect$$$$00000001)
    .ARM.Collect$$$$00000004                 0x000000c4   Section        4  entry5.o(.ARM.Collect$$$$00000004)
    .ARM.Collect$$$$00000008                 0x000000c8   Section        0  entry7b.o(.ARM.Collect$$$$00000008)
    .ARM.Collect$$$$0000000A                 0x000000c8   Section        0  entry8b.o(.ARM.Collect$$$$0000000A)
    .ARM.Collect$$$$0000000B                 0x000000c8   Section        8  entry9a.o(.ARM.Collect$$$$0000000B)
    __lit__00000000                          0x000000d0   Data           4  entry2.o(.ARM.Collect$$$$00002712)
    .ARM.Collect$$$$0000000D                 0x000000d0   Section        0  entry10a.o(.ARM.Collect$$$$0000000D)
    .ARM.Collect$$$$0000000F                 0x000000d0   Section        0  entry11a.o(.ARM.Collect$$$$0000000F)
    .ARM.Collect$$$$00002712                 0x000000d0   Section        4  entry2.o(.ARM.Collect$$$$00002712)
    .text                                    0x000000d4   Section       40  startup_mkl25z4.o(.text)
    .text                                    0x000000fc   Section        0  mktime.o(.text)
    .text                                    0x00000188   Section        0  memseta.o(.text)
    .text                                    0x000001ac   Section        0  strcmp.o(.text)
    .text                                    0x000001c8   Section        0  strtol.o(.text)
    .text                                    0x00000238   Section        0  fmul.o(.text)
    .text                                    0x000002b2   Section        0  fdiv.o(.text)
    .text                                    0x00000330   Section        0  dmul.o(.text)
    .ARM.__at_0x400                          0x00000400   Section       16  startup_mkl25z4.o(.ARM.__at_0x400)
    .text                                    0x00000410   Section        0  ddiv.o(.text)
    .text                                    0x00000500   Section        0  dflti.o(.text)
    .text                                    0x00000528   Section        0  ffixi.o(.text)
    .text                                    0x0000055c   Section        0  dfixui.o(.text)
    .text                                    0x00000598   Section        0  d2f.o(.text)
    .text                                    0x000005d0   Section        0  uidiv_div0.o(.text)
    .text                                    0x00000610   Section        0  idiv_div0.o(.text)
    .text                                    0x00000660   Section        0  llushr.o(.text)
    .text                                    0x00000684   Section        0  ctype_o.o(.text)
    .text                                    0x0000068c   Section        0  isspace_o.o(.text)
    .text                                    0x000006a0   Section        0  localtime_i.o(.text)
    .text                                    0x00000714   Section        0  _strtoul.o(.text)
    .text                                    0x000007ba   Section        0  strtof.o(.text)
    .text                                    0x000007c6   Section        0  iusefp.o(.text)
    .text                                    0x000007c6   Section        0  fepilogue.o(.text)
    .text                                    0x00000848   Section        0  depilogue.o(.text)
    .text                                    0x00000908   Section       48  init.o(.text)
    .text                                    0x00000938   Section        0  llshl.o(.text)
    .text                                    0x00000958   Section        0  _chval.o(.text)
    _local_sscanf                            0x00000979   Thumb Code    64  strtod.o(.text)
    .text                                    0x00000978   Section        0  strtod.o(.text)
    _fp_value                                0x00000a2d   Thumb Code   286  scanf_fp.o(.text)
    .text                                    0x00000a2c   Section        0  scanf_fp.o(.text)
    .text                                    0x00000da0   Section        0  _sgetc.o(.text)
    .text                                    0x00000de4   Section        0  llmul.o(.text)
    .text                                    0x00000e14   Section        0  dfltul.o(.text)
    .text                                    0x00000e30   Section        0  __dczerorl.o(.text)
    [Anonymous Symbol]                       0x00000e6c   Section        0  eeprom.o(.text.EEPROM_init)
    __arm_cp.1_0                             0x00000ec0   Number         4  eeprom.o(.text.EEPROM_init)
    __arm_cp.1_1                             0x00000ec4   Number         4  eeprom.o(.text.EEPROM_init)
    __arm_cp.1_2                             0x00000ec8   Number         4  eeprom.o(.text.EEPROM_init)
    __arm_cp.1_3                             0x00000ecc   Number         4  eeprom.o(.text.EEPROM_init)
    __arm_cp.1_4                             0x00000ed0   Number         4  eeprom.o(.text.EEPROM_init)
    __arm_cp.1_5                             0x00000ed4   Number         4  eeprom.o(.text.EEPROM_init)
    [Anonymous Symbol]                       0x00000ed8   Section        0  eeprom.o(.text.EEPROM_read_page)
    __arm_cp.3_4                             0x00001270   Number         4  eeprom.o(.text.EEPROM_read_page)
    __arm_cp.3_5                             0x00001274   Number         4  eeprom.o(.text.EEPROM_read_page)
    __arm_cp.3_0                             0x00001500   Number         4  eeprom.o(.text.EEPROM_read_page)
    [Anonymous Symbol]                       0x00001504   Section        0  eeprom.o(.text.EEPROM_write_page)
    __arm_cp.2_5                             0x000018b0   Number         4  eeprom.o(.text.EEPROM_write_page)
    __arm_cp.2_6                             0x000018b4   Number         4  eeprom.o(.text.EEPROM_write_page)
    __arm_cp.2_0                             0x00002268   Number         4  eeprom.o(.text.EEPROM_write_page)
    __arm_cp.2_3                             0x0000226c   Number         4  eeprom.o(.text.EEPROM_write_page)
    [Anonymous Symbol]                       0x00002270   Section        0  pit.o(.text.PIT_IRQHandler)
    __arm_cp.1_1                             0x000022b4   Number         4  pit.o(.text.PIT_IRQHandler)
    __arm_cp.1_2                             0x000022b8   Number         4  pit.o(.text.PIT_IRQHandler)
    [Anonymous Symbol]                       0x000022bc   Section        0  system_mkl25z4.o(.text.SystemInit)
    __arm_cp.0_0                             0x000023c8   Number         4  system_mkl25z4.o(.text.SystemInit)
    __arm_cp.0_1                             0x000023cc   Number         4  system_mkl25z4.o(.text.SystemInit)
    __arm_cp.0_2                             0x000023d0   Number         4  system_mkl25z4.o(.text.SystemInit)
    __arm_cp.0_3                             0x000023d4   Number         4  system_mkl25z4.o(.text.SystemInit)
    __arm_cp.0_4                             0x000023d8   Number         4  system_mkl25z4.o(.text.SystemInit)
    __arm_cp.0_5                             0x000023dc   Number         4  system_mkl25z4.o(.text.SystemInit)
    __arm_cp.0_6                             0x000023e0   Number         4  system_mkl25z4.o(.text.SystemInit)
    __arm_cp.0_7                             0x000023e4   Number         4  system_mkl25z4.o(.text.SystemInit)
    __arm_cp.0_8                             0x000023e8   Number         4  system_mkl25z4.o(.text.SystemInit)
    __arm_cp.0_9                             0x000023ec   Number         4  system_mkl25z4.o(.text.SystemInit)
    __arm_cp.0_10                            0x000023f0   Number         4  system_mkl25z4.o(.text.SystemInit)
    [Anonymous Symbol]                       0x000023f4   Section        0  uart0.o(.text.UART0_IRQHandler)
    __arm_cp.1_0                             0x00002450   Number         4  uart0.o(.text.UART0_IRQHandler)
    __arm_cp.1_1                             0x00002454   Number         4  uart0.o(.text.UART0_IRQHandler)
    __arm_cp.1_2                             0x00002458   Number         4  uart0.o(.text.UART0_IRQHandler)
    __arm_cp.1_3                             0x0000245c   Number         4  uart0.o(.text.UART0_IRQHandler)
    [Anonymous Symbol]                       0x00002460   Section        0  bme280.o(.text.bme280_init)
    [Anonymous Symbol]                       0x00002490   Section        0  bme280.o(.text.configure_bme280)
    __arm_cp.1_0                             0x00002520   Number         4  bme280.o(.text.configure_bme280)
    __arm_cp.1_1                             0x00002524   Number         4  bme280.o(.text.configure_bme280)
    __arm_cp.1_2                             0x00002528   Number         4  bme280.o(.text.configure_bme280)
    __arm_cp.1_3                             0x0000252c   Number         4  bme280.o(.text.configure_bme280)
    __arm_cp.1_4                             0x00002530   Number         4  bme280.o(.text.configure_bme280)
    [Anonymous Symbol]                       0x00002534   Section        0  delay.o(.text.delay_us)
    [Anonymous Symbol]                       0x00002554   Section        0  configscreen.o(.text.displayDistance)
    __arm_cp.2_0                             0x000025f4   Number         4  configscreen.o(.text.displayDistance)
    [Anonymous Symbol]                       0x00002638   Section        0  configscreen.o(.text.displayStart)
    __arm_cp.1_0                             0x00002674   Number         4  configscreen.o(.text.displayStart)
    __arm_cp.1_2                             0x0000268c   Number         4  configscreen.o(.text.displayStart)
    [Anonymous Symbol]                       0x000026a4   Section        0  display_i2c1.o(.text.display_i2c1_init)
    __arm_cp.0_0                             0x000026e8   Number         4  display_i2c1.o(.text.display_i2c1_init)
    __arm_cp.0_1                             0x000026ec   Number         4  display_i2c1.o(.text.display_i2c1_init)
    __arm_cp.0_2                             0x000026f0   Number         4  display_i2c1.o(.text.display_i2c1_init)
    [Anonymous Symbol]                       0x000026f4   Section        0  bme280.o(.text.get_calibration)
    [Anonymous Symbol]                       0x000027b0   Section        0  bme280.o(.text.get_humidity)
    __arm_cp.6_2                             0x00002864   Number         4  bme280.o(.text.get_humidity)
    __arm_cp.6_3                             0x00002868   Number         4  bme280.o(.text.get_humidity)
    __arm_cp.6_4                             0x0000286c   Number         4  bme280.o(.text.get_humidity)
    [Anonymous Symbol]                       0x00002870   Section        0  bme280.o(.text.get_temperature)
    __arm_cp.5_0                             0x000028dc   Number         4  bme280.o(.text.get_temperature)
    __arm_cp.5_1                             0x000028e0   Number         4  bme280.o(.text.get_temperature)
    [Anonymous Symbol]                       0x000028e4   Section        0  gps.o(.text.gps_init)
    __arm_cp.0_0                             0x000028f4   Number         4  gps.o(.text.gps_init)
    [Anonymous Symbol]                       0x000028f8   Section        0  gps.o(.text.gps_newData)
    __arm_cp.2_0                             0x00002b78   Number         4  gps.o(.text.gps_newData)
    __arm_cp.2_1                             0x00002b7c   Number         4  gps.o(.text.gps_newData)
    __arm_cp.2_2                             0x00002b80   Number         4  gps.o(.text.gps_newData)
    __arm_cp.2_3                             0x00002b84   Number         4  gps.o(.text.gps_newData)
    __arm_cp.2_4                             0x00002b88   Number         4  gps.o(.text.gps_newData)
    __arm_cp.2_5                             0x00002b8c   Number         4  gps.o(.text.gps_newData)
    __arm_cp.2_6                             0x00002b90   Number         4  gps.o(.text.gps_newData)
    __arm_cp.2_7                             0x00002b94   Number         4  gps.o(.text.gps_newData)
    __arm_cp.2_8                             0x00002b98   Number         4  gps.o(.text.gps_newData)
    [Anonymous Symbol]                       0x00002b9c   Section        0  i2c1.o(.text.i2c1_init)
    __arm_cp.0_0                             0x00002bdc   Number         4  i2c1.o(.text.i2c1_init)
    __arm_cp.0_1                             0x00002be0   Number         4  i2c1.o(.text.i2c1_init)
    __arm_cp.0_2                             0x00002be4   Number         4  i2c1.o(.text.i2c1_init)
    [Anonymous Symbol]                       0x00002be8   Section        0  i2c1.o(.text.i2c1_read)
    __arm_cp.1_0                             0x00002f34   Number         4  i2c1.o(.text.i2c1_read)
    __arm_cp.1_1                             0x00002f38   Number         4  i2c1.o(.text.i2c1_read)
    [Anonymous Symbol]                       0x00002f3c   Section        0  i2c1.o(.text.i2c1_write)
    __arm_cp.2_0                             0x000031b0   Number         4  i2c1.o(.text.i2c1_write)
    __arm_cp.2_1                             0x000031b4   Number         4  i2c1.o(.text.i2c1_write)
    [Anonymous Symbol]                       0x000031b8   Section        0  display_i2c1.o(.text.i2c1_write_cmd)
    __arm_cp.1_0                             0x000033f4   Number         4  display_i2c1.o(.text.i2c1_write_cmd)
    __arm_cp.1_1                             0x000033f8   Number         4  display_i2c1.o(.text.i2c1_write_cmd)
    [Anonymous Symbol]                       0x000033fc   Section        0  display_i2c1.o(.text.i2c1_write_data)
    __arm_cp.2_0                             0x0000363c   Number         4  display_i2c1.o(.text.i2c1_write_data)
    __arm_cp.2_1                             0x00003640   Number         4  display_i2c1.o(.text.i2c1_write_data)
    [Anonymous Symbol]                       0x00003644   Section        0  main.o(.text.main)
    __arm_cp.0_0                             0x00003770   Number         4  main.o(.text.main)
    __arm_cp.0_8                             0x000037e0   Number         4  main.o(.text.main)
    __arm_cp.0_9                             0x000037e4   Number         4  main.o(.text.main)
    __arm_cp.0_10                            0x000037e8   Number         4  main.o(.text.main)
    __arm_cp.0_11                            0x000037ec   Number         4  main.o(.text.main)
    __arm_cp.0_14                            0x000037fc   Number         4  main.o(.text.main)
    [Anonymous Symbol]                       0x00003800   Section        0  pit.o(.text.pit_init)
    __arm_cp.0_0                             0x00003858   Number         4  pit.o(.text.pit_init)
    __arm_cp.0_1                             0x0000385c   Number         4  pit.o(.text.pit_init)
    __arm_cp.0_2                             0x00003860   Number         4  pit.o(.text.pit_init)
    __arm_cp.0_3                             0x00003864   Number         4  pit.o(.text.pit_init)
    __arm_cp.0_4                             0x00003868   Number         4  pit.o(.text.pit_init)
    __arm_cp.0_5                             0x0000386c   Number         4  pit.o(.text.pit_init)
    __arm_cp.0_6                             0x00003870   Number         4  pit.o(.text.pit_init)
    [Anonymous Symbol]                       0x00003874   Section        0  queue.o(.text.q_dequeue)
    [Anonymous Symbol]                       0x000038b4   Section        0  queue.o(.text.q_enqueue)
    __arm_cp.4_0                             0x000038f4   Number         4  queue.o(.text.q_enqueue)
    [Anonymous Symbol]                       0x000038f8   Section        0  queue.o(.text.q_init)
    [Anonymous Symbol]                       0x00003904   Section        0  rg.o(.text.rg_init)
    __arm_cp.0_0                             0x0000393c   Number         4  rg.o(.text.rg_init)
    __arm_cp.0_1                             0x00003940   Number         4  rg.o(.text.rg_init)
    __arm_cp.0_2                             0x00003944   Number         4  rg.o(.text.rg_init)
    __arm_cp.0_3                             0x00003948   Number         4  rg.o(.text.rg_init)
    [Anonymous Symbol]                       0x0000394c   Section        0  rg.o(.text.rg_onoff)
    __arm_cp.2_0                             0x00003964   Number         4  rg.o(.text.rg_onoff)
    [Anonymous Symbol]                       0x00003968   Section        0  ssd1306.o(.text.ssd1306_clearscreen)
    [Anonymous Symbol]                       0x00003978   Section        0  ssd1306.o(.text.ssd1306_init)
    __arm_cp.0_1                             0x00003994   Number         4  ssd1306.o(.text.ssd1306_init)
    [Anonymous Symbol]                       0x00003998   Section        0  ssd1306.o(.text.ssd1306_putchar)
    __arm_cp.11_0                            0x00003d34   Number         4  ssd1306.o(.text.ssd1306_putchar)
    __arm_cp.11_2                            0x00003d38   Number         4  ssd1306.o(.text.ssd1306_putchar)
    [Anonymous Symbol]                       0x00003d3c   Section        0  ssd1306.o(.text.ssd1306_putstring)
    __arm_cp.12_0                            0x00003db8   Number         4  ssd1306.o(.text.ssd1306_putstring)
    [Anonymous Symbol]                       0x00003dbc   Section        0  ssd1306.o(.text.ssd1306_setfont)
    __arm_cp.4_0                             0x00003dc4   Number         4  ssd1306.o(.text.ssd1306_setfont)
    [Anonymous Symbol]                       0x00003dc8   Section        0  ssd1306.o(.text.ssd1306_setorientation)
    __arm_cp.5_0                             0x00003e1c   Number         4  ssd1306.o(.text.ssd1306_setorientation)
    [Anonymous Symbol]                       0x00003e20   Section        0  ssd1306.o(.text.ssd1306_update)
    __arm_cp.3_0                             0x00003e70   Number         4  ssd1306.o(.text.ssd1306_update)
    __arm_cp.3_1                             0x00003e74   Number         4  ssd1306.o(.text.ssd1306_update)
    __arm_cp.3_2                             0x00003e78   Number         4  ssd1306.o(.text.ssd1306_update)
    [Anonymous Symbol]                       0x00003e7c   Section        0  switches.o(.text.sw_init)
    __arm_cp.0_1                             0x00003eb8   Number         4  switches.o(.text.sw_init)
    __arm_cp.0_2                             0x00003ebc   Number         4  switches.o(.text.sw_init)
    __arm_cp.0_3                             0x00003ec0   Number         4  switches.o(.text.sw_init)
    [Anonymous Symbol]                       0x00003ec4   Section        0  switches.o(.text.sw_pressed)
    __arm_cp.1_0                             0x00003ef0   Number         4  switches.o(.text.sw_pressed)
    __arm_cp.1_1                             0x00003ef4   Number         4  switches.o(.text.sw_pressed)
    [Anonymous Symbol]                       0x00003f14   Section        0  tpm1.o(.text.tpm1_init)
    __arm_cp.0_0                             0x00003f50   Number         4  tpm1.o(.text.tpm1_init)
    __arm_cp.0_1                             0x00003f54   Number         4  tpm1.o(.text.tpm1_init)
    __arm_cp.0_2                             0x00003f58   Number         4  tpm1.o(.text.tpm1_init)
    __arm_cp.0_3                             0x00003f5c   Number         4  tpm1.o(.text.tpm1_init)
    __arm_cp.0_4                             0x00003f60   Number         4  tpm1.o(.text.tpm1_init)
    [Anonymous Symbol]                       0x00003f64   Section        0  uart0.o(.text.uart0_init)
    __arm_cp.0_0                             0x00003fe4   Number         4  uart0.o(.text.uart0_init)
    __arm_cp.0_1                             0x00003fe8   Number         4  uart0.o(.text.uart0_init)
    __arm_cp.0_2                             0x00003fec   Number         4  uart0.o(.text.uart0_init)
    __arm_cp.0_4                             0x00003ff0   Number         4  uart0.o(.text.uart0_init)
    __arm_cp.0_5                             0x00003ff4   Number         4  uart0.o(.text.uart0_init)
    __arm_cp.0_6                             0x00003ff8   Number         4  uart0.o(.text.uart0_init)
    __arm_cp.0_8                             0x00003ffc   Number         4  uart0.o(.text.uart0_init)
    [Anonymous Symbol]                       0x00004000   Section        0  uart0.o(.text.uart0_put_char)
    [Anonymous Symbol]                       0x00004028   Section        0  uart0.o(.text.uart0_send_string)
    __arm_cp.2_0                             0x00004060   Number         4  uart0.o(.text.uart0_send_string)
    __arm_cp.2_1                             0x00004064   Number         4  uart0.o(.text.uart0_send_string)
    [Anonymous Symbol]                       0x00004068   Section        0  uart2.o(.text.uart2_init)
    __arm_cp.0_0                             0x000040a8   Number         4  uart2.o(.text.uart2_init)
    __arm_cp.0_1                             0x000040ac   Number         4  uart2.o(.text.uart2_init)
    __arm_cp.0_2                             0x000040b0   Number         4  uart2.o(.text.uart2_init)
    [Anonymous Symbol]                       0x000040b4   Section        0  uart2.o(.text.uart2_receive_poll)
    __arm_cp.2_0                             0x000040d4   Number         4  uart2.o(.text.uart2_receive_poll)
    i.__0sprintf$1                           0x000040d8   Section        0  printf1.o(i.__0sprintf$1)
    i.__ARM_clz                              0x00004100   Section        0  depilogue.o(i.__ARM_clz)
    i.__aeabi_errno_addr                     0x00004130   Section        0  errno.o(i.__aeabi_errno_addr)
    i.__scatterload_copy                     0x00004138   Section       14  handlers.o(i.__scatterload_copy)
    i.__scatterload_null                     0x00004146   Section        2  handlers.o(i.__scatterload_null)
    i.__scatterload_zeroinit                 0x00004148   Section       14  handlers.o(i.__scatterload_zeroinit)
    i._is_digit                              0x00004156   Section        0  scanf_fp.o(i._is_digit)
    _printf_core                             0x00004165   Thumb Code   332  printf1.o(i._printf_core)
    i._printf_core                           0x00004164   Section        0  printf1.o(i._printf_core)
    _sputc                                   0x000042b5   Thumb Code    10  printf1.o(i._sputc)
    i._sputc                                 0x000042b4   Section        0  printf1.o(i._sputc)
    i.strtof                                 0x000042be   Section        0  strtof.o(i.strtof)
    monlen                                   0x000042d2   Data          12  mktime.o(.constdata)
    .constdata                               0x000042d2   Section       12  mktime.o(.constdata)
    .constdata                               0x000042de   Section      129  ctype_o.o(.constdata)
    table                                    0x00004360   Data           4  ctype_o.o(.constdata)
    .constdata                               0x00004360   Section        4  ctype_o.o(.constdata)
    monlen                                   0x00004364   Data          12  localtime_i.o(.constdata)
    .constdata                               0x00004364   Section       12  localtime_i.o(.constdata)
    RESET_COMMAND                            0x00005f73   Data           1  bme280.o(.rodata.RESET_COMMAND)
    [Anonymous Symbol]                       0x00005f73   Section        0  bme280.o(.rodata.RESET_COMMAND)
    SLEEP_COMMAND                            0x00005f74   Data           1  bme280.o(.rodata.SLEEP_COMMAND)
    [Anonymous Symbol]                       0x00005f74   Section        0  bme280.o(.rodata.SLEEP_COMMAND)
    config_reg                               0x00005f75   Data           1  bme280.o(.rodata.config_reg)
    [Anonymous Symbol]                       0x00005f75   Section        0  bme280.o(.rodata.config_reg)
    ctrl_meas_reg                            0x00005f76   Data           1  bme280.o(.rodata.ctrl_meas_reg)
    [Anonymous Symbol]                       0x00005f76   Section        0  bme280.o(.rodata.ctrl_meas_reg)
    hum_config_reg                           0x00005f77   Data           1  bme280.o(.rodata.hum_config_reg)
    [Anonymous Symbol]                       0x00005f77   Section        0  bme280.o(.rodata.hum_config_reg)
    ssd1306_init_commands                    0x00005f78   Data          29  ssd1306.o(.rodata.ssd1306_init_commands)
    [Anonymous Symbol]                       0x00005f78   Section        0  ssd1306.o(.rodata.ssd1306_init_commands)
    [Anonymous Symbol]                       0x00005f95   Section        0  main.o(.rodata.str1.1)
    _errno                                   0x1ffff000   Data           4  errno.o(.data)
    .data                                    0x1ffff000   Section        4  errno.o(.data)
    gps_newData.messageType                  0x1ffff004   Data           1  gps.o(.data..L_MergedGlobals)
    [Anonymous Symbol]                       0x1ffff004   Section        0  gps.o(.data..L_MergedGlobals)
    MessageTypeStr                           0x1ffff005   Data           8  gps.o(.data..L_MergedGlobals)
    data_write                               0x1ffff00d   Data         511  main.o(.data.data_write)
    [Anonymous Symbol]                       0x1ffff00d   Section        0  main.o(.data.data_write)
    font                                     0x1ffff20c   Data           4  ssd1306.o(.data.font)
    [Anonymous Symbol]                       0x1ffff20c   Section        0  ssd1306.o(.data.font)
    [Anonymous Symbol]                       0x1ffff210   Section        0  pit.o(.bss..L_MergedGlobals)
    PIT_IRQHandler.cnt                       0x1ffff214   Data           4  pit.o(.bss..L_MergedGlobals)
    dig_H1                                   0x1ffff218   Data           1  bme280.o(.bss..L_MergedGlobals)
    [Anonymous Symbol]                       0x1ffff218   Section        0  bme280.o(.bss..L_MergedGlobals)
    dig_H3                                   0x1ffff219   Data           1  bme280.o(.bss..L_MergedGlobals)
    dig_H6                                   0x1ffff21a   Data           1  bme280.o(.bss..L_MergedGlobals)
    dig_T1                                   0x1ffff21c   Data           2  bme280.o(.bss..L_MergedGlobals)
    dig_T2                                   0x1ffff21e   Data           2  bme280.o(.bss..L_MergedGlobals)
    dig_T3                                   0x1ffff220   Data           2  bme280.o(.bss..L_MergedGlobals)
    dig_H2                                   0x1ffff222   Data           2  bme280.o(.bss..L_MergedGlobals)
    dig_H4                                   0x1ffff224   Data           2  bme280.o(.bss..L_MergedGlobals)
    dig_H5                                   0x1ffff226   Data           2  bme280.o(.bss..L_MergedGlobals)
    t_fine                                   0x1ffff228   Data           4  bme280.o(.bss..L_MergedGlobals)
    x                                        0x1ffff22c   Data           1  ssd1306.o(.bss..L_MergedGlobals)
    [Anonymous Symbol]                       0x1ffff22c   Section        0  ssd1306.o(.bss..L_MergedGlobals)
    y                                        0x1ffff22d   Data           1  ssd1306.o(.bss..L_MergedGlobals)
    gps_newData.contentCount                 0x1ffff230   Data           1  gps.o(.bss..L_MergedGlobals.1)
    [Anonymous Symbol]                       0x1ffff230   Section        0  gps.o(.bss..L_MergedGlobals.1)
    gps_newData.index                        0x1ffff234   Data           4  gps.o(.bss..L_MergedGlobals.1)
    gps_newData.tempLoc                      0x1ffff238   Data           4  gps.o(.bss..L_MergedGlobals.1)
    gpsData                                  0x1ffff23c   Data          16  gps.o(.bss..L_MergedGlobals.1)
    gps_newData.date                         0x1ffff24c   Data          44  gps.o(.bss..L_MergedGlobals.1)
    GPS_RxQ                                  0x1ffff278   Data         524  gps.o(.bss.GPS_RxQ)
    [Anonymous Symbol]                       0x1ffff278   Section        0  gps.o(.bss.GPS_RxQ)
    RxQ                                      0x1ffff484   Data         524  uart0.o(.bss.RxQ)
    [Anonymous Symbol]                       0x1ffff484   Section        0  uart0.o(.bss.RxQ)
    TxQ                                      0x1ffff690   Data         524  uart0.o(.bss.TxQ)
    [Anonymous Symbol]                       0x1ffff690   Section        0  uart0.o(.bss.TxQ)
    data_read                                0x1ffff89c   Data         511  main.o(.bss.data_read)
    [Anonymous Symbol]                       0x1ffff89c   Section        0  main.o(.bss.data_read)
    gps_newData.message                      0x1ffffa9b   Data          80  gps.o(.bss.gps_newData.message)
    [Anonymous Symbol]                       0x1ffffa9b   Section        0  gps.o(.bss.gps_newData.message)
    STACK                                    0x1ffffef0   Section     1024  startup_mkl25z4.o(STACK)

    Global Symbols

    Symbol Name                              Value     Ov Type        Size  Object(Section)

    BuildAttributes$$THM_ISAv3M$S$PE$A:L22$X:L11$S22$IEEE1$IW$~IW$USESV6$~STKCKD$USESV7$~SHL$OTIME$ROPI$IEEEX$EBA8$MICROLIB$REQ8$PRES8$EABIv2 0x00000000   Number         0  anon$$obj.o ABSOLUTE
    __Vectors                                0x00000000   Data           4  startup_mkl25z4.o(RESET)
    _printf_a                                0x00000000   Number         0  printfstubs.o ABSOLUTE
    _printf_c                                0x00000000   Number         0  printfstubs.o ABSOLUTE
    _printf_charcount                        0x00000000   Number         0  printfstubs.o ABSOLUTE
    _printf_d                                0x00000000   Number         0  printfstubs.o ABSOLUTE
    _printf_e                                0x00000000   Number         0  printfstubs.o ABSOLUTE
    _printf_f                                0x00000000   Number         0  printfstubs.o ABSOLUTE
    _printf_flags                            0x00000000   Number         0  printfstubs.o ABSOLUTE
    _printf_fp_dec                           0x00000000   Number         0  printfstubs.o ABSOLUTE
    _printf_fp_hex                           0x00000000   Number         0  printfstubs.o ABSOLUTE
    _printf_g                                0x00000000   Number         0  printfstubs.o ABSOLUTE
    _printf_i                                0x00000000   Number         0  printfstubs.o ABSOLUTE
    _printf_int_dec                          0x00000000   Number         0  printfstubs.o ABSOLUTE
    _printf_l                                0x00000000   Number         0  printfstubs.o ABSOLUTE
    _printf_lc                               0x00000000   Number         0  printfstubs.o ABSOLUTE
    _printf_ll                               0x00000000   Number         0  printfstubs.o ABSOLUTE
    _printf_lld                              0x00000000   Number         0  printfstubs.o ABSOLUTE
    _printf_lli                              0x00000000   Number         0  printfstubs.o ABSOLUTE
    _printf_llo                              0x00000000   Number         0  printfstubs.o ABSOLUTE
    _printf_llu                              0x00000000   Number         0  printfstubs.o ABSOLUTE
    _printf_llx                              0x00000000   Number         0  printfstubs.o ABSOLUTE
    _printf_longlong_dec                     0x00000000   Number         0  printfstubs.o ABSOLUTE
    _printf_longlong_hex                     0x00000000   Number         0  printfstubs.o ABSOLUTE
    _printf_longlong_oct                     0x00000000   Number         0  printfstubs.o ABSOLUTE
    _printf_ls                               0x00000000   Number         0  printfstubs.o ABSOLUTE
    _printf_mbtowc                           0x00000000   Number         0  printfstubs.o ABSOLUTE
    _printf_n                                0x00000000   Number         0  printfstubs.o ABSOLUTE
    _printf_o                                0x00000000   Number         0  printfstubs.o ABSOLUTE
    _printf_p                                0x00000000   Number         0  printfstubs.o ABSOLUTE
    _printf_percent                          0x00000000   Number         0  printfstubs.o ABSOLUTE
    _printf_pre_padding                      0x00000000   Number         0  printfstubs.o ABSOLUTE
    _printf_return_value                     0x00000000   Number         0  printfstubs.o ABSOLUTE
    _printf_s                                0x00000000   Number         0  printfstubs.o ABSOLUTE
    _printf_sizespec                         0x00000000   Number         0  printfstubs.o ABSOLUTE
    _printf_str                              0x00000000   Number         0  printfstubs.o ABSOLUTE
    _printf_truncate_signed                  0x00000000   Number         0  printfstubs.o ABSOLUTE
    _printf_truncate_unsigned                0x00000000   Number         0  printfstubs.o ABSOLUTE
    _printf_u                                0x00000000   Number         0  printfstubs.o ABSOLUTE
    _printf_wc                               0x00000000   Number         0  printfstubs.o ABSOLUTE
    _printf_wctomb                           0x00000000   Number         0  printfstubs.o ABSOLUTE
    _printf_widthprec                        0x00000000   Number         0  printfstubs.o ABSOLUTE
    _printf_x                                0x00000000   Number         0  printfstubs.o ABSOLUTE
    __cpp_initialize__aeabi_                  - Undefined Weak Reference
    __cxa_finalize                            - Undefined Weak Reference
    _clock_init                               - Undefined Weak Reference
    _microlib_exit                            - Undefined Weak Reference
    __Vectors_End                            0x000000c0   Data           0  startup_mkl25z4.o(RESET)
    __Vectors_Size                           0x000000c0   Number         0  startup_mkl25z4.o ABSOLUTE
    __main                                   0x000000c1   Thumb Code     0  entry.o(.ARM.Collect$$$$00000000)
    _main_stk                                0x000000c1   Thumb Code     0  entry2.o(.ARM.Collect$$$$00000001)
    _main_scatterload                        0x000000c5   Thumb Code     0  entry5.o(.ARM.Collect$$$$00000004)
    __main_after_scatterload                 0x000000c9   Thumb Code     0  entry5.o(.ARM.Collect$$$$00000004)
    _main_clock                              0x000000c9   Thumb Code     0  entry7b.o(.ARM.Collect$$$$00000008)
    _main_cpp_init                           0x000000c9   Thumb Code     0  entry8b.o(.ARM.Collect$$$$0000000A)
    _main_init                               0x000000c9   Thumb Code     0  entry9a.o(.ARM.Collect$$$$0000000B)
    __rt_final_cpp                           0x000000d1   Thumb Code     0  entry10a.o(.ARM.Collect$$$$0000000D)
    __rt_final_exit                          0x000000d1   Thumb Code     0  entry11a.o(.ARM.Collect$$$$0000000F)
    Reset_Handler                            0x000000d5   Thumb Code    12  startup_mkl25z4.o(.text)
    NMI_Handler                              0x000000e1   Thumb Code     2  startup_mkl25z4.o(.text)
    HardFault_Handler                        0x000000e3   Thumb Code     2  startup_mkl25z4.o(.text)
    SVC_Handler                              0x000000e5   Thumb Code     2  startup_mkl25z4.o(.text)
    PendSV_Handler                           0x000000e7   Thumb Code     2  startup_mkl25z4.o(.text)
    SysTick_Handler                          0x000000e9   Thumb Code     2  startup_mkl25z4.o(.text)
    ADC0_IRQHandler                          0x000000eb   Thumb Code     0  startup_mkl25z4.o(.text)
    CMP0_IRQHandler                          0x000000eb   Thumb Code     0  startup_mkl25z4.o(.text)
    DAC0_IRQHandler                          0x000000eb   Thumb Code     0  startup_mkl25z4.o(.text)
    DMA0_IRQHandler                          0x000000eb   Thumb Code     0  startup_mkl25z4.o(.text)
    DMA1_IRQHandler                          0x000000eb   Thumb Code     0  startup_mkl25z4.o(.text)
    DMA2_IRQHandler                          0x000000eb   Thumb Code     0  startup_mkl25z4.o(.text)
    DMA3_IRQHandler                          0x000000eb   Thumb Code     0  startup_mkl25z4.o(.text)
    DefaultISR                               0x000000eb   Thumb Code     0  startup_mkl25z4.o(.text)
    FTFA_IRQHandler                          0x000000eb   Thumb Code     0  startup_mkl25z4.o(.text)
    I2C0_IRQHandler                          0x000000eb   Thumb Code     0  startup_mkl25z4.o(.text)
    I2C1_IRQHandler                          0x000000eb   Thumb Code     0  startup_mkl25z4.o(.text)
    LLWU_IRQHandler                          0x000000eb   Thumb Code     0  startup_mkl25z4.o(.text)
    LPTMR0_IRQHandler                        0x000000eb   Thumb Code     0  startup_mkl25z4.o(.text)
    LVD_LVW_IRQHandler                       0x000000eb   Thumb Code     0  startup_mkl25z4.o(.text)
    MCG_IRQHandler                           0x000000eb   Thumb Code     0  startup_mkl25z4.o(.text)
    PORTA_IRQHandler                         0x000000eb   Thumb Code     0  startup_mkl25z4.o(.text)
    PORTD_IRQHandler                         0x000000eb   Thumb Code     0  startup_mkl25z4.o(.text)
    RTC_IRQHandler                           0x000000eb   Thumb Code     0  startup_mkl25z4.o(.text)
    RTC_Seconds_IRQHandler                   0x000000eb   Thumb Code     0  startup_mkl25z4.o(.text)
    Reserved20_IRQHandler                    0x000000eb   Thumb Code     0  startup_mkl25z4.o(.text)
    Reserved39_IRQHandler                    0x000000eb   Thumb Code     0  startup_mkl25z4.o(.text)
    Reserved45_IRQHandler                    0x000000eb   Thumb Code     0  startup_mkl25z4.o(.text)
    SPI0_IRQHandler                          0x000000eb   Thumb Code     0  startup_mkl25z4.o(.text)
    SPI1_IRQHandler                          0x000000eb   Thumb Code     0  startup_mkl25z4.o(.text)
    TPM0_IRQHandler                          0x000000eb   Thumb Code     0  startup_mkl25z4.o(.text)
    TPM1_IRQHandler                          0x000000eb   Thumb Code     0  startup_mkl25z4.o(.text)
    TPM2_IRQHandler                          0x000000eb   Thumb Code     0  startup_mkl25z4.o(.text)
    TSI0_IRQHandler                          0x000000eb   Thumb Code     0  startup_mkl25z4.o(.text)
    UART1_IRQHandler                         0x000000eb   Thumb Code     0  startup_mkl25z4.o(.text)
    UART2_IRQHandler                         0x000000eb   Thumb Code     0  startup_mkl25z4.o(.text)
    USB0_IRQHandler                          0x000000eb   Thumb Code     0  startup_mkl25z4.o(.text)
    mktime                                   0x000000fd   Thumb Code   124  mktime.o(.text)
    __aeabi_memset                           0x00000189   Thumb Code    14  memseta.o(.text)
    __aeabi_memset4                          0x00000189   Thumb Code     0  memseta.o(.text)
    __aeabi_memset8                          0x00000189   Thumb Code     0  memseta.o(.text)
    __aeabi_memclr                           0x00000197   Thumb Code     4  memseta.o(.text)
    __aeabi_memclr4                          0x00000197   Thumb Code     0  memseta.o(.text)
    __aeabi_memclr8                          0x00000197   Thumb Code     0  memseta.o(.text)
    _memset$wrapper                          0x0000019b   Thumb Code    18  memseta.o(.text)
    strcmp                                   0x000001ad   Thumb Code    28  strcmp.o(.text)
    strtol                                   0x000001c9   Thumb Code   108  strtol.o(.text)
    __aeabi_fmul                             0x00000239   Thumb Code   122  fmul.o(.text)
    __aeabi_fdiv                             0x000002b3   Thumb Code   124  fdiv.o(.text)
    __aeabi_dmul                             0x00000331   Thumb Code   202  dmul.o(.text)
    __aeabi_ddiv                             0x00000411   Thumb Code   234  ddiv.o(.text)
    __aeabi_i2d                              0x00000501   Thumb Code    34  dflti.o(.text)
    __aeabi_f2iz                             0x00000529   Thumb Code    50  ffixi.o(.text)
    __aeabi_d2uiz                            0x0000055d   Thumb Code    50  dfixui.o(.text)
    __aeabi_d2f                              0x00000599   Thumb Code    56  d2f.o(.text)
    __aeabi_uidiv                            0x000005d1   Thumb Code     0  uidiv_div0.o(.text)
    __aeabi_uidivmod                         0x000005d1   Thumb Code    62  uidiv_div0.o(.text)
    __aeabi_idiv                             0x00000611   Thumb Code     0  idiv_div0.o(.text)
    __aeabi_idivmod                          0x00000611   Thumb Code    74  idiv_div0.o(.text)
    __aeabi_llsr                             0x00000661   Thumb Code    34  llushr.o(.text)
    _ll_ushift_r                             0x00000661   Thumb Code     0  llushr.o(.text)
    __rt_ctype_table                         0x00000685   Thumb Code     4  ctype_o.o(.text)
    isspace                                  0x0000068d   Thumb Code    18  isspace_o.o(.text)
    _localtime                               0x000006a1   Thumb Code   104  localtime_i.o(.text)
    _strtoul                                 0x00000715   Thumb Code   166  _strtoul.o(.text)
    __strtof_int                             0x000007bb   Thumb Code    12  strtof.o(.text)
    __I$use$fp                               0x000007c7   Thumb Code     0  iusefp.o(.text)
    _float_round                             0x000007c7   Thumb Code    16  fepilogue.o(.text)
    _float_epilogue                          0x000007d7   Thumb Code   114  fepilogue.o(.text)
    _double_round                            0x00000849   Thumb Code    26  depilogue.o(.text)
    _double_epilogue                         0x00000863   Thumb Code   164  depilogue.o(.text)
    __scatterload                            0x00000909   Thumb Code    38  init.o(.text)
    __scatterload_rt2                        0x00000909   Thumb Code     0  init.o(.text)
    __aeabi_llsl                             0x00000939   Thumb Code    32  llshl.o(.text)
    _ll_shift_l                              0x00000939   Thumb Code     0  llshl.o(.text)
    _chval                                   0x00000959   Thumb Code    30  _chval.o(.text)
    __strtod_int                             0x000009b9   Thumb Code    98  strtod.o(.text)
    _scanf_real                              0x00000b4b   Thumb Code     0  scanf_fp.o(.text)
    _scanf_really_real                       0x00000b4b   Thumb Code   584  scanf_fp.o(.text)
    _sgetc                                   0x00000da1   Thumb Code    32  _sgetc.o(.text)
    _sbackspace                              0x00000dc1   Thumb Code    36  _sgetc.o(.text)
    __aeabi_lmul                             0x00000de5   Thumb Code    48  llmul.o(.text)
    _ll_mul                                  0x00000de5   Thumb Code     0  llmul.o(.text)
    __aeabi_ul2d                             0x00000e15   Thumb Code    22  dfltul.o(.text)
    __decompress                             0x00000e31   Thumb Code     0  __dczerorl.o(.text)
    __decompress0                            0x00000e31   Thumb Code    58  __dczerorl.o(.text)
    EEPROM_init                              0x00000e6d   Thumb Code    84  eeprom.o(.text.EEPROM_init)
    EEPROM_read_page                         0x00000ed9   Thumb Code  1576  eeprom.o(.text.EEPROM_read_page)
    EEPROM_write_page                        0x00001505   Thumb Code  3428  eeprom.o(.text.EEPROM_write_page)
    PIT_IRQHandler                           0x00002271   Thumb Code    68  pit.o(.text.PIT_IRQHandler)
    SystemInit                               0x000022bd   Thumb Code   268  system_mkl25z4.o(.text.SystemInit)
    UART0_IRQHandler                         0x000023f5   Thumb Code    92  uart0.o(.text.UART0_IRQHandler)
    bme280_init                              0x00002461   Thumb Code    48  bme280.o(.text.bme280_init)
    configure_bme280                         0x00002491   Thumb Code   144  bme280.o(.text.configure_bme280)
    delay_us                                 0x00002535   Thumb Code    32  delay.o(.text.delay_us)
    displayDistance                          0x00002555   Thumb Code   160  configscreen.o(.text.displayDistance)
    displayStart                             0x00002639   Thumb Code    60  configscreen.o(.text.displayStart)
    display_i2c1_init                        0x000026a5   Thumb Code    68  display_i2c1.o(.text.display_i2c1_init)
    get_calibration                          0x000026f5   Thumb Code   188  bme280.o(.text.get_calibration)
    get_humidity                             0x000027b1   Thumb Code   180  bme280.o(.text.get_humidity)
    get_temperature                          0x00002871   Thumb Code   108  bme280.o(.text.get_temperature)
    gps_init                                 0x000028e5   Thumb Code    16  gps.o(.text.gps_init)
    gps_newData                              0x000028f9   Thumb Code   640  gps.o(.text.gps_newData)
    i2c1_init                                0x00002b9d   Thumb Code    64  i2c1.o(.text.i2c1_init)
    i2c1_read                                0x00002be9   Thumb Code   844  i2c1.o(.text.i2c1_read)
    i2c1_write                               0x00002f3d   Thumb Code   628  i2c1.o(.text.i2c1_write)
    i2c1_write_cmd                           0x000031b9   Thumb Code   572  display_i2c1.o(.text.i2c1_write_cmd)
    i2c1_write_data                          0x000033fd   Thumb Code   576  display_i2c1.o(.text.i2c1_write_data)
    main                                     0x00003645   Thumb Code   300  main.o(.text.main)
    pit_init                                 0x00003801   Thumb Code    88  pit.o(.text.pit_init)
    q_dequeue                                0x00003875   Thumb Code    64  queue.o(.text.q_dequeue)
    q_enqueue                                0x000038b5   Thumb Code    64  queue.o(.text.q_enqueue)
    q_init                                   0x000038f9   Thumb Code    12  queue.o(.text.q_init)
    rg_init                                  0x00003905   Thumb Code    56  rg.o(.text.rg_init)
    rg_onoff                                 0x0000394d   Thumb Code    24  rg.o(.text.rg_onoff)
    ssd1306_clearscreen                      0x00003969   Thumb Code    16  ssd1306.o(.text.ssd1306_clearscreen)
    ssd1306_init                             0x00003979   Thumb Code    28  ssd1306.o(.text.ssd1306_init)
    ssd1306_putchar                          0x00003999   Thumb Code   924  ssd1306.o(.text.ssd1306_putchar)
    ssd1306_putstring                        0x00003d3d   Thumb Code   124  ssd1306.o(.text.ssd1306_putstring)
    ssd1306_setfont                          0x00003dbd   Thumb Code     8  ssd1306.o(.text.ssd1306_setfont)
    ssd1306_setorientation                   0x00003dc9   Thumb Code    84  ssd1306.o(.text.ssd1306_setorientation)
    ssd1306_update                           0x00003e21   Thumb Code    80  ssd1306.o(.text.ssd1306_update)
    sw_init                                  0x00003e7d   Thumb Code    60  switches.o(.text.sw_init)
    sw_pressed                               0x00003ec5   Thumb Code    44  switches.o(.text.sw_pressed)
    tpm1_init                                0x00003f15   Thumb Code    60  tpm1.o(.text.tpm1_init)
    uart0_init                               0x00003f65   Thumb Code   128  uart0.o(.text.uart0_init)
    uart0_put_char                           0x00004001   Thumb Code    40  uart0.o(.text.uart0_put_char)
    uart0_send_string                        0x00004029   Thumb Code    56  uart0.o(.text.uart0_send_string)
    uart2_init                               0x00004069   Thumb Code    64  uart2.o(.text.uart2_init)
    uart2_receive_poll                       0x000040b5   Thumb Code    32  uart2.o(.text.uart2_receive_poll)
    __0sprintf$1                             0x000040d9   Thumb Code    36  printf1.o(i.__0sprintf$1)
    __1sprintf$1                             0x000040d9   Thumb Code     0  printf1.o(i.__0sprintf$1)
    __2sprintf                               0x000040d9   Thumb Code     0  printf1.o(i.__0sprintf$1)
    __ARM_clz                                0x00004101   Thumb Code    46  depilogue.o(i.__ARM_clz)
    __aeabi_errno_addr                       0x00004131   Thumb Code     4  errno.o(i.__aeabi_errno_addr)
    __rt_errno_addr                          0x00004131   Thumb Code     0  errno.o(i.__aeabi_errno_addr)
    __scatterload_copy                       0x00004139   Thumb Code    14  handlers.o(i.__scatterload_copy)
    __scatterload_null                       0x00004147   Thumb Code     2  handlers.o(i.__scatterload_null)
    __scatterload_zeroinit                   0x00004149   Thumb Code    14  handlers.o(i.__scatterload_zeroinit)
    _is_digit                                0x00004157   Thumb Code    14  scanf_fp.o(i._is_digit)
    strtof                                   0x000042bf   Thumb Code    20  strtof.o(i.strtof)
    __ctype_table                            0x000042de   Data         129  ctype_o.o(.constdata)
    Dialog_plain_12                          0x00004370   Data        3793  fonts.o(.rodata.Dialog_plain_12)
    Monospaced_plain_10                      0x00005241   Data        3378  fonts.o(.rodata.Monospaced_plain_10)
    Region$$Table$$Base                      0x00005fa0   Number         0  anon$$obj.o(Region$$Table)
    Region$$Table$$Limit                     0x00005fc0   Number         0  anon$$obj.o(Region$$Table)
    toggleLED                                0x1ffff210   Data           1  pit.o(.bss..L_MergedGlobals)
    ssd1306_framebuffer                      0x1ffffaec   Data        1024  ssd1306.o(.bss.ssd1306_framebuffer)
    __initial_sp                             0x200002f0   Data           0  startup_mkl25z4.o(STACK)



==============================================================================

Memory Map of the image

  Image Entry point : 0x000000c1

  Load Region LR_IROM1 (Base: 0x00000000, Size: 0x000061d0, Max: 0x00020000, ABSOLUTE, COMPRESSED[0x00005fe8])

    Execution Region ER_IROM1 (Exec base: 0x00000000, Load base: 0x00000000, Size: 0x00005fc0, Max: 0x00020000, ABSOLUTE)

    Exec Addr    Load Addr    Size         Type   Attr      Idx    E Section Name        Object

    0x00000000   0x00000000   0x000000c0   Data   RO          318    RESET               startup_mkl25z4.o
    0x000000c0   0x000000c0   0x00000000   Code   RO          361  * .ARM.Collect$$$$00000000  mc_p.l(entry.o)
    0x000000c0   0x000000c0   0x00000004   Code   RO          685    .ARM.Collect$$$$00000001  mc_p.l(entry2.o)
    0x000000c4   0x000000c4   0x00000004   Code   RO          688    .ARM.Collect$$$$00000004  mc_p.l(entry5.o)
    0x000000c8   0x000000c8   0x00000000   Code   RO          690    .ARM.Collect$$$$00000008  mc_p.l(entry7b.o)
    0x000000c8   0x000000c8   0x00000000   Code   RO          692    .ARM.Collect$$$$0000000A  mc_p.l(entry8b.o)
    0x000000c8   0x000000c8   0x00000008   Code   RO          693    .ARM.Collect$$$$0000000B  mc_p.l(entry9a.o)
    0x000000d0   0x000000d0   0x00000000   Code   RO          695    .ARM.Collect$$$$0000000D  mc_p.l(entry10a.o)
    0x000000d0   0x000000d0   0x00000000   Code   RO          697    .ARM.Collect$$$$0000000F  mc_p.l(entry11a.o)
    0x000000d0   0x000000d0   0x00000004   Code   RO          686    .ARM.Collect$$$$00002712  mc_p.l(entry2.o)
    0x000000d4   0x000000d4   0x00000028   Code   RO          320    .text               startup_mkl25z4.o
    0x000000fc   0x000000fc   0x0000008c   Code   RO          372    .text               mc_p.l(mktime.o)
    0x00000188   0x00000188   0x00000024   Code   RO          377    .text               mc_p.l(memseta.o)
    0x000001ac   0x000001ac   0x0000001c   Code   RO          379    .text               mc_p.l(strcmp.o)
    0x000001c8   0x000001c8   0x00000070   Code   RO          644    .text               mc_p.l(strtol.o)
    0x00000238   0x00000238   0x0000007a   Code   RO          648    .text               mf_p.l(fmul.o)
    0x000002b2   0x000002b2   0x0000007c   Code   RO          650    .text               mf_p.l(fdiv.o)
    0x0000032e   0x0000032e   0x00000002   PAD
    0x00000330   0x00000330   0x000000d0   Code   RO          652    .text               mf_p.l(dmul.o)
    0x00000400   0x00000400   0x00000010   Code   RO          319    .ARM.__at_0x400     startup_mkl25z4.o
    0x00000410   0x00000410   0x000000f0   Code   RO          654    .text               mf_p.l(ddiv.o)
    0x00000500   0x00000500   0x00000028   Code   RO          656    .text               mf_p.l(dflti.o)
    0x00000528   0x00000528   0x00000032   Code   RO          658    .text               mf_p.l(ffixi.o)
    0x0000055a   0x0000055a   0x00000002   PAD
    0x0000055c   0x0000055c   0x0000003c   Code   RO          660    .text               mf_p.l(dfixui.o)
    0x00000598   0x00000598   0x00000038   Code   RO          662    .text               mf_p.l(d2f.o)
    0x000005d0   0x000005d0   0x0000003e   Code   RO          708    .text               mc_p.l(uidiv_div0.o)
    0x0000060e   0x0000060e   0x00000002   PAD
    0x00000610   0x00000610   0x00000050   Code   RO          710    .text               mc_p.l(idiv_div0.o)
    0x00000660   0x00000660   0x00000022   Code   RO          716    .text               mc_p.l(llushr.o)
    0x00000682   0x00000682   0x00000002   PAD
    0x00000684   0x00000684   0x00000008   Code   RO          718    .text               mc_p.l(ctype_o.o)
    0x0000068c   0x0000068c   0x00000012   Code   RO          740    .text               mc_p.l(isspace_o.o)
    0x0000069e   0x0000069e   0x00000002   PAD
    0x000006a0   0x000006a0   0x00000074   Code   RO          749    .text               mc_p.l(localtime_i.o)
    0x00000714   0x00000714   0x000000a6   Code   RO          759    .text               mc_p.l(_strtoul.o)
    0x000007ba   0x000007ba   0x0000000c   Code   RO          761    .text               mc_p.l(strtof.o)
    0x000007c6   0x000007c6   0x00000000   Code   RO          763    .text               mc_p.l(iusefp.o)
    0x000007c6   0x000007c6   0x00000082   Code   RO          764    .text               mf_p.l(fepilogue.o)
    0x00000848   0x00000848   0x000000be   Code   RO          770    .text               mf_p.l(depilogue.o)
    0x00000906   0x00000906   0x00000002   PAD
    0x00000908   0x00000908   0x00000030   Code   RO          780    .text               mc_p.l(init.o)
    0x00000938   0x00000938   0x00000020   Code   RO          783    .text               mc_p.l(llshl.o)
    0x00000958   0x00000958   0x0000001e   Code   RO          787    .text               mc_p.l(_chval.o)
    0x00000976   0x00000976   0x00000002   PAD
    0x00000978   0x00000978   0x000000b4   Code   RO          789    .text               mc_p.l(strtod.o)
    0x00000a2c   0x00000a2c   0x00000374   Code   RO          800    .text               mc_p.l(scanf_fp.o)
    0x00000da0   0x00000da0   0x00000044   Code   RO          804    .text               mc_p.l(_sgetc.o)
    0x00000de4   0x00000de4   0x00000030   Code   RO          806    .text               mc_p.l(llmul.o)
    0x00000e14   0x00000e14   0x0000001c   Code   RO          811    .text               mf_p.l(dfltul.o)
    0x00000e30   0x00000e30   0x0000003a   Code   RO          821    .text               mc_p.l(__dczerorl.o)
    0x00000e6a   0x00000e6a   0x00000002   PAD
    0x00000e6c   0x00000e6c   0x0000006c   Code   RO           79    .text.EEPROM_init   eeprom.o
    0x00000ed8   0x00000ed8   0x0000062c   Code   RO           83    .text.EEPROM_read_page  eeprom.o
    0x00001504   0x00001504   0x00000d6c   Code   RO           81    .text.EEPROM_write_page  eeprom.o
    0x00002270   0x00002270   0x0000004c   Code   RO            4    .text.PIT_IRQHandler  pit.o
    0x000022bc   0x000022bc   0x00000138   Code   RO          329    .text.SystemInit    system_mkl25z4.o
    0x000023f4   0x000023f4   0x0000006c   Code   RO           57    .text.UART0_IRQHandler  uart0.o
    0x00002460   0x00002460   0x00000030   Code   RO          130    .text.bme280_init   bme280.o
    0x00002490   0x00002490   0x000000a4   Code   RO          132    .text.configure_bme280  bme280.o
    0x00002534   0x00002534   0x00000020   Code   RO           93    .text.delay_us      delay.o
    0x00002554   0x00002554   0x000000e4   Code   RO          176    .text.displayDistance  configscreen.o
    0x00002638   0x00002638   0x0000006c   Code   RO          174    .text.displayStart  configscreen.o
    0x000026a4   0x000026a4   0x00000050   Code   RO          245    .text.display_i2c1_init  display_i2c1.o
    0x000026f4   0x000026f4   0x000000bc   Code   RO          138    .text.get_calibration  bme280.o
    0x000027b0   0x000027b0   0x000000c0   Code   RO          142    .text.get_humidity  bme280.o
    0x00002870   0x00002870   0x00000074   Code   RO          140    .text.get_temperature  bme280.o
    0x000028e4   0x000028e4   0x00000014   Code   RO          275    .text.gps_init      gps.o
    0x000028f8   0x000028f8   0x000002a4   Code   RO          279    .text.gps_newData   gps.o
    0x00002b9c   0x00002b9c   0x0000004c   Code   RO          158    .text.i2c1_init     i2c1.o
    0x00002be8   0x00002be8   0x00000354   Code   RO          160    .text.i2c1_read     i2c1.o
    0x00002f3c   0x00002f3c   0x0000027c   Code   RO          162    .text.i2c1_write    i2c1.o
    0x000031b8   0x000031b8   0x00000244   Code   RO          247    .text.i2c1_write_cmd  display_i2c1.o
    0x000033fc   0x000033fc   0x00000248   Code   RO          249    .text.i2c1_write_data  display_i2c1.o
    0x00003644   0x00003644   0x000001bc   Code   RO           34    .text.main          main.o
    0x00003800   0x00003800   0x00000074   Code   RO            2    .text.pit_init      pit.o
    0x00003874   0x00003874   0x00000040   Code   RO           24    .text.q_dequeue     queue.o
    0x000038b4   0x000038b4   0x00000044   Code   RO           22    .text.q_enqueue     queue.o
    0x000038f8   0x000038f8   0x0000000c   Code   RO           14    .text.q_init        queue.o
    0x00003904   0x00003904   0x00000048   Code   RO          102    .text.rg_init       rg.o
    0x0000394c   0x0000394c   0x0000001c   Code   RO          106    .text.rg_onoff      rg.o
    0x00003968   0x00003968   0x00000010   Code   RO          215    .text.ssd1306_clearscreen  ssd1306.o
    0x00003978   0x00003978   0x00000020   Code   RO          201    .text.ssd1306_init  ssd1306.o
    0x00003998   0x00003998   0x000003a4   Code   RO          223    .text.ssd1306_putchar  ssd1306.o
    0x00003d3c   0x00003d3c   0x00000080   Code   RO          225    .text.ssd1306_putstring  ssd1306.o
    0x00003dbc   0x00003dbc   0x0000000c   Code   RO          209    .text.ssd1306_setfont  ssd1306.o
    0x00003dc8   0x00003dc8   0x00000058   Code   RO          211    .text.ssd1306_setorientation  ssd1306.o
    0x00003e20   0x00003e20   0x0000005c   Code   RO          207    .text.ssd1306_update  ssd1306.o
    0x00003e7c   0x00003e7c   0x00000048   Code   RO          259    .text.sw_init       switches.o
    0x00003ec4   0x00003ec4   0x00000050   Code   RO          261    .text.sw_pressed    switches.o
    0x00003f14   0x00003f14   0x00000050   Code   RO           47    .text.tpm1_init     tpm1.o
    0x00003f64   0x00003f64   0x0000009c   Code   RO           55    .text.uart0_init    uart0.o
    0x00004000   0x00004000   0x00000028   Code   RO           65    .text.uart0_put_char  uart0.o
    0x00004028   0x00004028   0x00000040   Code   RO           59    .text.uart0_send_string  uart0.o
    0x00004068   0x00004068   0x0000004c   Code   RO          303    .text.uart2_init    uart2.o
    0x000040b4   0x000040b4   0x00000024   Code   RO          307    .text.uart2_receive_poll  uart2.o
    0x000040d8   0x000040d8   0x00000028   Code   RO          430    i.__0sprintf$1      mc_p.l(printf1.o)
    0x00004100   0x00004100   0x0000002e   Code   RO          772    i.__ARM_clz         mf_p.l(depilogue.o)
    0x0000412e   0x0000412e   0x00000002   PAD
    0x00004130   0x00004130   0x00000008   Code   RO          752    i.__aeabi_errno_addr  mc_p.l(errno.o)
    0x00004138   0x00004138   0x0000000e   Code   RO          815    i.__scatterload_copy  mc_p.l(handlers.o)
    0x00004146   0x00004146   0x00000002   Code   RO          816    i.__scatterload_null  mc_p.l(handlers.o)
    0x00004148   0x00004148   0x0000000e   Code   RO          817    i.__scatterload_zeroinit  mc_p.l(handlers.o)
    0x00004156   0x00004156   0x0000000e   Code   RO          802    i._is_digit         mc_p.l(scanf_fp.o)
    0x00004164   0x00004164   0x00000150   Code   RO          435    i._printf_core      mc_p.l(printf1.o)
    0x000042b4   0x000042b4   0x0000000a   Code   RO          437    i._sputc            mc_p.l(printf1.o)
    0x000042be   0x000042be   0x00000014   Code   RO          358    i.strtof            m_ps.l(strtof.o)
    0x000042d2   0x000042d2   0x0000000c   Data   RO          373    .constdata          mc_p.l(mktime.o)
    0x000042de   0x000042de   0x00000081   Data   RO          719    .constdata          mc_p.l(ctype_o.o)
    0x0000435f   0x0000435f   0x00000001   PAD
    0x00004360   0x00004360   0x00000004   Data   RO          720    .constdata          mc_p.l(ctype_o.o)
    0x00004364   0x00004364   0x0000000c   Data   RO          750    .constdata          mc_p.l(localtime_i.o)
    0x00004370   0x00004370   0x00000ed1   Data   RO          195    .rodata.Dialog_plain_12  fonts.o
    0x00005241   0x00005241   0x00000d32   Data   RO          194    .rodata.Monospaced_plain_10  fonts.o
    0x00005f73   0x00005f73   0x00000001   Data   RO          144    .rodata.RESET_COMMAND  bme280.o
    0x00005f74   0x00005f74   0x00000001   Data   RO          145    .rodata.SLEEP_COMMAND  bme280.o
    0x00005f75   0x00005f75   0x00000001   Data   RO          147    .rodata.config_reg  bme280.o
    0x00005f76   0x00005f76   0x00000001   Data   RO          148    .rodata.ctrl_meas_reg  bme280.o
    0x00005f77   0x00005f77   0x00000001   Data   RO          146    .rodata.hum_config_reg  bme280.o
    0x00005f78   0x00005f78   0x0000001d   Data   RO          234    .rodata.ssd1306_init_commands  ssd1306.o
    0x00005f95   0x00005f95   0x00000008   Data   RO           37    .rodata.str1.1      main.o
    0x00005f9d   0x00005f9d   0x00000003   PAD
    0x00005fa0   0x00005fa0   0x00000020   Data   RO          814    Region$$Table       anon$$obj.o


    Execution Region RW_IRAM1 (Exec base: 0x1ffff000, Load base: 0x00005fc0, Size: 0x000012f0, Max: 0x00004000, ABSOLUTE, COMPRESSED[0x00000028])

    Exec Addr    Load Addr    Size         Type   Attr      Idx    E Section Name        Object

    0x1ffff000   COMPRESSED   0x00000004   Data   RW          755    .data               mc_p.l(errno.o)
    0x1ffff004   COMPRESSED   0x00000009   Data   RW          293    .data..L_MergedGlobals  gps.o
    0x1ffff00d   COMPRESSED   0x000001ff   Data   RW           38    .data.data_write    main.o
    0x1ffff20c   COMPRESSED   0x00000004   Data   RW          235    .data.font          ssd1306.o
    0x1ffff210        -       0x00000008   Zero   RW            6    .bss..L_MergedGlobals  pit.o
    0x1ffff218        -       0x00000014   Zero   RW          149    .bss..L_MergedGlobals  bme280.o
    0x1ffff22c        -       0x00000002   Zero   RW          236    .bss..L_MergedGlobals  ssd1306.o
    0x1ffff22e   COMPRESSED   0x00000002   PAD
    0x1ffff230        -       0x00000048   Zero   RW          294    .bss..L_MergedGlobals.1  gps.o
    0x1ffff278        -       0x0000020c   Zero   RW          291    .bss.GPS_RxQ        gps.o
    0x1ffff484        -       0x0000020c   Zero   RW           68    .bss.RxQ            uart0.o
    0x1ffff690        -       0x0000020c   Zero   RW           67    .bss.TxQ            uart0.o
    0x1ffff89c        -       0x000001ff   Zero   RW           36    .bss.data_read      main.o
    0x1ffffa9b        -       0x00000050   Zero   RW          292    .bss.gps_newData.message  gps.o
    0x1ffffaeb   COMPRESSED   0x00000001   PAD
    0x1ffffaec        -       0x00000400   Zero   RW          233    .bss.ssd1306_framebuffer  ssd1306.o
    0x1ffffeec   COMPRESSED   0x00000004   PAD
    0x1ffffef0        -       0x00000400   Zero   RW          316    STACK               startup_mkl25z4.o


==============================================================================

Image component sizes


      Code (inc. data)   RO Data    RW Data    ZI Data      Debug   Object Name

       708         40          5          0         20       4839   bme280.o
       336        116          0          0          0       2670   configscreen.o
        32          0          0          0          0        635   delay.o
      1244         28          0          0          0       6337   display_i2c1.o
      5124         64          0          0          0      21395   eeprom.o
         0          0       7171          0          0        481   fonts.o
       696         52          0          9        676       5161   gps.o
      1564         28          0          0          0       7303   i2c1.o
       444        144          8        511        511       1587   main.o
       192         36          0          0          8       3729   pit.o
       144          4          0          0          0       2744   queue.o
       100         20          0          0          0       2500   rg.o
      1300         36         29          4       1026      12285   ssd1306.o
        56         30        192          0       1024        940   startup_mkl25z4.o
       152         48          0          0          0       2406   switches.o
       312         44          0          0          0       3361   system_mkl25z4.o
        80         20          0          0          0       1869   tpm1.o
       368         52          0          0       1048       4858   uart0.o
       112         16          0          0          0       2195   uart2.o

    ----------------------------------------------------------------------
     12964        778       7440        524       4320      87295   Object Totals
         0          0         32          0          0          0   (incl. Generated)
         0          0          3          0          7          0   (incl. Padding)

    ----------------------------------------------------------------------

      Code (inc. data)   RO Data    RW Data    ZI Data      Debug   Library Member Name

        20          0          0          0          0         68   strtof.o
        58          0          0          0          0          0   __dczerorl.o
        30          0          0          0          0         60   _chval.o
        68          0          0          0          0         76   _sgetc.o
       166          0          0          0          0         84   _strtoul.o
         8          4        133          0          0         60   ctype_o.o
         0          0          0          0          0          0   entry.o
         0          0          0          0          0          0   entry10a.o
         0          0          0          0          0          0   entry11a.o
         8          4          0          0          0          0   entry2.o
         4          0          0          0          0          0   entry5.o
         0          0          0          0          0          0   entry7b.o
         0          0          0          0          0          0   entry8b.o
         8          4          0          0          0          0   entry9a.o
         8          4          0          4          0         60   errno.o
        30          0          0          0          0          0   handlers.o
        80          6          0          0          0         72   idiv_div0.o
        48         10          0          0          0         68   init.o
        18          0          0          0          0         68   isspace_o.o
         0          0          0          0          0          0   iusefp.o
        48          0          0          0          0         72   llmul.o
        32          0          0          0          0         68   llshl.o
        34          0          0          0          0         68   llushr.o
       116         12         12          0          0         72   localtime_i.o
        36          0          0          0          0        100   memseta.o
       140         16         12          0          0         72   mktime.o
       386          8          0          0          0        228   printf1.o
       898         14          0          0          0        184   scanf_fp.o
        28          0          0          0          0         68   strcmp.o
       180         18          0          0          0        120   strtod.o
        12          0          0          0          0         68   strtof.o
       112          4          0          0          0         76   strtol.o
        62          0          0          0          0         72   uidiv_div0.o
        56          0          0          0          0         68   d2f.o
       240          6          0          0          0         84   ddiv.o
       236          0          0          0          0        216   depilogue.o
        60         10          0          0          0         68   dfixui.o
        40          6          0          0          0         68   dflti.o
        28          6          0          0          0         68   dfltul.o
       208          6          0          0          0         88   dmul.o
       124          0          0          0          0         72   fdiv.o
       130          0          0          0          0        144   fepilogue.o
        50          0          0          0          0         60   ffixi.o
       122          0          0          0          0         72   fmul.o

    ----------------------------------------------------------------------
      3950        138        158          4          0       2892   Library Totals
        18          0          1          0          0          0   (incl. Padding)

    ----------------------------------------------------------------------

      Code (inc. data)   RO Data    RW Data    ZI Data      Debug   Library Name

        20          0          0          0          0         68   m_ps.l
      2618        104        157          4          0       1816   mc_p.l
      1294         34          0          0          0       1008   mf_p.l

    ----------------------------------------------------------------------
      3950        138        158          4          0       2892   Library Totals

    ----------------------------------------------------------------------

==============================================================================


      Code (inc. data)   RO Data    RW Data    ZI Data      Debug   

     16914        916       7598        528       4320      88595   Grand Totals
     16914        916       7598         40       4320      88595   ELF Image Totals (compressed)
     16914        916       7598         40          0          0   ROM Totals

==============================================================================

    Total RO  Size (Code + RO Data)                24512 (  23.94kB)
    Total RW  Size (RW Data + ZI Data)              4848 (   4.73kB)
    Total ROM Size (Code + RO Data + RW Data)      24552 (  23.98kB)

==============================================================================

